// Vitest Snapshot v1

exports[`comment confusing brace 1`] = `
[
  {
    "authors": [
      "毛泽东",
    ],
    "comment_pivots": [
      {
        "index": 1,
        "offset": 9,
        "part_idx": 3,
      },
      {
        "index": 2,
        "offset": 44,
        "part_idx": 3,
      },
      {
        "index": 3,
        "offset": 5,
        "part_idx": 4,
      },
      {
        "index": 4,
        "offset": 5,
        "part_idx": 5,
      },
      {
        "index": 5,
        "offset": 56,
        "part_idx": 5,
      },
      {
        "index": 6,
        "offset": 5,
        "part_idx": 6,
      },
      {
        "index": 7,
        "offset": 127,
        "part_idx": 7,
      },
      {
        "index": 8,
        "offset": 10,
        "part_idx": 9,
      },
      {
        "index": 9,
        "offset": 48,
        "part_idx": 11,
      },
      {
        "index": 10,
        "offset": 2,
        "part_idx": 13,
      },
      {
        "index": 11,
        "offset": 6,
        "part_idx": 14,
      },
      {
        "index": 12,
        "offset": 427,
        "part_idx": 26,
      },
      {
        "index": 13,
        "offset": 481,
        "part_idx": 26,
      },
      {
        "index": 14,
        "offset": 556,
        "part_idx": 26,
      },
      {
        "index": 15,
        "offset": 270,
        "part_idx": 27,
      },
      {
        "index": 16,
        "offset": 22,
        "part_idx": 28,
      },
      {
        "index": 17,
        "offset": 174,
        "part_idx": 28,
      },
      {
        "index": 18,
        "offset": 185,
        "part_idx": 28,
      },
    ],
    "comments": [
      "张鼎丞，时任最高人民检察院检察长。",
      "邓老，邓子恢，与张鼎丞曾长期在华中、华野共事，相互熟悉。时任全国政协副主席，兼任国家计委副主任，分管银行工作，。",
      "谭启龙，时任中共山东省委第一书记。",
      "张体学，时任湖北省省长。",
      "王任重，原任湖北省委第一书记。",
      "王延春，曾任湖南省委常务书记及第二书记、代理第一书记。",
      "邓小平的自传检讨，一九六八年七八月间，邓小平写了一封检讨书《我的自述》，转给中央及毛主席，全文分为“红七军工作时期”、“在中央苏区的三年多”、“在太行工作时期”、“在北京工作时期”，“在北京工作时期”内容如下：
一九五二年我到北京工作以后，特别是被“八大”选为中央总书记的十年中，我的头脑中，无产阶级的东西越来越少，资产阶级的东西越来越多，由量变到质变，一直发展到推行了一条资产阶级反动路线，变成了党内最大的走资本主义道路当权派之一。
准备党的“八大”时，指定我主持修改党章。在修改的党章中，删去了“七大”党章中以毛泽东思想为党的指导思想的内容，这个重大原则问题虽然不是由我提出的，但我是赞成的。我的这个罪过，对于党和人民，对于社会主义事业，带来了极大的损害。“八大”会上，我代表中央作的关于修改党章的报告中，错误地评价了苏共二十大的作用，错误地提到反对个人崇拜问题。这个报告是几个人集体起草的，这一段也不是由我写的，似乎记得还是参照一论无产阶级专政的历史经验写的，但作为主持起草的我应负不可推卸的主要责任。这是一个丧失原则立场的错误。
在考虑“八大”中央委员人选时，对过去曾有叛变行为，以后又在长期工作中有所表现的人，是否可以当中委的问题，我当时认为，对某些人可以作特殊情况处理，提为中委候选人。随即由安子文等人起草了一个文件，这个文件是完全违反党的组织原则的，是极端错误的，它给一些人混入党的各级领导机关，大开方便之门。我是筹备“八大”的一个重要负责人，我是赞成这个文件的，应负严重的责任。回想日本投降后，我和薄一波违反党的组织原则，介绍叛徒刘岱峰入党，虽然此事在组织上是经过上级批准的，回想起来，也是犯了与上述问题同一性质的政治错误。这直接违反了主席一九四零年十二月在《论政策》这个指示中规定的“对于叛徒，......如能回头革命，还可予以接待，但不准重新入党”这样明确的原则的。
我在担任总书记的十年中，最根本、最严重的罪行，是不突出无产阶级政治，不传播毛泽东思想，长期不认识毛泽东思想在国内和国际革命中的伟大意义。没有认真学习，认真宣传，还讲过在宣传毛泽东思想中不要简单化这类的话。
一九五八年实现人民公社化，我确实高兴，但在我的思想中，从此滋长了阶级斗争减弱的观点，所以在后来的长时期中，我在处理阶级斗争的问题上，总是比较右的，无论在两条路线和两条道路的斗争方面，或者在党内斗争（阶级斗争在党内的反映）方面，都是如此。
一九六一年我参与制定了工业企业管理条例（草案）七十条，这个文件不是强调政治挂帅、即毛泽东思想挂帅的，是包含许多严重错误的东西，我对此要负主要责任。
一九六二年刮单干风的时候，我赞成安徽搞“包产到户”这种破坏社会主义集体经济，其实就是搞单干的罪恶主张，说过“不管黄猫黑猫，抓得住老鼠就是好猫”等极其错误的话。这几年，还存在着高估产、高征购的错误，每年征购任务的确定，我都是参与了的。基本建设项目，有些不该退的也退了。我作为总书记，对这些错误负有更多的责任。
一九六三年开始的社会主义教育运动，有了主席亲自主持制定的前十条，明确地以阶级斗争、两条道路的斗争为纲，规定了一套完整的、正确的理论、方针、政策和方法，完全没有必要再搞一个第二个十条。第二个十条是完全错误的。在杭州搞这个文件的时候，我是参加了的，我完全应该对这个文件的错误，负重大的责任。
我主持书记处工作十年之久，没有系统地总结问题和提出问题，向毛主席报告和请示，这在组织上也是绝不允许的，犯了搞独立王国的错误。一九六五年初，伟大领袖毛主席批评我是一个独立王国，我当时还以自己不是一个擅权的人来宽解，这是极其错误的。近来才认识到，独立王国不可能没有政治和思想内容的，不可能只是工作方法的问题。既是独立王国，就只能是资产阶级司令部的王国。书记处成员前后就有彭真、黄克诚、罗瑞卿、陆定一、杨尚昆等多人出了问题，这是与我长期不突出无产阶级政治，不突出毛泽东思想的错误密切关连的，结果我自己最后也堕落到这个修正主义份子的队伍中了。在书记处里，我过份地信任彭真，许多事情都交给他去处理，对杨尚昆安窃听器，我处理得既不及时，又不认真，对此我应负严重的政治责任。在处理对罗瑞卿斗争的问题上，我同样犯了不能容忍的严重错误。
大量事实表明，在每个重要关节，在两个阶级、两条道路、两条路线的斗争中，我不是站在无产阶级方面，而是站在资产阶级方面；不是站在毛主席的无产阶级革命路线和社会主义道路方面，而是站在资产阶级路线和资本主义道路方面。
文化大革命一开始，我就同刘少奇提出了一条打击革命群众、打击革命左派、扼杀群众运动、扼杀文化大革命的资产阶级反动路线。毛主席《炮打司令部》的大字报出来后，我才开始感到自己问题的严重。接着，革命群众大量揭发了我多年来在各方面的错误和罪行，才使我一步一步地清醒起来。我诚恳地、无保留地接受党和革命群众对我的批判和指责。当我想到自己的错误和罪行给革命带来的损害时，真是愧悔交集，无地自容。我完全拥护把我这样的人作为反面教员，进行持久深入的批判，以肃清我多年来散布的流毒和影响。对于我本人来说，文化大革命也挽救了我，使我不致陷入更加罪恶的深渊。
我入党四十多年，由于资产阶级世界观没有得到改造，结果堕落成为党内最大的走资派。革命群众揭发的大量事实，使我能够重新拿着一面镜子来认识我自己的真正面貌。我完全辜负了党和毛主席长期以来对我的信任和期望。我以沉痛的心情回顾我的过去。我愿在我的余年中，悔过自新，重新做人，努力用毛泽东思想改造我的资产阶级世界观。对我这样的人，怎样处理都不过分。我保证永不翻案，绝不愿做一个死不悔改的走资派。我的最大希望是能够留在党内，请求党在可能的时候分配我一个小小的工作，给我以补过从新的机会。我热烈地欢呼无产阶级文化大革命的伟大胜利。",
      "韩先楚，时任福建省革命委员会主任。一九六八年八月十九日福建省成立革命委员会。",
      "辽宁三大派，当时辽宁分为三派，“辽宁省革命造反派大联合委员会”（简称“辽联”）、“辽宁无产阶级革命派联络站”（简称“辽革站”）、“八三一革命造反总司令部”〔简称“八三一”，后经过联合，于一九六八年五月十日辽宁成功成立革命委员会，主要负责人是陈锡联。",
      "肖克，即萧克，上将，长征中萧克支持张国焘的分裂主张，萧克在二十世纪九十年代，支持创办了反毛非毛反社会主义的极右杂志《炎黄春秋》。",
      "李德生，时任安徽省革命委员会主任，一九六八年四月十八日安徽成立革命委员会。",
      "谭启龙，一九七〇年复出后历任福建省革委会副主任、省委书记，一九七二年四月起历任浙江省委书记（主持工作）、省革委会副主任，浙江省委第一书记、省革委会主任、省军区第一政委。江渭清，一九七四年底复出，中央派江渭清到江西工作，历任江西省委第一书记、省革委会主任、福州军区政委、江西省军区第一政委。",
      "邓华，一九五九年八月，庐山会议上，邓华因彭德怀案被撤销党内外一切职务，一九六零年转业到地方，任四川省副省长，主管农业机械工作。",
      "黄克诚，一九五九年八月，庐山会议上，黄克诚与彭德怀等人被定为“反党集团”成员，被解除军委总参谋长职务，一九六五年，黄克诚任山西省任副省长，分管农业。
谭政，原任中国人民解放军总政治部主任，一九六〇年九、十月间召军委扩大会议通过《中共中央军事委员会扩大会议关于谭政同志错误的决议》，定性为“在总政结成反党宗派集团”，一九六一年一月后，被撤销了中央军委常务委员、中央书记处书记等职务，一九六五年十一月任福建省副省长，一九七五年八月复出任中共中央军委顾问。",
      "杜聿明，著名国民党高级将领，一九四九年一月在淮海战役中被俘，一九五九年被特赦，其女婿为美籍华裔诺贝尔得主杨振宁博士。王耀武，著名国民党高级将领，军事才能突出，在济南战役中被俘，一九五九年被特赦。两人都被粟裕将军所俘。",
      "冯友兰，字芝生，河南唐河人。一九一二年入上海中国公学大学预科班，一九一五年入北京大学文科中国哲学门，一九一九年赴美留学，一九二四年获哥伦比亚大学博士学位。回国后历任中州大学、广东大学、燕京大学教授、清华大学文学院院长兼哲学系主任。抗战期间，任西南联大哲学系教授兼文学院院长。一九四六年赴美任客座教授。一九四八年末至一九四九年初，任清华大学校务会议主席。曾获美国普林斯顿大学、印度德里大学、美国哥伦比亚大学名誉文学博士。一九五二年后一直为北京大学哲学系教授。
在燕京大学任教期间，冯友兰讲授中国哲学史，分别于一九三一年、一九三四年完成《中国哲学史》上、下册，后作为大学教材，为中国哲学史的学科建设做出了重大贡献。
从一九三九年到一九四六年七年冯友兰连续出版了六本书，称为“贞元之际所著书”：《新理学》〔1937〕、《新世训》〔1940〕、《新事论》〔1940〕、《新原人》〔1942〕、《新原道》〔1945〕、《新知言》〔1946〕。通过“贞元六书”，冯友兰创立了新理学思想体系，使他成为中国当时影响最大的哲学家。
二十世纪五六十年代是冯友兰学术思想的转型期。新中国成立后，冯友兰放弃其新理学体系，接受马克思主义，开始以马克思主义为指导研究中国哲学史。著有《中国哲学史新编》第一、二册、《中国哲学史论文集》、《中国哲学史论文二集》、《中国哲学史史料学初稿》、《四十年的回顾》和七卷本的《中国哲学史新编》等书。",
      "范老指范文澜。",
      "郭老指郭沫若。",
    ],
    "dates": [
      {
        "day": 13,
        "month": 10,
        "year": 1968,
      },
      {
        "day": 31,
        "month": 10,
        "year": 1968,
      },
    ],
    "description": "这是毛泽东同志在八届十二中全会上的主要讲话。",
    "is_range_date": false,
    "page_end": 1655,
    "page_start": 1650,
    "parts": [
      {
        "text": "在中共八届扩大的十二中全会上的讲话",
        "type": "title",
      },
      {
        "text": "（一）（一九六八年十月一十三日开幕式上的讲话）",
        "type": "subtitle",
      },
      {
        "text": "会议大概开七天到十天，想一想有些什么问题要提出来。形势问题：一个国内，一个国际。国内要总结上次全会到现在两年多的工作。两年文化大革命，无非是两种意见，一是不错，基本上是正确的；二是也有人说，不见得。十一中全会时我就说过，我在十月工作会议上，也打过招呼：不要认为会议通过了都能执行，在会上举手是一回事，真正闹意见是另外一回事。后来证明还是不理解，有的人出了问题。",
        "type": "paragraph",
      },
      {
        "text": "有一位同志叫张鼎丞也没有发现有叛徒、特务、反革命问题，为什么没有来开会？是什么原因？邓老你是很熟悉的。（周恩来：大连会议他参加了。高岗、饶漱石、徐海东他们四个人，徐海东同高岗抱头痛哭，说中央亏待了他，没有他在陕北打胜仗，中央就站不住脚，这正是公布高岗当副主席的时候，他同高岗联盟有勾搭，值得审查。）",
        "type": "paragraph",
      },
      {
        "text": "山东谭启龙，从小当红军，没有别的问题，就是工作错误。山东不谅解他，现在还不能解决问题。山东要揪他回去斗，我们不让。（周恩来：揪回去了，现在在济南。）山东的同志要作说服工作。",
        "type": "paragraph",
      },
      {
        "text": "湖北张体学，是好同志犯了错误。回湖北检讨得好，群众就谅解了。群众都欢迎他。他还要检讨，群众说不要再检讨了。王任重是内奸，国民党。陶铸也是历史上有问题。",
        "type": "paragraph",
      },
      {
        "text": "湖南王延春，这个人不行了。邓小平还没有发现他历史上有什么问题，就是发现他在七军开小差那回事。（张云逸：他在红七军当政委时，情况紧张了，他藉口到中央去汇报工作，在崇义地方开了小差，叶季壮同志死前也揭发过此事。）",
        "type": "paragraph",
      },
      {
        "text": "主要问题还是到北京后搞独立王国，他不服气，他说他不揽权，实际上他是刘少奇那个司令部里摇鹅毛扇子的。但是有时我还找他说几句话的，他在抗日战争、解放战争，他是打敌人的。又没有查出来他历史上投敌叛变自首这一类问题。这个人一个是错误不小，一个是自己写了个自传检讨，可以给大家看看。他要求不要开除党籍，最好还是找点工作。一说工作，许多同志摇头。很大的工作也很难作了，我说给点室内整理材料之类的工作还可以吧！",
        "type": "paragraph",
      },
      {
        "text": "同志们经验很多。可以设想，无产阶级文化大革命究竟要搞，还是不要搞？成绩是主要的，还是缺点是主要的？文化大革命究竟能不能搞到底？大家议议。比如浙江问题，“红暴”到现在还没有解决好，也是一个工作问题。",
        "type": "paragraph",
      },
      {
        "text": "福建问题很大。韩先楚你那里不是天下大乱吗？（韩先楚：现在形势很好。）看到了。你们的报告很好。工作一做，还不是解决了嘛！问题是可以解决的，怎么不能解决呢？",
        "type": "paragraph",
      },
      {
        "text": "要总结经验。过去南征北战，解放战争好打。秋风扫落叶，一扫三年半扫完了。那时候敌人是比较清楚的。现在搞文化大革命，困难多，仗不好打。文化革命总比过去快一点。过去打了二十二年，从一九二七年到一九四九年，文化革命只打了两年半。",
        "type": "paragraph",
      },
      {
        "text": "问题就是有思想错误同敌我矛盾混合在一起，一下搞不清楚。只好一个省、一个省的解决。比如辽宁省三大派，打了八个月，天下大乱。不是解决了吗？还是能够清楚的。",
        "type": "paragraph",
      },
      {
        "text": "自己要多负担些责任，使下面轻一点。主要是思想问题，人民内部矛盾。内部也夹一些敌人，是少数，是做好工作的问题。",
        "type": "paragraph",
      },
      {
        "text": "肖克还是打过仗的，国庆节上了天安门，这次没有去，他是什么问题？我也不清楚（周恩来：他有段历史不清楚。他在潮安县一个村庄打了一仗，向敌人交了枪，还成立了一个党。这次被造反派查出来了。）",
        "type": "paragraph",
      },
      {
        "text": "哪个是李德生？你们安徽的事件办得不错，你们整芜湖整的不错嘛！",
        "type": "paragraph",
      },
      {
        "text": "（李德生：是主席批的“七·三”布告起了作用，是舆论造得好。）",
        "type": "paragraph",
      },
      {
        "text": "就是要造舆论。好像一个发明，搞了几十年，不懂得造舆论。搞了几十年，就是造舆论嘛。不然哪里能搞起八路军、新四军？没有群众，哪有无产阶级专政？没有群众，没有军队，谁收你这个党？",
        "type": "paragraph",
      },
      {
        "text": "十一中全会讲，我们要文斗，不要武斗，结果他们就要武斗，不要文斗。一个学校两派斗，各有武器，一个工厂两派斗，两个中心，一个部也是两派斗。",
        "type": "paragraph",
      },
      {
        "text": "基本群众还是工农兵，兵也是工农。然后才是知识分子。对知识分子的大多数要争取、团结、教育。知识分子的缺点是容易动摇，主要是没有和工农兵结合。",
        "type": "paragraph",
      },
      {
        "text": "不能一讲就是臭知识分子，但是臭一点也可以。知识分子不可不要，也不可把尾巴翘到天上去了。",
        "type": "paragraph",
      },
      {
        "text": "大学两年不办。叫他们统统毕业，下去同工农兵去混。两年不办，天塌不下来。以后重新搞，从农村、工厂中工作好的中学生选来上学。",
        "type": "paragraph",
      },
      {
        "text": "军事院校，谁知道办了一百一十个，“幺幺幺”。其中确实有“妖”。只怪我们自己，办那么多干什么呀？又没人管，叶剑英你不是管吗？搞四清不行，还是统统开进工人，开进解放军去。",
        "type": "paragraph",
      },
      {
        "text": "这场无产阶级文化大革命究竟能不能搞到底？我们讲要搞到底，什么到底呢？这是一个问题。估计三年差不多，到明年夏季差不多了。到底就是包括大批判、清理阶级队伍、整党、精兵简政、改革不合理的规章制度。",
        "type": "paragraph",
      },
      {
        "text": "工厂不整你们看，不搞文化大革命怎么得了？比如北京一个木材厂，有那么千把人，是两个资本家合起来的。有的厂三朝元老，有的四朝元老。还有新华印刷厂，北洋军阀时期它给印票子，日本来了给日本人印报纸传单。国民党接管的，共产党来了也吃得开，它都吃得开，有一部分三开、四开干部，其中有的是隐藏的反革命。我们的人也不得力，思想状态、精神状况也不好。隐藏的反革命不清理一下，工厂究竟是谁的呀？",
        "type": "paragraph",
      },
      {
        "text": "按说农村要好一些，也有问题。没有搞好的公社、大队，要好好抓一下。靠人民解放军、省地县革命委员会。有一个省组织了一百万人的宣传队，解放军只有几万，百分之九十是贫下中农，就是广东。江西也不错。江西是个中等省，两千二百万人，有的地方人太多，省级机关就七千人，至少要减六千人，减到哪里去？还不是中国境内？一个工厂，一个农村，还是下放农村为主，工厂不能容纳好些人。",
        "type": "paragraph",
      },
      {
        "text": "（二）（一九六八年十月三十一日闭幕式上的讲话）",
        "type": "subtitle",
      },
      {
        "text": "这次会议我看开得可以，开得很好嘛。是否有些同志对“二月逆流”这件事不了解，经过十八天比以前了解了。过去高级干部也不清楚，我们没有透风。过去各省来解决问题，也没有工夫来讲这些事情。在这次会上有犯错误的同志说明问题，同志们质问他答复。质问再答复，比较清楚了。这件事要说小嘛也不算小，要说大嘛，依我看也不是十分了不起，是一种自然现象。他们有意见嘛，总是要讲嘛。几个人在一起，都是政治局委员、副总理、军委副主席，讲一讲也是允许的。党的生活也是允许的，是公开讲的。两个大闹就是公开讲的嘛。有些细节，过去我也不太清楚。细节如来往多少次，有过什么交往，不要过分注意这些，不要把党内生活引到细微末节。不注意大问题就不好了。这不是一件小事，你说天就塌下来？！地球就不转了？！照样转，还能不转吗？！我倒是佩服邓老，一直顶住。要是我，就不理，结果你还是搞出一篇自我批评。他早就有自我批评了，比如北戴河会议的时候就有自我批评了，有些老同志将来是否可以要工作，打倒的谭启龙、江渭清，过几年以后，大家气消了，也可以做点工作嘛。不作主要工作，还有其他一些人，身强力壮，将来总得给点事做吧！邓华来了吧？（邓站起来）好久不见了。在四川几年没有人说他不好，不晓得红卫兵又把他关起来了，你这个人跟彭德怀犯了错误，改正错误就好了。在北京的有黄克诚、谭政。犯错误的人，允许人家改正错误，要给他时间，直至多少年。因为群众还要看他的表现嘛。",
        "type": "paragraph",
      },
      {
        "text": "现在正搞大批判，清理阶级队伍。这件事一是要抓紧，二是要注意政策。不是要稳、准、狠嘛？稳，有右的，稳就不稳了。狠就可以搞得很“左”，就搞过了火。重点就是“准”字。否则，不准，稳也稳不了，狠也狠不起来。要调查研究，要注重证据，不要搞挂黑牌子、喷气式，不要打人。我在一九二七年写了湖南一篇文章，对土豪劣绅，戴高帽子，游乡，其实几十年都不搞了。红卫兵就按那个办法逐步升级，挂黑牌子，搞喷气式，还有各种各样的。对特务、汉奸、死不悔改的走资派，要调查研究，注重证据，不要重口供，不要打人、戴高帽子、搞喷气式那一套。这样结果并不好。在北京有杜聿明、王耀武嘛。过去对敌人俘虏也不搞这一套。",
        "type": "paragraph",
      },
      {
        "text": "有些死不悔改的人，你整他，他也不悔改。冯友兰你不叫他搞唯心主义一套，我看也难。还有一个翦伯赞，北大教授，历史学家，资产阶级历史权威嘛。你不要他搞帝王将相也难。对这些人不要搞不尊重他人格的办法。如薪水每月只给二十四元，最多的给四十元，不要扣得太苦了。这些人用处不多了。还有吴晗，可能还有某些用处。要问唯心主义，要问帝王将相，还得问一问他们。在坐的范老，也是搞帝王将相，郭老也算一个吧。那时没有别的书看嘛，都是二十四史之类的。要反帝王将相，还要知道什么是帝王将相。不然人家问你答不出来。我可不是劝你们在坐的人去搞帝王将相。你们还是按总理讲的，按那几个文件去搞。我也不赞成青年学生去搞。少数人去搞。比如范老，你不搞，帝王将相不就绝种了？不是要再出帝王将相，而是历史要人去研究。",
        "type": "paragraph",
      },
      {
        "text": "清理阶级队伍，对这些人你们要注意，有好的，中间的，极右的三种。我说的对右的，应当如何对待他们。世界上总有左中右。没有右，你左从哪里来呀？没有那么绝。统统是左派，我不赞成。哪有的事？那样纯也不见得。我们的党通过这场文化大革命，我看比较纯了。从来没有这样搞过。但太纯了也不太好。比如九大代表，二月逆流的同志不参加就是缺点。所以我们还是推荐各地把他们选作代表。陈毅同志说他没有资格，我看你有资格，代表左中右的那个右派嘛。你对九大代表三个条件中的第二条不那么符合，可以协商嘛。有少数人参加有好处。",
        "type": "paragraph",
      },
      {
        "text": "现在情况同两年前十一中全会时不同了，很大的不同了。运动还没有完，就是九大开过了，运动也不见得马上就完。因为这涉及到每个工厂、每个学校、机关。",
        "type": "paragraph",
      },
      {
        "text": "（三）（引自八届扩大的十二中全会公报）",
        "type": "subtitle",
      },
      {
        "text": "这次无产阶级文化大革命，对于巩固无产阶级专政，防止资本主义复辟，建设社会主义，是完全必要的，是非常及时的。",
        "type": "paragraph",
      },
    ],
    "title": "在中共八届扩大的十二中全会上的讲话",
  },
]
`;

exports[`comment pivot 1`] = `
[
  {
    "authors": [
      "毛泽东",
    ],
    "comment_pivots": [
      {
        "index": 2,
        "offset": 27,
        "part_idx": 2,
      },
    ],
    "comments": [
      "一九六七年一月五日，刘少奇给毛泽东写信说：“北京建筑工业学院井冈山红卫兵总部来信，要我在一月七日四时以前到该院作公开检查。另有该院‘八一团红卫兵’来信，也要我到该院作检查。我是否到该院去作检查？请主席批示！”
毛泽东阅信后，写了这个批语。",
      "国务院总理周恩来一九六七年一月七日凌晨接见北京建筑工业学院学生代表，制止了他们要求刘少奇到该院作检查的行动。",
    ],
    "dates": [
      {
        "day": 6,
        "month": 1,
        "year": 1967,
      },
    ],
    "description": "这是毛泽东同志在刘少奇信〔1〕上的批语",
    "is_range_date": false,
    "page_end": 1574,
    "page_start": 1574,
    "parts": [
      {
        "text": "对刘少奇到学校做公开检查的批示",
        "type": "title",
      },
      {
        "text": "总理：",
        "type": "paragraph",
      },
      {
        "text": "此件请你酌处。我看还是不宜去讲。请你向学生方面做些工作。",
        "type": "paragraph",
      },
    ],
    "title": "对刘少奇到学校做公开检查的批示",
  },
]
`;

exports[`comments pivot 1`] = `
[
  {
    "authors": [
      "毛泽东",
    ],
    "comment_pivots": [
      {
        "index": 1,
        "offset": 160,
        "part_idx": 3,
      },
      {
        "index": 2,
        "offset": 200,
        "part_idx": 4,
      },
      {
        "index": 3,
        "offset": 215,
        "part_idx": 4,
      },
      {
        "index": 4,
        "offset": 306,
        "part_idx": 4,
      },
      {
        "index": 5,
        "offset": 405,
        "part_idx": 4,
      },
      {
        "index": 6,
        "offset": 447,
        "part_idx": 4,
      },
      {
        "index": 7,
        "offset": 10,
        "part_idx": 5,
      },
      {
        "index": 8,
        "offset": 192,
        "part_idx": 5,
      },
      {
        "index": 9,
        "offset": 953,
        "part_idx": 5,
      },
      {
        "index": 10,
        "offset": 30,
        "part_idx": 6,
      },
      {
        "index": 11,
        "offset": 51,
        "part_idx": 6,
      },
      {
        "index": 12,
        "offset": 166,
        "part_idx": 7,
      },
      {
        "index": 13,
        "offset": 171,
        "part_idx": 7,
      },
      {
        "index": 14,
        "offset": 181,
        "part_idx": 7,
      },
      {
        "index": 15,
        "offset": 186,
        "part_idx": 7,
      },
      {
        "index": 16,
        "offset": 203,
        "part_idx": 7,
      },
      {
        "index": 17,
        "offset": 119,
        "part_idx": 8,
      },
    ],
    "comments": [
      "国家主义派指中国青年党，当时以其外围组织“中国国家主义青年团”的名义公开进行活动。组织这个政团的是一些反动政客，他们投靠帝国主义和当权的反动派，把反对中国共产党和苏联当作职业。",
      "戴季陶（一八九一——一九四九），又名传贤，原籍浙江湖州，生于四川广汉。早年参加中国同盟会，从事过反对清政府和袁世凯的活动。后曾和蒋介石在上海共同经营交易所的投机事业。一九二五年随着孙中山的逝世和革命高潮的到来，他歪曲孙中山学说的革命内容，散布反对国共合作、反对工农革命运动的谬论，为后来蒋介石的反共活动作了准备。一九二七年南京国民政府成立后，历任国民政府委员、考试院院长等职。一九四九年二月，蒋介石的统治即将崩溃，戴季陶感到绝望而自杀。",
      "北京《晨报》，初名《晨钟报》，一九一六年八月创刊于北京，一九一八年十二月改名为《晨报》，一九二八年六月停刊。",
      "一九二二年和一九二三年间，孙中山在共产党人的帮助下，决定改组国民党，实行国共合作，容纳共产党人参加国民党，并于一九二四年一月在广州召开国民党第一次全国代表大会，实行联俄、联共、扶助农工的三大政策。李大钊、谭平山、毛泽东、林伯渠、瞿秋白等共产党人参加了这次大会。他们曾经被选为国民党中央执行委员会的委员或候补委员，担任过国民党的许多领导工作，对于帮助国民党走上革命的道路，起了重大的作用。",
      "第三国际即共产国际，一九一九年三月在列宁领导下成立。一九二二年中国共产党参加共产国际，成为它的一个支部。一九四三年五月，共产国际执行委员会主席团通过决定，提议解散共产国际，同年六月共产国际正式宣布解散。",
      "国际联盟简称国联，一九二○年一月正式成立。先后参加的有六十多个国家。国际联盟标榜以“促进国际合作，维持国际和平与安全”为目的，实际上日益成为帝国主义国家推行侵略政策的工具。第二次世界大战爆发后无形瓦解，一九四六年四月正式宣布解散。",
      "这里是指中农。",
      "赵公元帅是中国民间传说的财神，叫赵公明。",
      "指一九二五年五月三十日爆发的反帝爱国运动。一九二五年五月间，上海、青岛的日本纱厂先后发生工人罢工的斗争，遭到日本帝国主义和北洋军阀的镇压。上海内外棉第七厂日本资本家在五月十五日枪杀了工人顾正红，并伤工人十余人。二十九日青岛工人被反动政府屠杀八人。五月三十日，上海二千余学生分头在公共租界各马路进行宣传讲演，一百余名遭巡捕（租界内的警察）逮捕，被拘押在南京路老闸巡捕房内，引起了学生和市民的极大愤慨，有近万人聚集在巡捕房门口，要求释放被捕学生。英帝国主义的巡捕向群众开枪，打死打伤许多人。这就是震惊中外的五卅惨案。六月，英日等帝国主义在上海和其他地方继续进行屠杀。这些屠杀事件激起了全国人民的公愤。广大的工人、学生和部分工商业者，在许多城市和县镇举行游行示威和罢工、罢课、罢市，形成了全国规模的反帝爱国运动高潮。",
      "这里是指自己有一部分土地，同时租种一部分土地，或出卖一部分劳动力，或兼营小商的贫农。",
      "店员有不同的阶层，他们一般不占有生产资料，生活来源的全部或者主要部分是依靠向店主出卖劳动力所取得的工资。毛泽东在这里所指的是店员中的一部分，还有一部分下层店员过着无产阶级的生活。",
      "指一九二二年香港和上海的海员罢工。香港海员罢工爆发于一月十二日，坚持了八个星期。最后，香港英帝国主义当局被迫答应增加工资，恢复原工会，释放被捕工人，抚恤在罢工中死难烈士的家属。上海海员罢工于八月五日开始，坚持了三个星期，也得到胜利。",
      "指一九二二年和一九二三年中国共产党领导的各主要铁路线的工人罢工。在罢工过程中，工人群众的觉悟迅速提高，要求改善生活的经济斗争迅速发展为反对军阀的政治斗争。一九二三年二月四日，京汉铁路工人为争取组织总工会的自由，举行总罢工。其他许多铁路的工人也纷纷响应。二月七日，英帝国主义支持的北洋军阀吴佩孚、萧耀南等，残酷地屠杀京汉铁路的工人，造成了二七惨案。",
      "开滦煤矿是直隶省（今河北省）开平、滦县一带煤矿的总称，当时为英帝国主义者所控制。开滦罢工指一九二二年十月、十一月间矿工三万余人举行的大罢工。英帝国主义者和北洋军阀对这次罢工进行残酷的镇压，工人死伤很多，但是仍然坚持斗争。最后，英帝国主义者不得不答应给工人增加一部分工资。焦作煤矿，在河南省北部，当时也为英帝国主义者所控制。焦作罢工指一九二五年七月爆发的罢工。这次罢工是为响应五卅运动而发动的，前后坚持七个多月。最后，英帝国主义者不得不承认工会有代表工人的权利，并且被迫接受增加工资、不无故开除工人和补偿工人因罢工所受的损失等项条件。",
      "沙面当时是英法帝国主义在广州的租界。一九二四年七月，统治沙面的帝国主义者颁布新警律，规定沙面的中国人出入租界必须携带贴有本人相片的执照，在租界内行动必须受各种苛刻的限制，但是外国人却可以自由出入活动。沙面工人于七月十五日宣告罢工，抗议这些无理措施。这次沙面罢工迫使英法帝国主义者取消了新警律。",
      "指一九二五年六月一日开始的上海大罢工和六月十九日开始的香港大罢工。这两处罢工是当时全国反帝爱国运动的支柱。前者有二十多万工人参加，坚持了三四个月；后者有二十五万工人参加，坚持了一年零四个月，是截至当时为止的世界工人运动史中时间最长的一次罢工。",
      "三合会、哥老会、大刀会、在理会、青帮是旧中国的一些民间秘密团体，参加者主要的是破产农民、失业手工业工人和流氓无产者。这类团体大都用宗教迷信为团聚成员的工具，采取家长制的组织形式，有的还拥有武装。参加这类团体的人，在社会生活中有互相援助的义务，有时还共同反抗压迫他们的地主、官僚和外国侵略者。但是，农民和手工业工人不可能依靠这类团体得到出路。同时，由于这类团体带有严重的封建性和盲目的破坏性，它们又往往容易被反动统治阶级和帝国主义势力所操纵和利用。随着工人阶级力量的壮大和中国共产党的成立，农民和手工业工人在共产党的领导之下逐步地建立了完全新式的群众组织，这类落后的团体就失掉了它们的存在价值。",
    ],
    "dates": [
      {
        "day": 1,
        "month": 12,
        "year": 1925,
      },
    ],
    "description": "毛泽东此文是为反对当时党内存在着的两种倾向而写的。当时党内的第一种倾向，以陈独秀为代表，只注意同国民党合作，忘记了农民，这是右倾机会主义。第二种倾向，以张国焘为代表，只注意工人运动，同样忘记了农民，这是“左”倾机会主义。这两种机会主义都感觉自己力量不足，而不知道到何处去寻找力量，到何处去取得广大的同盟军。毛泽东指出中国无产阶级的最广大和最忠实的同盟军是农民，这样就解决了中国革命中的最主要的同盟军问题。毛泽东并且预见到当时的民族资产阶级是一个动摇的阶级，他们在革命高涨时将要分化，其右翼将要跑到帝国主义方面去。一九二七年所发生的事变，证明了这一点。",
    "is_range_date": false,
    "page_end": 24,
    "page_start": 20,
    "parts": [
      {
        "text": "中国社会各阶级的分析",
        "type": "title",
      },
      {
        "text": "谁是我们的敌人？谁是我们的朋友？这个问题是革命的首要问题。中国过去一切革命斗争成效甚少，其基本原因就是因为不能团结真正的朋友，以攻击真正的敌人。革命党是群众的向导，在革命中未有革命党领错了路而革命不失败的。我们的革命要有不领错路和一定成功的把握，不可不注意团结我们的真正的朋友，以攻击我们的真正的敌人。我们要分辨真正的敌友，不可不将中国社会各阶级的经济地位及其对于革命的态度，作一个大概的分析。",
        "type": "paragraph",
      },
      {
        "text": "中国社会各阶级的情况是怎样的呢？",
        "type": "paragraph",
      },
      {
        "text": "地主阶级和买办阶级。在经济落后的半殖民地的中国，地主阶级和买办阶级完全是国际资产阶级的附庸，其生存和发展，是附属于帝国主义的。这些阶级代表中国最落后的和最反动的生产关系，阻碍中国生产力的发展。他们和中国革命的目的完全不相容。特别是大地主阶级和大买办阶级，他们始终站在帝国主义一边，是极端的反革命派。其政治代表是国家主义派和国民党右派。",
        "type": "paragraph",
      },
      {
        "text": "中产阶级。这个阶级代表中国城乡资本主义的生产关系。中产阶级主要是指民族资产阶级，他们对于中国革命具有矛盾的态度：他们在受外资打击、军阀压迫感觉痛苦时，需要革命，赞成反帝国主义反军阀的革命运动；但是当着革命在国内有本国无产阶级的勇猛参加，在国外有国际无产阶级的积极援助，对于其欲达到大资产阶级地位的阶级的发展感觉到威胁时，他们又怀疑革命。其政治主张为实现民族资产阶级一阶级统治的国家。有一个自称为戴季陶“真实信徒”的，在北京《晨报》上发表议论说：“举起你的左手打倒帝国主义，举起你的右手打倒共产党。”这两句话，画出了这个阶级的矛盾惶遽状态。他们反对以阶级斗争学说解释国民党的民生主义，他们反对国民党联俄和容纳共产党及左派分子。但是这个阶级的企图——实现民族资产阶级统治的国家，是完全行不通的，因为现在世界上的局面，是革命和反革命两大势力作最后斗争的局面。这两大势力竖起了两面大旗：一面是红色的革命的大旗，第三国际高举着，号召全世界一切被压迫阶级集合于其旗帜之下；一面是白色的反革命的大旗，国际联盟高举着，号召全世界一切反革命分子集合于其旗帜之下。那些中间阶级，必定很快地分化，或者向左跑入革命派，或者向右跑入反革命派，没有他们“独立”的余地。所以，中国的中产阶级，以其本阶级为主体的“独立”革命思想，仅仅是一个幻想。",
        "type": "paragraph",
      },
      {
        "text": "小资产阶级。如自耕农，手工业主，小知识阶层——学生界、中小学教员、小员司、小事务员、小律师，小商人等都属于这一类。这一个阶级，在人数上，在阶级性上，都值得大大注意。自耕农和手工业主所经营的，都是小生产的经济。这个小资产阶级内的各阶层虽然同处在小资产阶级经济地位，但有三个不同的部分。第一部分是有余钱剩米的，即用其体力或脑力劳动所得，除自给外，每年有余剩。这种人发财观念极重，对赵公元帅礼拜最勤，虽不妄想发大财，却总想爬上中产阶级地位。他们看见那些受人尊敬的小财东，往往垂着一尺长的涎水。这种人胆子小，他们怕官，也有点怕革命。因为他们的经济地位和中产阶级颇接近，故对于中产阶级的宣传颇相信，对于革命取怀疑的态度。这一部分人在小资产阶级中占少数，是小资产阶级的右翼。第二部分是在经济上大体上可以自给的。这一部分人比较第一部分人大不相同，他们也想发财，但是赵公元帅总不让他们发财，而且因为近年以来帝国主义、军阀、封建地主、买办大资产阶级的压迫和剥削，他们感觉现在的世界已经不是从前的世界。他们觉得现在如果只使用和从前相等的劳动，就会不能维持生活。必须增加劳动时间，每天起早散晚，对于职业加倍注意，方能维持生活。他们有点骂人了，骂洋人叫“洋鬼子”，骂军阀叫“抢钱司令”，骂土豪劣绅叫“为富不仁”。对于反帝国主义反军阀的运动，仅怀疑其未必成功（理由是：洋人和军阀的来头那么大），不肯贸然参加，取了中立的态度，但是绝不反对革命。这一部分人数甚多，大概占小资产阶级的一半。第三部分是生活下降的。这一部分人好些大概原先是所谓殷实人家，渐渐变得仅仅可以保住，渐渐变得生活下降了。他们每逢年终结账一次，就吃惊一次，说：“咳，又亏了！”这种人因为他们过去过着好日子，后来逐年下降，负债渐多，渐次过着凄凉的日子，“瞻念前途，不寒而栗”。这种人在精神上感觉的痛苦很大，因为他们有一个从前和现在相反的比较。这种人在革命运动中颇要紧，是一个数量不小的群众，是小资产阶级的左翼。以上所说小资产阶级的三部分，对于革命的态度，在平时各不相同；但到战时，即到革命潮流高涨、可以看得见胜利的曙光时，不但小资产阶级的左派参加革命，中派亦可参加革命，即右派分子受了无产阶级和小资产阶级左派的革命大潮所裹挟，也只得附和着革命。我们从一九二五年的五卅运动和各地农民运动的经验看来，这个断定是不错的。",
        "type": "paragraph",
      },
      {
        "text": "半无产阶级。此处所谓半无产阶级，包含：（一）绝大部分半自耕农，（二）贫农，（三）小手工业者，（四）店员，（五）小贩等五种。绝大部分半自耕农和贫农是农村中一个数量极大的群众。所谓农民问题，主要就是他们的问题。半自耕农、贫农和小手工业者所经营的，都是更细小的小生产的经济。绝大部分半自耕农和贫农虽同属半无产阶级，但其经济状况仍有上、中、下三个细别。半自耕农，其生活苦于自耕农，因其食粮每年大约有一半不够，须租别人田地，或者出卖一部分劳动力，或经营小商，以资弥补。春夏之间，青黄不接，高利向别人借债，重价向别人籴粮，较之自耕农的无求于人，自然景遇要苦，但是优于贫农。因为贫农无土地，每年耕种只得收获之一半或不足一半；半自耕农则租于别人的部分虽只收获一半或不足一半，然自有的部分却可全得。故半自耕农的革命性优于自耕农而不及贫农。贫农是农村中的佃农，受地主的剥削。其经济地位又分两部分。一部分贫农有比较充足的农具和相当数量的资金。此种农民，每年劳动结果，自己可得一半。不足部分，可以种杂粮、捞鱼虾、饲鸡豕，或出卖一部分劳动力，勉强维持生活，于艰难竭蹶之中，存聊以卒岁之想。故其生活苦于半自耕农，然较另一部分贫农为优。其革命性，则优于半自耕农而不及另一部分贫农。所谓另一部分贫农，则既无充足的农具，又无资金，肥料不足，土地歉收，送租之外，所得无几，更需要出卖一部分劳动力。荒时暴月，向亲友乞哀告怜，借得几斗几升，敷衍三日五日，债务丛集，如牛负重。他们是农民中极艰苦者，极易接受革命的宣传。小手工业者所以称为半无产阶级，是因为他们虽然自有简单的生产手段，且系一种自由职业，但他们也常常被迫出卖一部分劳动力，其经济地位略与农村中的贫农相当。因其家庭负担之重，工资和生活费用之不相称，时有贫困的压迫和失业的恐慌，和贫农亦大致相同。店员是商店的雇员，以微薄的薪资，供家庭的费用，物价年年增长，薪给往往须数年一增，偶与此辈倾谈，便见叫苦不迭。其地位和贫农及小手工业者不相上下，对于革命宣传极易接受。小贩不论肩挑叫卖，或街畔摊售，总之本小利微，吃着不够。其地位和贫农不相上下，其需要一个变更现状的革命，也和贫农相同。",
        "type": "paragraph",
      },
      {
        "text": "无产阶级。现代工业无产阶级约二百万人。中国因经济落后，故现代工业无产阶级人数不多。二百万左右的产业工人中，主要为铁路、矿山、海运、纺织、造船五种产业的工人，而其中很大一个数量是在外资产业的奴役下。工业无产阶级人数虽不多，却是中国新的生产力的代表者，是近代中国最进步的阶级，做了革命运动的领导力量。我们看四年以来的罢工运动，如海员罢工、铁路罢工、开滦和焦作煤矿罢工、沙面罢工以及“五卅”后上海香港两处的大罢工所表现的力量，就可知工业无产阶级在中国革命中所处地位的重要。他们所以能如此，第一个原因是集中。无论哪种人都不如他们的集中。第二个原因是经济地位低下。他们失了生产手段，剩下两手，绝了发财的望，又受着帝国主义、军阀、资产阶级的极残酷的待遇，所以他们特别能战斗。都市苦力工人的力量也很可注意。以码头搬运夫和人力车夫占多数，粪夫清道夫等亦属于这一类。他们除双手外，别无长物，其经济地位和产业工人相似，惟不及产业工人的集中和在生产上的重要。中国尚少新式的资本主义的农业。所谓农村无产阶级，是指长工、月工、零工等雇农而言。此等雇农不仅无土地，无农具，又无丝毫资金，只得营工度日。其劳动时间之长，工资之少，待遇之薄，职业之不安定，超过其他工人。此种人在乡村中是最感困难者，在农民运动中和贫农处于同一紧要的地位。",
        "type": "paragraph",
      },
      {
        "text": "此外，还有数量不小的游民无产者，为失了土地的农民和失了工作机会的手工业工人。他们是人类生活中最不安定者。他们在各地都有秘密组织，如闽粤的“三合会”，湘鄂黔蜀的“哥老会”，皖豫鲁等省的“大刀会”，直隶及东三省的“在理会”，上海等处的“青帮”，都曾经是他们的政治和经济斗争的互助团体。处置这一批人，是中国的困难的问题之一。这一批人很能勇敢奋斗，但有破坏性，如引导得法，可以变成一种革命力量。",
        "type": "paragraph",
      },
      {
        "text": "综上所述，可知一切勾结帝国主义的军阀、官僚、买办阶级、大地主阶级以及附属于他们的一部分反动知识界，是我们的敌人。工业无产阶级是我们革命的领导力量。一切半无产阶级、小资产阶级，是我们最接近的朋友。那动摇不定的中产阶级，其右翼可能是我们的敌人，其左翼可能是我们的朋友——但我们要时常提防他们，不要让他们扰乱了我们的阵线。",
        "type": "paragraph",
      },
    ],
    "title": "中国社会各阶级的分析",
  },
]
`;

exports[`fix 愚公移山 1`] = `
[
  {
    "authors": [
      "毛泽东",
    ],
    "comment_pivots": [
      {
        "index": 1,
        "offset": 161,
        "part_idx": 1,
      },
      {
        "index": 2,
        "offset": 414,
        "part_idx": 3,
      },
      {
        "index": 3,
        "offset": 234,
        "part_idx": 4,
      },
      {
        "index": 4,
        "offset": 215,
        "part_idx": 5,
      },
    ],
    "comments": [
      "指在中国共产党第七次全国代表大会上，毛泽东所作的政治报告、朱德所作的军事报告和刘少奇所作的关于修改党章的报告。",
      "愚公移山的故事，见《列子·汤问》。原文是：“太行、王屋二山，方七百里，高万仞。本在冀州之南，河阳之北。北山愚公者，年且九十，面山而居。惩山北之塞，出入之迂也，聚室而谋曰：吾与汝毕力平险，指通豫南，达于汉阴，可乎？杂然相许。其妻献疑曰：以君之力，曾不能损魁父之丘，如太行王屋何？且焉置土石？杂曰：投诸渤海之尾，隐土之北。遂率子孙荷担者三夫，叩石垦壤，箕畚运于渤海之尾。邻人京城氏之孀妻，有遗男，始龀，跳往助之。寒暑易节，始一反焉。河曲智叟，笑而止之，曰：甚矣，汝之不惠。以残年余力，曾不能毁山之一毛，其如土石何？北山愚公长息曰：汝心之固，固不可彻，曾不若孀妻弱子。虽我之死，有子存焉；子又生孙，孙又生子；子又有子，子又有孙。子子孙孙，无穷匮也，而山不加增，何苦而不平？河曲智叟亡以应。操蛇之神闻之，惧其不已也，告之于帝。帝感其诚，命夸蛾氏二子负二山，一厝朔东，一厝雍南。自此，冀之南，汉之阴，无陇断焉。”",
      "赫尔利（一八八三——一九六三），美国共和党人。他在一九四四年十一月底被任命为美国驻中国大使，因支持蒋介石的反共政策而受到中国人民的坚决反对，于一九四五年十一月被迫宣布离职。一九四五年四月二日他在华盛顿国务院记者招待会上的谈话中，公开宣言不同中国共产党合作。参见本卷《赫尔利和蒋介石的双簧已经破产》和《评赫尔利政策的危险》。",
      "参见斯大林《论列宁主义基础》第一部分《列宁主义的历史根源》（《斯大林选集》上卷，人民出版社1979年版，第186—187页）。",
    ],
    "dates": [
      {
        "day": 11,
        "month": 6,
        "year": 1945,
      },
    ],
    "description": "",
    "is_range_date": false,
    "page_end": 638,
    "page_start": 637,
    "parts": [
      {
        "text": "愚公移山",
        "type": "title",
      },
      {
        "text": "我们开了一个很好的大会。我们做了三件事：第一，决定了党的路线，这就是放手发动群众，壮大人民力量，在我党的领导下，打败日本侵略者，解放全国人民，建立一个新民主主义的中国。第二，通过了新的党章。第三，选举了党的领导机关——中央委员会。今后的任务就是领导全党实现党的路线。我们开了一个胜利的大会，一个团结的大会。代表们对三个报告发表了很好的意见。许多同志作了自我批评，从团结的目标出发，经过自我批评，达到了团结。这次大会是团结的模范，是自我批评的模范，又是党内民主的模范。",
        "type": "paragraph",
      },
      {
        "text": "大会闭幕以后，很多同志将要回到自己的工作岗位上去，将要分赴各个战场。同志们到各地去，要宣传大会的路线，并经过全党同志向人民作广泛的解释。",
        "type": "paragraph",
      },
      {
        "text": "我们宣传大会的路线，就是要使全党和全国人民建立起一个信心，即革命一定要胜利。首先要使先锋队觉悟，下定决心，不怕牺牲，排除万难，去争取胜利。但这还不够，还必须使全国广大人民群众觉悟，甘心情愿和我们一起奋斗，去争取胜利。要使全国人民有这样的信心：中国是中国人民的，不是反动派的。中国古代有个寓言，叫做“愚公移山”。说的是古代有一位老人，住在华北，名叫北山愚公。他的家门南面有两座大山挡住他家的出路，一座叫做太行山，一座叫做王屋山。愚公下决心率领他的儿子们要用锄头挖去这两座大山。有个老头子名叫智叟的看了发笑，说是你们这样干未免太愚蠢了，你们父子数人要挖掉这样两座大山是完全不可能的。愚公回答说：我死了以后有我的儿子，儿子死了，又有孙子，子子孙孙是没有穷尽的。这两座山虽然很高，却是不会再增高了，挖一点就会少一点，为什么挖不平呢？愚公批驳了智叟的错误思想，毫不动摇，每天挖山不止。这件事感动了上帝，他就派了两个神仙下凡，把两座山背走了。现在也有两座压在中国人民头上的大山，一座叫做帝国主义，一座叫做封建主义。中国共产党早就下了决心，要挖掉这两座山。我们一定要坚持下去，一定要不断地工作，我们也会感动上帝的。这个上帝不是别人，就是全中国的人民大众。全国人民大众一齐起来和我们一道挖这两座山，有什么挖不平呢？",
        "type": "paragraph",
      },
      {
        "text": "昨天有两个美国人要回美国去，我对他们讲了，美国政府要破坏我们，这是不允许的。我们反对美国政府扶蒋反共的政策。但是我们第一要把美国人民和他们的政府相区别，第二要把美国政府中决定政策的人们和下面的普通工作人员相区别。我对这两个美国人说：告诉你们美国政府中决定政策的人们，我们解放区禁止你们到那里去，因为你们的政策是扶蒋反共，我们不放心。假如你们是为了打日本，要到解放区是可以去的，但要订一个条约。倘若你们偷偷摸摸到处乱跑，那是不许可的。赫尔利已经公开宣言不同中国共产党合作，既然如此，为什么还要到我们解放区去乱跑呢？",
        "type": "paragraph",
      },
      {
        "text": "美国政府的扶蒋反共政策，说明了美国反动派的猖狂。但是一切中外反动派的阻止中国人民胜利的企图，都是注定要失败的。现在的世界潮流，民主是主流，反民主的反动只是一股逆流。目前反动的逆流企图压倒民族独立和人民民主的主流，但反动的逆流终究不会变为主流。现在依然如斯大林很早就说过的一样，旧世界有三个大矛盾：第一个是帝国主义国家中的无产阶级和资产阶级的矛盾，第二个是帝国主义国家之间的矛盾，第三个是殖民地半殖民地国家和帝国主义宗主国之间的矛盾。这三种矛盾不但依然存在，而且发展得更尖锐了，更扩大了。由于这些矛盾的存在和发展，所以虽有反苏反共反民主的逆流存在，但是这种反动逆流总有一天会要被克服下去。",
        "type": "paragraph",
      },
      {
        "text": "现在中国正在开着两个大会，一个是国民党的第六次代表大会，一个是共产党的第七次代表大会。两个大会有完全不同的目的：一个要消灭共产党和中国民主势力，把中国引向黑暗；一个要打倒日本帝国主义和它的走狗中国封建势力，建设一个新民主主义的中国，把中国引向光明。这两条路线在互相斗争着。我们坚决相信，中国人民将要在中国共产党领导之下，在中国共产党第七次大会的路线的领导之下，得到完全的胜利，而国民党的反革命路线必然要失败。",
        "type": "paragraph",
      },
    ],
    "title": "愚公移山",
  },
]
`;

exports[`multiline comment 1`] = `
[
  {
    "authors": [
      "毛泽东",
    ],
    "comment_pivots": [
      {
        "index": 1,
        "offset": 23,
        "part_idx": 1,
      },
      {
        "index": 2,
        "offset": 57,
        "part_idx": 1,
      },
      {
        "index": 3,
        "offset": 192,
        "part_idx": 1,
      },
      {
        "index": 4,
        "offset": 206,
        "part_idx": 1,
      },
    ],
    "comments": [
      "全国第一张马列主义大字报和人民日报评论员的评论，一九六六年六月二十五日，北京大学聂元梓等七人贴出反对北大党委的大字报《宋硕、陆平、彭佩云在文化大革命中究竟干了些什么》。经毛泽东的同意，该大字报于一九六六年六月一日在全国广播，六月二日《人民日报》全文刊登，并加了评论员的评论《欢呼北大的一张大字报》，全文如下：
聂元梓等同志的大字报，揭穿了“三家村”黑帮分子的一个大阴谋！
“三家村”黑店的掌柜邓拓被揭露出来了，但是这个反党集团并不甘心自己的失败。他们仍然负隅顽抗，用“三家村”反党集团分子宋硕的话来说，叫作“加强领导，坚守岗位”。
他们“坚守”的是什么“岗位”？他们“坚守”的是他们多年来一直盘踞的堡垒。他们加强的是什么“领导”？就是指挥他们的伙计作垂死挣扎、力图保持他们反党反社会主义的阵地。
宋硕的“加强领导”，“坚守岗位”，这是一个信号。它反映了在这场摧枯拉朽的无产阶级文化大革命中，一切牛鬼蛇神们的动态。他们是一步不让的，寸土必争的，不斗不倒的。
“三家村”黑帮是诡计多端的。在前一个时候，他们采取“牺牲车马，保存主帅”的战术。现在“主帅”垮台了，他们就采取能保存多少车马就保存多少车马的手法。他们妄图保存实力，待机而动。
为陆平、彭珮云等人多年把持的北京大学，是“三家村”黑帮的一个重要据点，是他们反党反社会主义的顽固堡垒。已经到了五月十四日，陆平还传达北京市委大学部副部长宋硕的所谓紧急指示，并手忙脚乱地进行部署，欺骗、蒙蔽和压制广大青年学生和革命干部、革命教师，不许他们响应毛主席和党中央的号召起来革命，彭珮云是一个神秘人物，上窜下跳，拉线搭桥。在这个事件中，她转入地下活动，来往于北京大学历史系住地十三陵和宋硕、陆平之间，出谋划策，秘密指挥。
这一切，都说明“三家村”黑店的分号，“三家村”黑帮的“车马”们，还是有指挥、有组织、有计划地进行顽抗。
陆平以北京大学“党委书记”的身份，以“组织”的名义，对起来革命的学生和干部，进行威吓，说什么不听从他们这一撮人的指挥就是违犯纪律，就是反党。这是“三家村”黑帮反党分子们惯用的伎俩。请问陆平，你们所说的党是什么党？你们的组织是什么组织？你们的纪律是什么纪律？
事实使我们不能不做出这样的回答，你们的“党”不是真共产党，而是假共产党、是修正主义的“党”。你们的“组织”就是反党集团。你们的纪律就是对无产阶级革命派实行残酷无情的打击。
陆平们这一套是骗不了人的。
对于无产阶级革命派来说，我们遵守的是中国共产党的纪律，我们无条件接受的，是以毛主席为首的党中央的领导。
毛泽东思想，是我们各项工作的最高指示。毛主席关于社会主义社会阶级和阶级斗争的学说，关于在意识形态领域中兴无灭资的无产阶级文化大革命的指示，是我们必须坚决遵循的。凡是反对毛主席，反对毛泽东思想，反对毛主席和党中央的指示的，不论他们打着什么旗号，不管他们有多高的职位、多老的资格，他们实际上是代表被打倒了的剥削阶级的利益，全国人民都会起来反对他们，把他们打倒，把他们的黑帮、黑组织、黑纪律彻底摧毁。
人类历史上空前未有的无产阶级文化大革命的浪潮，汹涌澎湃，妄图阻挡这个潮流的小丑们，他们是难逃灭顶之灾的。
工农兵和无产阶级的文化战士，在党中央和毛主席的领导下，以排山倒海之势，正在一个一个地夺取反革命的文化阵地，摧毁反革命的文化堡垒。那些什么“三家村”、“四家村”，不过是纸老虎。他们的“将帅”保不住，他们的“车马”也同样是保不住的。
北京大学的无产阶级革命派，一定能够更高地举起毛泽东思想的伟大红旗，一定能够更加有力地团结群众进行战斗。
一时还看不清楚的人们，一定会迅速地提高自己的觉悟，参加到战斗的行列中来。北京大学广大师生的反对资产阶级代表人物的革命斗争，一定能够胜利。一个欣欣向荣的真正的社会主义的新北大，一定会很快地出现在人民的首都。",
      "五十多天，资产阶级专政，一九六六年六月三日，中共中央在刘少奇、邓小平主持下，决定向北京的大学和中学派出工作组，领导各单位的“文化大革命”。刘少奇制订了《中央八条》，包括“内外有别”等政策，限制和镇压学生的自发运动，在全国各地发生了如西安交大六·六事件、清华大学六·七事件、广西六·八事件、北京地院六·二〇事件、北师大六·二〇事件、林院《谈话纪要》事件等学生与工作组对抗、工作组将学生打成反革命的现象。一九六六年七月二十四日毛泽东返回北京后召集中央常委和中央文革小组开会，批评了刘少奇、邓小平，做出了撤销工作组的决定。此后，六六年六月初到七月底被称为“五十多天的资产阶级反动路线”。",
      "一九六二年的右倾，一九六二年在“七千人大会”上和一系列政策制订中，刘少奇等执行了经济、文化方面的“调整、恢复、宽松”等右倾路线。如主张放弃人民公社的集体农业，而实行分田单干的个体经济。",
      "一九六四年的形“左”而实右，指一九六四年刘少奇制订的四清《后十条》提出“四清四不清的矛盾”、整肃农村基层干部的形“左”实右的路线。",
    ],
    "dates": [
      {
        "day": 5,
        "month": 8,
        "year": 1966,
      },
    ],
    "description": "这是毛泽东同志写于八届十一中全会期间的一张大字报并作为全会文件印发。",
    "is_range_date": false,
    "page_end": 1555,
    "page_start": 1554,
    "parts": [
      {
        "text": "炮打司令部——我的一张大字报",
        "type": "title",
      },
      {
        "text": "全国第一张马列主义大字报和人民日报评论员的评论，写得何等好啊！请同志们重读这一篇大字报和这篇评论。可是在五十多天里，从中央到地方的某些领导同志，却反其道而行之，站在反动的资产阶级立场，实行资产阶级专政，将无产阶级轰轰烈烈的文化大革命运动打下去，颠倒是非，混淆黑白，围剿革命派，压制不同意见，实行白色恐怖，自以为得意，长资产阶级的威风，灭无产阶级的志气，又何其毒也！联系一九六二年的右倾和一九六四年的形“左”而实右的错误倾向，岂不是可以发人深醒的吗？",
        "type": "paragraph",
      },
    ],
    "title": "炮打司令部——我的一张大字报",
  },
]
`;

exports[`subtitle 1`] = `
[
  {
    "authors": [
      "毛泽东",
    ],
    "comment_pivots": [
      {
        "index": 1,
        "offset": 35,
        "part_idx": 51,
      },
      {
        "index": 2,
        "offset": 39,
        "part_idx": 51,
      },
      {
        "index": 3,
        "offset": 43,
        "part_idx": 51,
      },
      {
        "index": 4,
        "offset": 46,
        "part_idx": 51,
      },
      {
        "index": 5,
        "offset": 49,
        "part_idx": 51,
      },
      {
        "index": 6,
        "offset": 52,
        "part_idx": 51,
      },
      {
        "index": 7,
        "offset": 281,
        "part_idx": 52,
      },
      {
        "index": 8,
        "offset": 358,
        "part_idx": 72,
      },
      {
        "index": 9,
        "offset": 181,
        "part_idx": 81,
      },
    ],
    "comments": [
      "长白山是中国东北边境的山脉。一九三一年九一八事变后，中国共产党领导的抗日游击队，与其他自发的抗日武装以及活动在东北地区的朝鲜共产主义者一道，曾一度在长白山区开展和坚持游击战争。",
      "五台山是山西东北部延至河北边界的山脉。一九三七年十月，以八路军一一五师一部为主以五台山为依托，开展抗日游击战争，建立晋察冀抗日根据地。一九三八年一月，成立晋察冀边区临时行政委员会。后来晋察冀边区扩大到同蒲路以东，正太路、德石路以北，张家口、多伦、宁城、锦州以南，渤海以西的绝大部分地区。",
      "太行山是山西、河北、河南三省交界的山脉。一九三七年十月，八路军一二九师向太行山区挺进；十一月开始创立以太行山为依托的晋东南抗日根据地，同时分兵向冀南、豫北的边界和冀西发展。一九三八年四月成立晋冀豫军区，后又相继开辟冀南、冀鲁豫抗日根据地，一九四一年建立了晋冀鲁豫边区政府。后来边区发展到东起津浦路，西至同蒲路，北起正太路、德石路，南至黄河的绝大部分地区。",
      "泰山在山东中部，是泰沂山脉的主峰之一。一九三七年冬至一九三八年春，中国共产党领导的游击队依托泰沂山区，发动抗日武装起义，开展游击战争，为创建鲁中抗日根据地奠定了基础。",
      "燕山是河北省东北部的山脉。一九三八年夏，八路军第四纵队进入冀东的燕山地区。中共冀热边特委在八路军第四纵队的配合下，发动和领导了冀东二十一县和唐山矿区的工人农民抗日武装大起义。一九三九年后逐步建立了冀东抗日根据地，后来发展成为冀热辽抗日根据地。",
      "茅山在江苏省南部。一九三八年四月，新四军先遣支队开始向苏南敌后出动，实行战略侦察。六月和七月，新四军第一、第二支队先后从安徽南部进入苏南，发动抗日游击战争，开创以茅山山区为中心的苏南抗日根据地。",
      "抗日战争发展的经验，证明了平原地区能够建立长期的而且在许多地方能够成为固定的根据地，这是由于地区的广大，人口的众多，共产党政策的正确，人民动员的普遍和敌人兵力的不足等等条件所决定的。毛泽东随后在具体的指示中即把这点加以明确地肯定了。",
      "围棋是中国的一种很古老的棋。双方的棋子互相包围，一方的一个或一群子被对方所包围，就被“吃”掉。但如果在被包围的一群子中保有必要的空格（“眼”），这群子就是“活”的，不被“吃”掉。",
      "公元前三五四年，魏军围攻赵国都城邯郸（今河北省邯郸市西南）。第二年，齐国国君命田忌、孙膑率军救赵。孙膑认为魏军精锐在赵，内部空虚，主张引兵迅速进攻魏都，迫使魏军弃赵自救。田忌采纳了孙膑的意见。魏军果然回救本国。齐军乘魏军疲惫，在桂陵（今河南省长垣县西北）设伏袭击，大败魏军，赵国之围也随着解除。后来中国的军事家就用“围魏救赵”来说明类似的战法。",
    ],
    "dates": [
      {
        "day": undefined,
        "month": 5,
        "year": 1938,
      },
    ],
    "description": "抗日战争初期，中国共产党内和党外都有许多人轻视游击战争的重大战略作用，而只把自己的希望寄托于正规战争，特别是国民党军队的作战。毛泽东批驳了这种观点，同时写了这篇文章，指出抗日游击战争发展的正确道路。其结果，在抗日时期内，在一九三七年只有四万余人的八路军和新四军，到一九四五年日本投降时就发展成为一百多万人的大军，并创建了许多革命根据地，在抗日战争中起了伟大的作用，使蒋介石在抗日时期既不敢投降日本，又不敢发动全国规模的内战，而到一九四六年发动全国规模的内战时，由八路军新四军编成的人民解放军就有力量对付蒋介石的进攻了。",
    "is_range_date": false,
    "page_end": 261,
    "page_start": 243,
    "parts": [
      {
        "text": "抗日游击战争的战略问题",
        "type": "title",
      },
      {
        "text": "第一章 为什么提起游击战争的战略问题",
        "type": "subtitle",
      },
      {
        "text": "抗日战争中，正规战争是主要的，游击战争是辅助的。这一点，我们已经正确地解决了。那末，游击战争就只有战术问题，为什么提起战略问题呢？",
        "type": "paragraph",
      },
      {
        "text": "如果我们是一个小国，游击战争只是在正规军的战役作战上起些近距离的直接的配合作用，那就当然只有战术问题，没有什么战略问题。又如果中国也像苏联那样的强大，敌人进来，很快就能赶出，或虽时间较久，但是被占地区不广，游击战争也只是一种战役的配合作用，当然也只有战术问题，没有什么战略问题。",
        "type": "paragraph",
      },
      {
        "text": "游击战争的战略问题是在这样的情况之下发生的：中国既不是小国，又不像苏联，是一个大而弱的国家。这一个大而弱的国家被另一个小而强的国家所攻击，但是这个大而弱的国家却处于进步的时代，全部问题就从这里发生了。在这样的情况下，敌人占地甚广的现象发生了，战争的长期性发生了。敌人在我们这个大国中占地甚广，但他们的国家是小国，兵力不足，在占领区留了很多空虚的地方，因此抗日游击战争就主要地不是在内线配合正规军的战役作战，而是在外线单独作战；并且由于中国的进步，就是说有共产党领导的坚强的军队和广大的人民群众存在，因此抗日游击战争就不是小规模的，而是大规模的；于是战略防御和战略进攻等等一全套的东西都发生了。战争的长期性，随之也是残酷性，规定了游击战争不能不做许多异乎寻常的事情，于是根据地的问题、向运动战发展的问题等等也发生了。于是中国抗日的游击战争，就从战术范围跑了出来向战略敲门，要求把游击战争的问题放在战略的观点上加以考察。特别值得注意的，是这样又广大又持久的游击战争，在整个人类的战争史中，都是颇为新鲜的事情。这件事是同时代进步到二十世纪的三四十年代一事分不开的，是同共产党和红军的存在分不开的，这乃是问题的焦点所在。我们的敌人大概还在那里做元朝灭宋、清朝灭明、英占北美和印度、拉丁系国家占中南美等等的好梦。这等梦在今天的中国已经没有现实的价值，因为今天的中国比之上述历史多了一些东西，颇为新鲜的游击战争就是其中的一点。假如我们的敌人少估计了这一点，他们就一定要在这一点上面触一个很大的霉头。",
        "type": "paragraph",
      },
      {
        "text": "这就是抗日游击战争虽然在整个抗日战争中仍然处于辅助的地位，但是必须放在战略观点上加以考察的理由。",
        "type": "paragraph",
      },
      {
        "text": "那末，为什么不将抗日战争的一般战略问题中的东西用之于游击战争呢？",
        "type": "paragraph",
      },
      {
        "text": "抗日游击战争的战略问题，本来是密切地联系于整个抗日战争的战略问题的，许多东西二者都是一致的。然而游击战争又区别于正规战争，它本身有其特殊性，因而游击战争的战略问题颇有许多特殊的东西；抗日战争的一般战略问题中的东西，决不能照样用之于特殊情形的游击战争。",
        "type": "paragraph",
      },
      {
        "text": "第二章 战争的基本原则是保存自己消灭敌人",
        "type": "subtitle",
      },
      {
        "text": "在具体地说到游击战争的战略问题之先，还要说一说战争的基本问题。",
        "type": "paragraph",
      },
      {
        "text": "一切军事行动的指导原则，都根据于一个基本的原则，就是：尽可能地保存自己的力量，消灭敌人的力量。这个原则，在革命战争中是直接地和基本的政治原则联系着的。例如中国抗日战争的基本政治原则即政治目的，是驱逐日本帝国主义，建立独立自由幸福的新中国。在军事上实行起来，就是以军事力量保卫祖国，驱逐日寇。为达到这个目的，在军队本身的行动上，就表现为：一方面，尽可能地保存自己的力量；另一方面，尽可能地消灭敌人的力量。何以解释战争中提倡勇敢牺牲呢？每一战争都须支付代价，有时是极大的代价，岂非和“保存自己”相矛盾？其实一点也不矛盾，正确点说，是相反相成的。因为这种牺牲，不但是为了消灭敌人的必要，也是为了保存自己的必要——部分的暂时的“不保存”（牺牲或支付），是为了全体的永久的保存所必需的。在这个基本的原则上，发生了指导整个军事行动的一系列的所谓原则，从射击原则（荫蔽身体，发扬火力，前者为了保存自己，后者为了消灭敌人）起，到战略原则止，都贯彻这个基本原则的精神。一切技术的、战术的、战役的、战略的原则，都是执行这个基本原则时的条件。保存自己消灭敌人的原则，是一切军事原则的根据。",
        "type": "paragraph",
      },
      {
        "text": "第三章 抗日游击战争的六个具体战略问题",
        "type": "subtitle",
      },
      {
        "text": "现在我们来看，抗日游击战争的军事行动，应该采取些什么方针或原则才能达到保存自己消灭敌人的目的呢？因为抗日战争中（乃至一切革命战争中）的游击队一般是从无到有、从小到大的，故在保存自己之外，还须加上一个发展自己。所以问题是：应该采取些什么方针或原则才能达到保存或发展自己和消灭敌人的目的呢？",
        "type": "paragraph",
      },
      {
        "text": "总的说来，主要的方针有下列各项：（一）主动地、灵活地、有计划地执行防御战中的进攻战，持久战中的速决战和内线作战中的外线作战；（二）和正规战争相配合；（三）建立根据地；（四）战略防御和战略进攻；（五）向运动战发展；（六）正确的指挥关系。这六项，是全部抗日游击战争的战略纲领，是达到保存和发展自己，消灭和驱逐敌人，配合正规战争，争取最后胜利的必要途径。",
        "type": "paragraph",
      },
      {
        "text": "第四章 主动地灵活地有计划地执行防御战中的进攻战、持久战中的速决战、内线作战中的外线作战",
        "type": "subtitle",
      },
      {
        "text": "这里又可以分为四点来说：（一）防御和进攻，持久和速决，内线和外线的关系；（二）一切行动立于主动地位；（三）灵活地使用兵力；（四）一切行动的计划性。",
        "type": "paragraph",
      },
      {
        "text": "先说第一点。",
        "type": "paragraph",
      },
      {
        "text": "整个的抗日战争，由于日寇是强国，是进攻的，我们是弱国，是防御的，因而决定了我们是战略上的防御战和持久战。拿作战线来说，敌人是外线作战，我们是内线作战。这是一方面的情形。但是在又一方面，则适得其反。敌军虽强（武器和人员的某些素质，某些条件），但是数量不多，我军虽弱（同样，仅是武器和人员的某些素质，某些条件），但是数量甚多，加上敌人是异民族侵入我国，我们是在本国反抗异民族侵入这个条件，这样就决定了下列的战略方针：能够而且必须在战略的防御战之中采取战役和战斗的进攻战，在战略的持久战之中采取战役和战斗的速决战，在战略的内线作战之中采取战役和战斗的外线作战。这是整个抗日战争应该采取的战略方针。正规战争是如此，游击战争也是如此。游击战争所不同的，只是程度上或表现形式上的问题。游击战争是一般地用袭击的形式表现其进攻的。正规战争虽然也应该而且能够采用袭击战，但是其出敌不意的程度比较小一些。在游击战，速决性的要求是很大的，战役和战斗中包围敌人的外线圈则很小。这些都是和正规战不同的地方。",
        "type": "paragraph",
      },
      {
        "text": "由此可知，游击队的作战，要求集中可能多的兵力，采取秘密和神速的行动，出其不意地袭击敌人，很快地解决战斗；而要力戒消极防御，力戒拖延，并力戒临战分散兵力。当然，游击战争中不但战略上有防御，战术上也是有防御的；战斗时的钳制和警戒方面，隘路、险地、河川或村落等处为着消耗敌人和疲惫敌人的抵抗配置，退却时的掩护部队等等，都是游击战争中战术上的防御部分。然而游击战争的基本方针必须是进攻的，和正规战争比较起来，其进攻性更加大些，而且这种进攻必须是奇袭，大摇大摆大吹大擂地暴露自己，是较之正规战更加不能许可的。游击战争虽然也有坚持数天的战斗场合，例如攻击某个孤立无援的小敌，但一般的作战较之正规战更加要求迅速地解决战斗，这是被敌强我弱的情况规定了的。游击战争本来是分散的，所以成其为普遍的游击战，且在许多任务，例如扰乱、钳制、破坏和做群众工作等，都以分散兵力为原则；然而就一个游击部队或游击兵团，当着执行消灭敌人的任务，尤其是为着打破敌人的进攻而努力时，就仍须集中其主要的兵力。“集中大力，打敌小部”，仍然是游击战争战场作战的原则之一。",
        "type": "paragraph",
      },
      {
        "text": "由此也就可知，从整个的抗日战争看来，只有将正规战和游击战的战役和战斗的进攻战集合了很多，即从进攻战中打了很多的胜仗，才能达到战略防御之目的，最后战胜日本帝国主义。只有战役和战斗的速决战集合了很多，即是使得很多战役和战斗的进攻战都能因迅速解决战斗之故而取得了胜利，才能达到战略持久的目的，一方面争取时间加强抗战力量，同时促进和等候国际形势的变动和敌人的内溃，以便举行战略反攻，驱逐日寇出中国。也只有每战集中优势兵力，不论在战略防御时期也好，在战略反攻时期也好，一律采取战役和战斗中的外线作战，包围敌人而消灭之，不能包围其全部，也包围其一部，不能消灭所包围之全部，也消灭所包围之一部，不能大量俘虏所包围之敌，也大量杀伤所包围之敌。集合很多这样的歼灭战，才能转变敌我形势，将敌之战略包围，即敌之外线作战方针根本击破，最后配合国际的力量和日本人民的革命斗争，共同围剿日本帝国主义而一举消灭之。这些结果，主要地依靠正规战取得，游击战只有次一等的成绩。但是集合许多小胜化为大胜，则是正规战游击战所共同的。游击战争在抗日过程中起着伟大的战略作用，就是说的这一点。",
        "type": "paragraph",
      },
      {
        "text": "现在来说游击战争的主动性、灵活性、计划性的问题。",
        "type": "paragraph",
      },
      {
        "text": "游击战争的主动性是什么呢？",
        "type": "paragraph",
      },
      {
        "text": "一切战争的敌我双方，都力争在战场、战地、战区以至整个战争中的主动权，这种主动权即是军队的自由权。军队失掉了主动权，被逼处于被动地位，这个军队就不自由，就有被消灭或被打败的危险。本来战略的防御战和内线作战，争取主动较为困难些，而进攻的外线作战，争取主动较为容易些。但是日本帝国主义有两个基本的弱点，即是兵力不足和异国作战。并且因其对中国力量的估计不足和日本军阀的内部矛盾，产生了许多指挥的错误，例如逐渐增加兵力，缺乏战略的协同，某种时期没有主攻方向，某些作战失去时机和有包围无歼灭等等，可以说是他的第三个弱点。这样，兵力不足（包括小国、寡民、资源不足和他是封建的帝国主义等等），异国作战（包括战争的帝国主义性和野蛮性等等），指挥笨拙，使得日本军阀虽然处在进攻战和外线作战的有利地位，但其主动权却日益减弱下去。日本目前还不愿也不能结束战争，它的战略进攻也还没有停止，但是大势所趋，它的进攻是有一定限度的，这是三个弱点所产生的必然结果，无限止地吞灭全中国是不可能的。会有一天日本要处于完全的被动地位，这种情况现在就可以开始看出来。中国方面，开始时战争颇处于被动，现在因有了经验，正在改取新的运动战的方针，即战役和战斗的进攻战、速决战和外线作战的方针，加上普遍发展游击战的方针，所以主动地位正在日益建立起来。",
        "type": "paragraph",
      },
      {
        "text": "游击战争的主动权问题，是更加严重的问题。因为游击队大多处于严重的环境，这就是无后方作战的状态，敌强我弱的状态，缺乏经验的状态（这是说那些新成立的游击队）和不统一的状态等等。但是游击战争是能够建立其主动权的，主要的条件就是抓住上述敌人的三个弱点。欺他兵力不足（从整个战争看来），游击队就可以放手争取广大的活动地区；欺他是异民族，且执行极端的野蛮政策，游击队就可以放手争取千百万人民的拥护；欺他指挥笨拙，游击队就可以放手发挥自己的聪明。一切敌人的这些弱点，正规军也应捉住，作为自己战胜敌人的资本，但游击队尤其应当注意捉住。游击队自己的弱点，可以在斗争中逐渐减少。且其弱点有时正成为争取主动地位的条件，例如正是因为自己弱小，才利于在敌人后方神出鬼没地活动，敌人无奈他何，这样大的自由是庞大的正规军所不能得到的。",
        "type": "paragraph",
      },
      {
        "text": "游击队的主动权，在敌人举行数路围攻的场合，是难于掌握和容易丧失的。在这种场合，如果估计和处置得不正确，就容易处于被动，因而打不破敌人的围攻。在敌取守势我取攻势时，也有这种情形。所以主动权是从正确的情况估计（敌我双方的情况）和正确的军事政治处置产生的。不合客观情况的悲观的估计和随之而来的消极的处置，无疑地将丧失主动权，把自己抛入被动地位。但是同样，不合客观情况的过于乐观的估计和随之而来的冒险（不需要的那种冒险）的处置，也将丧失主动权，而最后归入悲观者一路。主动权不是任何天才家所固有的，只是聪明的领导者从虚心研究和正确地估计客观情况，正确地处置军事政治行动所产生的东西。因此，是要有意识地去争取的东西，不是现成的东西。",
        "type": "paragraph",
      },
      {
        "text": "已经因为估计和处置错误，或者因为不可抗的压力，被迫处于被动地位了的时候，这时的任务就是努力脱出这种被动。如何脱出法，须依情况而定。在许多情况下，“走”是必须的。游击队的会走，正是其特点。走是脱离被动恢复主动的主要的方法。但是不限于这一方法。往往在敌人十分起劲自己十分困难的时候，正是敌人开始不利，自己开始有利的时候。往往有这种情形，有利的情况和主动的恢复，产生于“再坚持一下”的努力之中。",
        "type": "paragraph",
      },
      {
        "text": "现在来说灵活性。",
        "type": "paragraph",
      },
      {
        "text": "灵活性就是具体地表现主动性的东西。灵活地使用兵力，是游击战争比较正规战争更加需要的。",
        "type": "paragraph",
      },
      {
        "text": "必须使游击战争的指导者明白，灵活地使用兵力，是转变敌我形势争取主动地位的最重要的手段。根据游击战争的特性，兵力的使用必须按照任务和敌情、地形、居民等条件作灵活的变动，主要的方法是分散使用、集中使用和转移兵力。游击战争的领导者对于使用游击队，好像渔人打网一样，要散得开，又要收得拢。当渔人把网散开时，要看清水的深浅、流的速度和那里有无障碍，游击队分散使用时，也须注意不要因情况不明、行动错误而受损失。渔人为了收得拢，就要握住网的绳头，使用部队也要保持通讯联络，并保持相当主力在自己手中。打鱼要时常变换地点，游击队也要时常变换位置。分散、集中和变换，是游击战争灵活使用兵力的三个方法。",
        "type": "paragraph",
      },
      {
        "text": "一般地说来，游击队当分散使用，即所谓“化整为零”时，大体上是依下述几种情况实施的：（一）因敌取守势，暂时无集中打仗可能，采取对敌实行宽大正面的威胁时；（二）在敌兵力薄弱地区，进行普遍的骚扰和破坏时；（三）无法打破敌之围攻，为着减小目标以求脱离敌人时；（四）地形或给养受限制时；（五）在广大地区内进行民众运动时。但不论何种情况，当分散行动时都须注意：（一）保持较大一部分兵力于适当的机动地区，不要绝对地平均分散，一则便于应付可能的事变，一则使分散执行的任务有一个重心；（二）给各分散部队以明确的任务、行动的地区、行动的时期、集合的地点、联络的方法等。",
        "type": "paragraph",
      },
      {
        "text": "集中使用兵力，即所谓“化零为整”的办法，多半是在敌人进攻之时为了消灭敌人而采取的；也有在敌人取守势时，为了消灭某些驻止之敌而采取的。集中兵力并不是说绝对的集中，集中主力使用于某一重要方面，对其他方面则留置或派出部分兵力，为钳制、扰乱、破坏等用，或作民众运动。",
        "type": "paragraph",
      },
      {
        "text": "按照情况灵活地分散兵力或集中兵力，是游击战争的主要的方法，但是还须懂得灵活地转移（变换）兵力。当敌人感到游击队对他有了大的危害时，就会派兵镇压或举行进攻。因此，游击队要考虑情况，如果可以打时，就在当地打仗；如果不能打时，就应不失时机，迅速地转移到另一方向去。有时为着各个击破敌人，有刚才在这里消灭了敌人，又立即转移到另一方向去消灭敌人的；也有在这里不利于战斗，要立即脱离此敌转移到另一方向去进行战斗的。如果敌情特别严重，游击部队不应久留一地，要像流水和疾风一样，迅速地移动其位置。兵力转移，一般都要秘密迅速。经常要采取巧妙的方法，去欺骗、引诱和迷惑敌人，例如声东击西、忽南忽北、即打即离、夜间行动等。",
        "type": "paragraph",
      },
      {
        "text": "分散、集中和转移的灵活性，都是游击战争具体地表现主动性的东西；死板、呆滞，必至陷入被动地位，遭受不必要的损失。但领导者的聪明不在懂得灵活使用兵力的重要，而在按照具体情况善于及时地实行分散、集中和转移兵力。这种善观风色和善择时机的聪明是不容易的，惟有虚心研究，勤于考察和思索的人们可以获得。为使灵活不变为妄动，慎重地考虑情况是必要的。",
        "type": "paragraph",
      },
      {
        "text": "最后说到计划性问题。",
        "type": "paragraph",
      },
      {
        "text": "游击战争要取得胜利，是不能离开它的计划性的。乱干一场的想法，只是玩弄游击战争，或者是游击战争的外行。不论是整个游击区的行动或是单个游击部队或游击兵团的行动，事先都应有尽可能的严密的计划，这就是一切行动的预先准备工作。情况的了解，任务的确定，兵力的部署，军事和政治教育的实施，给养的筹划，装备的整理，民众条件的配合等等，都要包括在领导者们的过细考虑、切实执行和检查执行程度的工作之中。没有这个条件，什么主动、灵活、进攻等事，都是不能实现的。固然正规战争的计划性更大些，游击战争的条件不容许很大的计划性，如果企图在游击战争中实行高度的严密的计划工作，那是错误的；但依照客观条件允许的程度，采取尽可能的严密的计划，则是必要的，须知同敌人斗争是一件不能开玩笑的事情。",
        "type": "paragraph",
      },
      {
        "text": "上面所说的各点，说明了游击战争战略原则的第一个问题——主动地、灵活地、有计划地执行防御中的进攻战，持久中的速决战，内线作战中的外线作战。这是游击战争战略原则的最中心的问题。解决了这个问题，游击战争的胜利就有了军事指导上的重要的保证。",
        "type": "paragraph",
      },
      {
        "text": "这里虽说了许多的东西，但一切都环绕于战役和战斗的进攻。主动地位只有在进攻胜利之后，才能最后地取得。一切进攻战也都要主动地组织之，不要被迫地采取进攻。灵活地使用兵力，环绕于为着进攻战这个中心；计划性的必要，主要地也是为了进攻的胜利。战术上的防御手段，离开直接或间接协助进攻，则毫无意义。速决是说的进攻的时间，外线是说的进攻的范围。进攻是消灭敌人的唯一手段，也是保存自己的主要手段，单纯的防御和退却，对于保存自己只有暂时的部分的作用，对于消灭敌人则完全无用。",
        "type": "paragraph",
      },
      {
        "text": "这个原则，正规战争和游击战争是基本上同一的，只在表现形式上有程度的不同。但在游击战争中注意这个不同是重要的和必要的。正是因为这个不同的表现形式，所以使游击战争的作战方法区别于正规战争的作战方法；混淆了这个不同的表现形式，游击战争是不能胜利的。",
        "type": "paragraph",
      },
      {
        "text": "第五章 和正规战争相配合",
        "type": "subtitle",
      },
      {
        "text": "游击战争战略问题的第二个问题，是和正规战争相配合的问题。这是依据游击战争具体行动的性质，说明它在作战上和正规战争的关系。认识这种关系，对于有效地战胜敌人，是有重要意义的。",
        "type": "paragraph",
      },
      {
        "text": "游击战争和正规战争的配合有三种：战略的、战役的和战斗的。",
        "type": "paragraph",
      },
      {
        "text": "整个游击战争，在敌人后方所起的削弱敌人、钳制敌人、妨碍敌人运输的作用，和给予全国正规军和全国人民精神上的鼓励等等，都是战略上配合了正规战争。例如东三省的游击战争，在全国抗战未起以前当然不发生配合问题，但在抗战起来以后，配合的意义就明显地表现出来了。那里的游击队多打死一个敌兵，多消耗一个敌弹，多钳制一个敌兵使之不能入关南下，就算对整个抗战增加了一分力量。至其给予整个敌军敌国以精神上的不利影响，给予整个我军和人民以精神上的良好影响，也是显而易见的。至于平绥、平汉、津浦、同蒲、正太、沪杭诸铁路线两旁的游击战争，所起战略的配合作用，更加容易看到。它们不但在现时敌人举行战略进攻时配合正规军起了战略防御的作用；又不但在敌人结束其战略进攻转入保守占领地时，将配合正规军妨碍敌之保守；而且将于正规军举行战略反攻时，配合正规军击退敌军恢复整个的失地。游击战争在战略上的伟大的配合作用，是不容忽视的。游击队和正规军的领导者们，都应明确地认识其作用。",
        "type": "paragraph",
      },
      {
        "text": "不但如此，游击战争还有其战役的配合作用。例如，太原北部忻口战役时，雁门关南北的游击战争破坏同蒲铁路、平型关汽车路、阳方口汽车路，所起的战役配合作用，是很大的。又如敌占风陵渡后，普遍存在于山西各地的游击战争（主要是由正规军进行的），对于配合陕西、河南两省沿黄河西南两岸的防御战，所起的战役配合作用更是很大的。再如敌攻鲁南时，整个华北五省的游击战争，对于配合鲁南我军的战役作战，也尽了相当的力量。在这个任务上，一切处于敌后的游击根据地的领导者们，或临时被派出的游击兵团的领导者们，必须好好地配置自己的力量，各依当时当地的情况，采用不同的方法，向着敌人最感危害之点和薄弱之点积极地行动起来，达到削弱敌人、钳制敌人、妨碍敌人运输和精神上振奋内线上各个战役作战军之目的，尽其战役配合的责任。如果各游击区或各游击队只是各干各的，不顾战役作战的配合，虽在总的战略作战上仍不失其配合作用，但由于没有战役作战的配合，也就减少了它们的战略配合的意义。这一点是一切游击战争的领导者应该深切地注意的。为达此目的，无线电通讯之普遍地设置于一切较大的游击部队和游击兵团，实有完全的必要。",
        "type": "paragraph",
      },
      {
        "text": "最后，战斗的配合，即战场作战的配合，是一切内线战场附近的游击队的任务，这一项当然只限于靠近正规军的游击队，或临时从正规军派出的游击队。在这种场合，游击队应该依正规军首长的指示，担负其所指定的任务，往往是担负钳制部分的敌人，妨碍敌之运输，侦察敌情，充当向导等。没有正规军首长的指示时，游击队也应自动地做这些事。坐视不理，不游不击，或游而不击的态度，是要不得的。",
        "type": "paragraph",
      },
      {
        "text": "第六章 建立根据地",
        "type": "subtitle",
      },
      {
        "text": "抗日游击战争战略问题的第三个问题，是建立根据地的问题。这个问题的必要性和重要性，是随着战争的长期性和残酷性而来的。因为失地的恢复须待举行全国的战略反攻之时，在这以前，敌人的前线将深入和纵断我国的中部，小半甚至大半的国土被控制于敌手，成了敌人的后方。我们要在这样广大的被敌占领地区发动普遍的游击战争，将敌人的后方也变成他们的前线，使敌人在其整个占领地上不能停止战争。我们的战略反攻一日未能举行，失地一日未能恢复，敌后游击战争就应坚持一日，这种时间虽不能确切断定，然而无疑地是相当地长，这就是战争的长期性。同时敌人为了确保占领地的利益，必将日益加紧地对付游击战争，特别在其战略进攻停止之后，必将残酷地镇压游击队。这样，长期性加上残酷性，处于敌后的游击战争，没有根据地是不能支持的。",
        "type": "paragraph",
      },
      {
        "text": "游击战争的根据地是什么呢？它是游击战争赖以执行自己的战略任务，达到保存和发展自己、消灭和驱逐敌人之目的的战略基地。没有这种战略基地，一切战略任务的执行和战争目的的实现就失掉了依托。无后方作战，本来是敌后游击战争的特点，因为它是同国家的总后方脱离的。然而，没有根据地，游击战争是不能够长期地生存和发展的，这种根据地也就是游击战争的后方。",
        "type": "paragraph",
      },
      {
        "text": "历史上存在过许多流寇主义的农民战争，都没有成功。在交通和技术进步的今日而企图用流寇主义获得胜利，更是毫无根据的幻想。然而流寇主义在今天的破产农民中还是存在的，他们的意识反映到游击战争的领导者们的头脑中，就成了不要或不重视根据地的思想。因此，从游击战争的领导者们的头脑中驱除流寇主义，是确定建立根据地的方针的前提。要或不要根据地、重视或不重视根据地的问题，换句话说，根据地思想和流寇主义思想的斗争的问题，是任何游击战争中都会发生的，抗日游击战争在某种程度上也不能是例外。因此，同流寇主义作思想斗争，将是一个不可少的过程。只有彻底地克服了流寇主义，提出并实行建立根据地的方针，才能有利于长期支持的游击战争。",
        "type": "paragraph",
      },
      {
        "text": "在说明了根据地的必要和重要性之后，下面的问题是实行建立根据地时必须认识和解决的。这些问题是：几种根据地，游击区和根据地，建立根据地的条件，根据地的巩固和发展，敌我之间的几种包围。",
        "type": "paragraph",
      },
      {
        "text": "第一节 几种根据地",
        "type": "subtitle",
      },
      {
        "text": "抗日游击战争的根据地大体不外三种：山地、平地和河湖港汊地。",
        "type": "paragraph",
      },
      {
        "text": "山地建立根据地之有利是人人明白的，已经建立或正在建立或准备建立的长白山、五台山、太行山、泰山、燕山、茅山等根据地都是。这些根据地将是抗日游击战争最能长期支持的场所，是抗日战争的重要堡垒。我们必须到一切处于敌后的山岳地带去发展游击战争，并建立起根据地来。",
        "type": "paragraph",
      },
      {
        "text": "平地较之山地当然差些，然而决不是不能发展游击战争，也不是不能建立任何的根据地。河北平原、山东的北部和西北部平原，已经发展了广大的游击战争，是平地能够发展游击战争的证据。至于能否在平原地区建立长期支持的根据地，这一点现在还没有证明；但是建立临时的根据地和小部队的或季候性的根据地，则前者现在已经证明，后者也应该说是可能的。因为一方面，敌人兵力不够分配，又执行着前无古人的野蛮政策，另一方面，中国有广大的土地，又有众多的抗日人民，这些都提供了平原能够发展游击战争并建立临时根据地的客观条件；如再加上指挥适当一条，则小部队的非固定的长期根据地之建立，当然应该说是可能的。大抵当敌人结束了他的战略进攻，转到了保守占领地的阶段时，对于一切游击战争根据地的残酷进攻的到来，是没有疑义的，平原的游击根据地自将首当其冲。那时，在平原地带活动的大的游击兵团将不能在原地长期支持作战，而须按照情况，逐渐地转移到山地里去，例如从河北平原向五台山和太行山转移，从山东平原向泰山和胶东半岛转移。但是保持许多小的游击部队，分处于广大平原的各县，采取流动作战，即根据地搬家，一时在此一时在彼的方法，在民族战争的条件下，不能说没有这种可能。至于利用夏季的青纱帐和冬季的河川结冰之季候性的游击战争，那是断然可能的。在现时敌人无力顾及和将来顾及也难周到的条件下，确定在现时广泛地发展平原的游击战争，并建立临时根据地的方针，在将来准备坚持小部队的游击战争，至少坚持季候性的游击战争，并建立非固定的根据地的方针，是完全必要的。",
        "type": "paragraph",
      },
      {
        "text": "依据河湖港汊发展游击战争，并建立根据地的可能性，客观上说来是较之平原地带为大，仅次于山岳地带一等。历史上所谓“海盗”和“水寇”，曾演过无数的武剧，红军时代的洪湖游击战争支持了数年之久，都是河湖港汊地带能够发展游击战争并建立根据地的证据。不过，各个抗日党派和抗日人民，至今尚少注意这一方面。虽然主观条件还不具备，然而无疑地是应该注意和应该进行的。江北的洪泽湖地带、江南的太湖地带和沿江沿海一切敌人占领区域的港汊地带，都应该好好地组织游击战争，并在河湖港汊之中及其近旁建立起持久的根据地，作为发展全国游击战争的一个方面。缺少了这一方面，无异供给敌人以水上交通的便利，是抗日战争战略计划的一个缺陷，应该及时地补足之。",
        "type": "paragraph",
      },
      {
        "text": "第二节 游击区和根据地",
        "type": "subtitle",
      },
      {
        "text": "在处于敌人后方作战的游击战争面前，游击区和根据地是有区别的。在四围已被敌占但中间未被敌占或虽占而已经恢复的地区，例如五台山地区（即晋察冀边区）的某些县，太行山地区和泰山地区也有这种情形，这些都是现成的根据地，游击队据之以发展游击战争是很方便的。但在这些根据地的其他地方则不然，例如五台山地区的东部北部——即冀西察南的某些部分和保定以东沧州以西的许多地方，在那里，游击战争在开始时期还不能完全占领该地，只能经常去游击，游击队到时属于游击队，游击队走了又属于伪政权，这样的地区就还不是游击战争的根据地，而是所谓游击区。这种游击区，经过游击战争的必要过程，消灭或打败了许多敌人，摧毁了伪政权，发动了民众的积极性，组织了民众的抗日团体，发展了民众武装，建立了抗日政权，游击区就转化成了根据地。将这些根据地，增加到原有的根据地里面去，就叫做发展了根据地。",
        "type": "paragraph",
      },
      {
        "text": "有些地方的游击战争，全部活动地区开始都是游击区，例如冀东的游击战争。那里已有长期的伪政权，当地起义的民众武装和从五台山派去的游击支队，整个活动地区开始都是游击区。它们在开始活动时，只能在此区中选择好的地点作为临时的后方，或叫做临时根据地。要待消灭敌人和发动民众的工作开展了之后，才能把游击区状态消灭，变为比较稳固的根据地。",
        "type": "paragraph",
      },
      {
        "text": "由此可知，从游击区到根据地，是一个艰难缔造的过程，依消灭敌人和发动民众的程度如何而定其是否已从游击区过渡到了根据地的阶段。",
        "type": "paragraph",
      },
      {
        "text": "有许多地区，将是长期地处于游击区状态的。在那里，敌人极力控制，但不能建立稳固的伪政权，游击战争也极力发展，但无法达到建立抗日政权的目的，例如敌人占领的铁路线、大城市的附近地区和某些平原地区。",
        "type": "paragraph",
      },
      {
        "text": "至于敌人有强大力量控制着的大城市、火车站和某些平原地带，游击战争只能接近其附近，而不能侵入其里面，那里有比较稳固的伪政权，这又是一种情形。",
        "type": "paragraph",
      },
      {
        "text": "由于我之领导错误或敌之强大压力的结果，可以使上述的情形发生相反的变化，即根据地化为游击区，游击区化为敌之比较稳固的占领地。这种情形是可能发生的，值得游击战争的领导者们特别警戒。",
        "type": "paragraph",
      },
      {
        "text": "所以，在整个敌占地区，经过游击战争和敌我双方斗争的结果，可以变为三种情况的地方：第一种是被我方游击部队和我方政权掌握着的抗日根据地；第二种是被日本帝国主义和伪政权掌握着的被占领地；第三种是双方争夺的中间地带，即所谓游击区。游击战争领导者的责任，在于极力扩大第一、第三两种地区，而极力缩小第二种地区。这就是游击战争的战略任务。",
        "type": "paragraph",
      },
      {
        "text": "第三节 建立根据地的条件",
        "type": "subtitle",
      },
      {
        "text": "建立根据地的基本条件，是要有一个抗日的武装部队，并使用这个部队去战胜敌人，发动民众。所以建立根据地问题，首先就是武装部队问题。从事游击战争的领导者们必须用全副精力去建立一支以至多支的游击部队，并使之从斗争中逐渐地发展为游击兵团，以至发展成为正规部队和正规兵团。建立武装部队是建立根据地的最基本一环，没有这个东西，或有了而无力量，一切问题都无从说起。这是第一个条件。",
        "type": "paragraph",
      },
      {
        "text": "和建立根据地不能分离的第二个条件，就是使用武装部队并配合民众去战胜敌人。凡是被敌人控制的地方，那是敌人的根据地，不是游击战争的根据地；要把敌人的根据地变为游击战争的根据地，非战胜敌人无从实现，这是自明之理。就是游击战争控制的地方，如果不粉碎敌人的进攻，不战胜敌人，自己控制的地方就要变成敌人控制的地方，也无从建立根据地。",
        "type": "paragraph",
      },
      {
        "text": "和建立根据地不可分离的第三个条件，就是用一切力量，包括武装部队的力量在内，去发动民众的抗日斗争。要从这种斗争中去武装人民，即组织自卫军和游击队。要从这种斗争中去组织民众团体；无论是工人、农民、青年、妇女、儿童、商人、自由职业者，都要依据他们的政治觉悟和斗争情绪提高的程度，将其组织在各种必要的抗日团体之内，并逐渐地发展这些团体。民众如没有组织，是不能表现其抗日力量的。要从这种斗争中去肃清公开的或隐藏的汉奸势力；要做到这一步也只有依靠民众的力量。尤其重要的是从这种斗争中去发动民众建立或巩固当地的抗日政权。原来有中国政权未被敌人破坏的，则在广大民众拥护的基础之上去改造它和巩固它；原来的中国政权已被敌人破坏了的，则在广大民众努力的基础之上去恢复它。这个政权是实行抗日民族统一战线政策的，它应该团结一切人民的力量，向唯一的敌人日本帝国主义及其走狗汉奸反动派作斗争。",
        "type": "paragraph",
      },
      {
        "text": "一切游击战争的根据地，只有在建立了抗日的武装部队、战胜了敌人、发动了民众这三个基本的条件逐渐地具备之后，才能真正地建立起来。",
        "type": "paragraph",
      },
      {
        "text": "此外，还须指出的是地理和经济的条件。地理条件的问题，在说“几种根据地”时已经指出了三种不同的情形，这里只说主要的要求，即地区的广大。处在四面或三面被敌包围的中间，要建立长期支持的根据地，山地当然是最好的条件，但主要是须有游击队回旋的余地，即广大地区。有了广大地区这个条件，就是在平原也是能够发展和支持游击战争的，河湖港汊更不待说。这个条件已因中国领土广大和敌人兵力不足，一般地提供于中国的游击战争了。从游击战争的可能性说来，它是一个重要的甚至是第一个重要的条件；在小国如比利时等，因没有这个条件，游击战争的可能性就很小，甚至没有。但在中国，这个条件已不是什么待争取的条件和待解决的问题，而是自然具备只待人去利用的东西。",
        "type": "paragraph",
      },
      {
        "text": "经济条件的性质，从其自然性一方面看来，也和地理条件相同。因为现在并不讨论在沙漠里建立根据地，沙漠里也没有什么敌人，讨论的是在敌人后方建立根据地，而一切敌人能到之处，当然早就有了中国人，也早就有了吃饭的经济基础，故在建立根据地问题上，不发生选择经济条件的问题。一切有中国人又有敌人的地方，不问其经济条件如何，都应尽可能地发展游击战争，并建立永久的或临时的根据地。但从其政治性一方面看来则不然，这里的问题是存在的，这就是经济政策的问题，这一点对于建立根据地是带着严重性的。游击战争根据地的经济政策，必须执行抗日民族统一战线的原则，即合理负担和保护商业，当地政权和游击队决不能破坏这种原则，否则将影响于根据地的建立和游击战争的支持。合理负担即实行“有钱者出钱”，但农民亦须供给一定限度的粮食与游击队。保护商业应表现于游击队的严格的纪律上面；除了有真凭实据的汉奸之外，决不准乱没收一家商店。这是困难的事，但这是必须执行的确定的政策。",
        "type": "paragraph",
      },
      {
        "text": "第四节 根据地的巩固和发展",
        "type": "subtitle",
      },
      {
        "text": "为了把侵入中国的敌人围困在少数的据点，即大城市和交通干线之内，各个根据地上的游击战争必须极力向其根据地的四周发展，迫近一切敌人的据点，威胁其生存，动摇其军心，同时即发展了游击战争的根据地，这是十分必要的。这里，要反对游击战争中的保守主义。保守主义不论是由于贪图安逸而发生的，或由于对敌人力量的过高估计而发生的，均将给予抗日战争以损失，对于游击战争及其根据地的本身也是不利的。另一方面，不可忘记根据地的巩固，而其主要的工作是发动和组织民众，以及游击部队和地方武装的训练。这种巩固，是支持长期战争所必需，也是向前发展所必需的，不巩固就不能有力地向前发展。只知道发展忘记了巩固的游击战争，经不起敌人的进攻，结果不但丧失了发展，且有危及根据地本身之虞。正确的方针是巩固地向前发展，这是进可以攻退可以守的好办法。只要是长期战争，根据地的巩固和发展的问题，是每个游击队经常发生的问题。具体解决时应依照情况去决定。某一时期，把重心放在发展方面，这就是推广游击区、扩大游击队的工作。另一时期，则把重心放在巩固方面，这就是组织民众、训练部队的工作。因为二者的性质不同，军事部署和工作执行随之而不同，必须依情况分时期有所侧重，才能很好地解决这个问题。",
        "type": "paragraph",
      },
      {
        "text": "第五节 敌我之间的几种包围",
        "type": "subtitle",
      },
      {
        "text": "从整个抗日战争看来，由于敌之战略进攻和外线作战，我处战略防御和内线作战地位，无疑我是处在敌之战略包围中。这是敌对于我的第一种包围。由于我以数量上优势的兵力，对于从外线分数路向我前进之敌采取战役和战斗的进攻和外线作战的方针，就使各个分进之敌的每一个处于我之包围中。这是我对于敌的第一种包围。再从敌后游击战争的根据地看来，每一孤立的根据地都处于敌之四面或三面包围中，前者例如五台山地区，后者例如晋西北地区。这是敌对于我的第二种包围。但若将各个根据地联系起来看，并将各个游击战争根据地和正规军的战线联系起来看，我又把许多敌人都包围起来。例如在山西，我已三面包围了同蒲路（路之东西两侧及南端），四面包围了太原城；在河北、山东等省，亦有许多这样的包围。这是我对于敌的第二种包围。由是敌我各有加于对方的两种包围，大体上好似下围棋一样，敌对于我我对于敌之战役和战斗的作战好似吃子，敌之据点和我之游击根据地则好似做眼。在这个“做眼”的问题上，表示了敌后游击战争根据地之战略作用的重大性。这个问题，提在抗日战争面前，就是一方面在全国军事当局，又一方面在各地的游击战争领导者，均须把在敌后发展游击战争和在一切可能地方建立根据地的任务，放在自己的议事日程上，把它作为战略任务执行起来。如果我们能在外交上建立太平洋反日阵线，把中国作为一个战略单位，又把苏联及其他可能的国家也各作为一个战略单位，我们就比敌人多了一个包围，形成了一个太平洋的外线作战，可以围剿法西斯日本。这一点在今天当然还没有实际意义，但不是没有这种前途的。",
        "type": "paragraph",
      },
      {
        "text": "第七章 游击战争的战略防御和战略进攻",
        "type": "subtitle",
      },
      {
        "text": "游击战争战略问题的第四个问题，是游击战争的战略防御和战略进攻的问题。这是第一个问题里所述的进攻战方针在抗日游击战争处于防御姿势和处于进攻姿势中如何具体地应用的问题。",
        "type": "paragraph",
      },
      {
        "text": "在全国的战略防御和战略进攻（正确地说，战略反攻）中间，每一游击战争的根据地上面及其周围，也有其小规模的战略防御和战略进攻，前者是敌取攻势我取守势时的战略形势和战略方针，后者是敌取守势我取攻势时的战略形势和战略方针。",
        "type": "paragraph",
      },
      {
        "text": "第一节 游击战争的战略防御",
        "type": "subtitle",
      },
      {
        "text": "在游击战争已经起来并有相当的发展之后，特别是在敌人停止了对我全国的战略进攻、采取保守其占领地的方针的时候，敌人向游击战争根据地的进攻是必然的。对于这种必然性的认识是必要的，否则游击战争的领导者们全无准备，一旦遇到敌人严重地进攻的形势，必至惊惶失措，被敌击破。",
        "type": "paragraph",
      },
      {
        "text": "敌人为达到消灭游击战争及其根据地之目的，常会采取围攻的办法，例如五台山地区就已有了四五次的所谓“讨伐”，每次配置三路、四路以至六、七路的兵力，同时有计划地前进。游击战争发展的规模越大，其根据地所处的位置越重要，威胁敌人的战略基地和交通要道越大，敌人对于游击战争及其根据地的进攻也将会越厉害。所以，凡属敌人进攻游击战争越厉害之处，就证明那里的游击战争越有成绩，对于正规战争的配合也就越有作用。",
        "type": "paragraph",
      },
      {
        "text": "在敌人数路围攻的情况之下，游击战争的方针是打破这种围攻，采取反围攻的形态。在敌数路前进，但每路只有一个或大或小的部队，没有后续部队，不能沿途配置兵力、构筑堡垒、修筑汽车路的情况之下，这种围攻是容易打破的。这时，敌是进攻和外线作战，我是防御和内线作战。我之部署应是以次要兵力钳制敌之数路，而以主要兵力对付敌之一路，采取战役和战斗的袭击战法（主要的是埋伏战），于敌行动中打击之。敌人虽强，经过多次的袭击，也就削弱下来，往往中途撤退，此时游击队又可于追击敌人时继续袭击，再行削弱他。当敌人还没有停止进攻或实行退却之时，总是占据根据地内的县城或市镇，我便应包围这种县城或市镇，断绝其粮食来源和交通联络，等到敌人无法支持向后退走时，我便乘机追击之。一路打破之后，又转移兵力去打破敌之另一路，这样各个地击破敌之围攻。",
        "type": "paragraph",
      },
      {
        "text": "在一个大的根据地内，例如五台山地区，是在一个“军区”之内分为四五个或更多的“军分区”的，每一军分区都有独立作战的武装部队。在上述作战方法之下，往往同时地或先后地打破了敌人的进攻。",
        "type": "paragraph",
      },
      {
        "text": "在反围攻的作战计划中，我之主力一般是位于内线的。但在兵力优裕的条件下，使用次要力量（例如县和区的游击队，以至从主力中分出一部分）于外线，在那里破坏敌之交通，钳制敌之增援部队，是必要的。如果敌在根据地内久踞不去，我可以倒置地使用上述方法，即以一部留在根据地内围困该敌，而用主力进攻敌所从来之一带地方，在那里大肆活动，引致久踞之敌撤退出去打我主力；这就是“围魏救赵”的办法。",
        "type": "paragraph",
      },
      {
        "text": "在反围攻的作战中，地方人民的抗日自卫军和一切民众组织，应全体动员起来参加战争，用各种方法帮助我军，反对敌人。在反对敌人的工作中，地方戒严和可能程度的坚壁清野两事是重要的。前者为了镇压汉奸，并使敌人得不到消息；后者为了协助作战（坚壁），并使敌人得不到粮食（清野）。这里所说的清野，是指粮食成熟时早日收割的意思。",
        "type": "paragraph",
      },
      {
        "text": "敌人退却时往往将所踞城市中的房屋和所经道路上的村庄放火烧毁，目的在给予游击战争根据地以破坏，但同时就使得敌人第二次进攻时没有房子住和没有饭吃，害了他们自己。这就是所谓在一件事情上面包含着两种互相矛盾的意义的具体例证之一。",
        "type": "paragraph",
      },
      {
        "text": "不是在几经反围攻之后业已证明在那里无法打破严重的围攻时，游击战争的领导者不应企图放弃那个根据地而跑到别的根据地去。在这里，应注意防止悲观情绪的发生。只要领导上不犯原则错误，一般的山岳地带，总是能够打破围攻和坚持根据地的。只有平原地带，如果在严重的围攻之下，就应根据具体情势，考虑下面的问题：留着许多小的游击部队在当地分散活动，而将大的游击兵团暂时地转移到山地里去，等到敌人主力移动他去，我又再往那里活动。",
        "type": "paragraph",
      },
      {
        "text": "由于中国地区广大、敌人兵力不足的矛盾情况，敌人是一般地不能采取中国内战时国民党的堡垒主义的。但是我们应该估计到在某些特别威胁敌人要害的游击根据地中，敌人有可能采取相当程度的堡垒主义，要准备就是在这种情况之下仍然坚持那里的游击战争。毫无疑义的，根据在内战时还能坚持游击战争的经验，在民族战争中当然更能够坚持。因为即使在兵力对比上，在某些根据地中，敌能使用不但在质量上而且在数量上极端优势的兵力，但是敌我民族矛盾无法解决，敌之指挥弱点无可避免。我之胜利，就建立在深入的民众工作和灵活的作战方法之上。",
        "type": "paragraph",
      },
      {
        "text": "第二节 游击战争的战略进攻",
        "type": "subtitle",
      },
      {
        "text": "在已将敌之进攻打破，敌之新的进攻尚未到来的时候，是敌取战略守势我取战略攻势的时候。",
        "type": "paragraph",
      },
      {
        "text": "这种时候，我之作战方针，不在于攻击不可必胜的、固守着防御阵地的敌人；而在于有计划地在一定地区内消灭和驱逐为游击队力能胜任的小敌和汉奸武装，扩大我之占领地区，发动民众的抗日斗争，补充并训练部队，组织新的游击队。在这些任务做得有了些眉目之后，如果敌人还在守势之中，就可以进一步扩大我之新占领地区，攻击那些敌力薄弱的城市和交通线，依其情况而长久地或暂时地占领之。所有这些，都是战略进攻的任务，目的在于乘着敌取守势之时，有效地发展自己的军事的和民众的力量，有效地缩小敌人的力量，并准备敌人再度向我进攻时又能有计划地和有力地打破之。",
        "type": "paragraph",
      },
      {
        "text": "部队的休息和训练是必要的，敌取守势时是我最好的休息和训练的时机。不是一事不做专门关起门来休息和训练，而是在扩大占领地，消灭小敌，发动民众的工作中，争取时间达到休息和训练的目的。解决给养被服等困难问题，也往往在这个时候。",
        "type": "paragraph",
      },
      {
        "text": "大规模地破坏敌之交通线，妨碍敌之运输，直接帮助正规军的战役作战，也在这个时候。",
        "type": "paragraph",
      },
      {
        "text": "这时，整个的游击根据地、游击区和游击部队，都是兴高采烈的时候，被敌摧残的地区也逐渐整理，恢复元气。敌占地区内的民众亦十分高兴，到处都传播游击队的声威。敌人及其走狗汉奸的内部，则一方面发展着恐慌情绪和分化作用，一方面又增加着对于游击队和根据地的仇恨，加紧地准备着对付游击战争。因此，游击战争的领导者们不可在自己的战略进攻中得意忘形，轻视敌人，忘记了团结内部、巩固根据地和巩固部队的工作。在这种时候，须善于观看敌人的风色，看其是否又有向我进攻的朕兆，以便一遇进攻，就能适当地结束我之战略进攻，转入战略防御，再从战略防御中粉碎敌人的进攻。",
        "type": "paragraph",
      },
      {
        "text": "第八章 向运动战发展",
        "type": "subtitle",
      },
      {
        "text": "抗日游击战争战略问题的第五个问题，是向运动战发展的问题，其必要和可能，也是由于战争的长期性和残酷性而来的。如果中国能迅速地战胜日寇，并迅速地收复失地，没有什么持久战，也不是什么残酷的战争，那末，游击战向运动战发展的必要就不存在。然而情形是相反的，战争是长期而且残酷，游击战只有向运动战发展才能适应这样的战争。战争既是长期的和残酷的，就能够使游击队受到必要的锻炼，逐渐地变成正规的部队，因而其作战方式也将逐渐地正规化，游击战就变成运动战了。游击战争的领导者们必须明确地认识这种必要性和可能性，才能坚持向运动战发展的方针，并有计划地执行之。",
        "type": "paragraph",
      },
      {
        "text": "现在许多地方的游击战争，例如五台山等处，是由正规军派出强大的支队去发展的。那里的作战虽然一般是游击战，但开始即包含了运动战的成分。随着战争的持久，这种成分将逐渐地增加。这是今天抗日游击战争的长处，不但使游击战争迅速地发展，并且使之迅速地提高，较之东三省的游击战争，条件优越得多了。",
        "type": "paragraph",
      },
      {
        "text": "由执行游击战的游击部队化为执行运动战的正规部队，须具备数量扩大和质量提高两个条件。前者除直接动员人民加入部队外，可采取集中小部队的办法；后者则依靠战争中的锻炼和提高武器的质量。",
        "type": "paragraph",
      },
      {
        "text": "集中小部队，一方面，须防止只顾地方利益因而妨碍集中的地方主义；另一方面，也须防止不顾地方利益的单纯军事主义。",
        "type": "paragraph",
      },
      {
        "text": "地方主义是存在于地方游击队和地方政府中间的，他们往往只顾地方的利益，忘记全局的利益，或贪图分散活动，不惯集团生活。主力游击部队或游击兵团的领导者们，必须注意到这种情形，采取逐渐地和部分地集中的办法，使地方保有余力能够继续地发展游击战争；采取首先协同行动然后实行合编以及不破坏其建制不撤换其干部的办法，使小集团能够融合于大集团。",
        "type": "paragraph",
      },
      {
        "text": "单纯军事主义和地方主义相反，乃是主力部队里头的人们只图扩充自己不顾扶助地方武装的一种错误观点。他们不知道游击战向运动战发展并非废除游击战，而是在广泛发展的游击战之中逐渐地形成一个能够执行运动战的主力，环绕这个主力的仍然应有广大的游击部队和游击战争。这种广大的游击部队，造成这个主力的丰富的羽翼，又是这个主力继续扩大的不断的源泉。所以，主力部队的领导者如果犯了不顾地方民众和地方政府的利益的单纯军事主义的错误，就必须加以克服，使主力的扩大和地方武装的繁殖，各得着适宜的位置。",
        "type": "paragraph",
      },
      {
        "text": "提高质量，须在政治、组织、装备、技术、战术、纪律等各方面有所改进，逐渐地仿照正规军的规模，减少游击队的作风。政治上须使指挥员、战斗员们认识从游击队到正规军提高一步的必要性，鼓励大家为此而努力，并以政治工作去保障之。组织上须逐渐地具备为一个正规兵团所必需的军事和政治的工作机关，军事和政治的工作人员，军事和政治的工作方法以及供给卫生等的经常制度。装备方面，须提高武器的质量和种类，增加必要的通讯器材。技术和战术方面，从游击部队的技术和战术提高到作为一个正规兵团所必需的技术和战术。纪律方面，提高到整齐划一令行禁止的程度，消灭自由和散漫的现象。所有这些方面的完成，需要一个长的努力过程，不是一朝一夕的工程，然而必须向这个方向发展。只有这样，一个游击战争根据地上面的主力兵团才能造成，更有效力地打击敌人的运动战方式才能出现。这种目的，在有正规军派遣支队或派遣干部的地方，是能够比较顺利地达到的。因此，一切正规军均有扶助游击队向着正规部队发展的责任。",
        "type": "paragraph",
      },
      {
        "text": "第九章 指挥关系",
        "type": "subtitle",
      },
      {
        "text": "抗日游击战争战略问题的最后一个问题，是指挥关系的问题。这个问题的正确解决，是游击战争顺利发展的条件之一。",
        "type": "paragraph",
      },
      {
        "text": "游击战争的指挥方法，由于游击部队是低级的武装组织和分散行动的特性，不容许高度的集中主义，如同正规战争的指挥方法那样。如果企图拿正规战争的指挥方法施之于游击战争，必然地要束缚游击战争的高度活泼性，而使游击战争毫无生气。高度的集中指挥和游击战争的高度活泼性是正相反对的东西；对于这种高度活泼的游击战争，施之以高度集中的指挥制度，不但不应该，而且不可能。",
        "type": "paragraph",
      },
      {
        "text": "然而游击战争不是不要任何的集中指挥就能够顺利地发展的。在有广大的正规战争，同时又有广大的游击战争存在的情况之下，使二者适当地配合行动是必要的，这里就需要对于正规战争和游击战争配合行动的指挥，这就是国家参谋部和战区司令官关于战略作战的统一指挥。在一个游击区或游击根据地里面，那里存在着多数的游击队，其中往往有一个至数个作为主力的游击兵团（有时还有正规兵团）和许多作为辅助力量的大小游击部队，还有不脱离生产的广大的人民武装，那里的敌人也往往成为一个局面，统一地对付游击战争。因此，就在这种游击区或根据地里面，发生了统一指挥，即集中指挥的问题。",
        "type": "paragraph",
      },
      {
        "text": "由此，游击战争的指挥原则，一方面反对绝对的集中主义，同时又反对绝对的分散主义，应该是战略的集中指挥和战役战斗的分散指挥。",
        "type": "paragraph",
      },
      {
        "text": "战略的集中指挥，包括国家对于整个游击战争的部署，各个战区里面游击战争和正规战争的配合行动以及每个游击区或根据地里面对于全区抗日武装的统一指导。在这些上面的不协调、不统一、不集中，是有害的，应该尽可能地求得其协调、统一和集中。凡关于一般事项，即战略性质的事项，下级必须报告上级，并接受上级的指导，以收协同动作之效。然而集中到此为止，过此限度，干涉到下级的具体事项，例如战役战斗的具体部署等等，同样是有害的。因为这些具体事项，必须按照随时变化随地不同的具体情况去做，而这些具体情况，是离得很远的上级机关无从知道的。这就是战役和战斗的分散指挥原则。这个原则也一般地通用于正规战争的作战，特别是在通讯工具不完备的情况下。一句话，就是：战略统一下的独立自主的游击战争。",
        "type": "paragraph",
      },
      {
        "text": "在游击根据地组成一个军区，其下分为几个军分区，军分区之下分为几个县，县之下分为几个区的情况，军区司令部、军分区司令部、县政府、区政府的系统是隶属关系，武装部队依其性质分别地隶属之。它们之间的指挥关系，根据上述的原则，一般的方针集中于上级；具体的行动按照具体情况实施之，下级有独立自主之权。上级对下级某些具体行动有意见，可以而且应该作为“训令”提出，但决不应作为不可改变的“命令”。越是地区广大，情况复杂，上下级距离很远，这种具体行动就越应加大其独立自主的权限，越应使之多带地方性，多切合地方情况的要求，以便培养下级和地方人员的独立工作能力，应付复杂的环境，发展胜利的游击战争。如果是一个集中行动的部队或兵团，其内部指挥关系，适用集中指挥的原则，因为情况是明了的；但是如果该部队或该兵团一旦分散行动，便又适用一般集中、具体分散的原则，因为具体的情况无从明了。",
        "type": "paragraph",
      },
      {
        "text": "应该集中的不集中，在上者叫做失职，在下者叫做专擅，这是在任何上下级关系上特别是在军事关系上所不许可的。应该分散的不分散，在上者叫做包办，在下者叫做无自动性，这也是在任何上下级关系上特别是在游击战争的指挥关系上所不许可的。只有上述的原则，才是正确地解决这个问题的方针。",
        "type": "paragraph",
      },
    ],
    "title": "抗日游击战争的战略问题",
  },
]
`;

exports[`truncated comment 1`] = `
[
  {
    "authors": [
      "毛泽东",
    ],
    "comment_pivots": [
      {
        "index": 1,
        "offset": 34,
        "part_idx": 1,
      },
      {
        "index": 2,
        "offset": 118,
        "part_idx": 9,
      },
      {
        "index": 3,
        "offset": 336,
        "part_idx": 9,
      },
    ],
    "comments": [
      "这是新华社编辑部写的一篇评论，发表于一九四九年八月十二日。",
      "一九四八年六月，由保、罗、匈、波、苏、法、捷、意各国共产党、工人党参加的情报局会议，作出《关于南斯拉夫共产党状况》的决议，对南共进行公开的指责，并把南共开除出情报局。当时，中国共产党支持了这个决议。一九四九年情报局又通过《南斯拉夫共产党在杀人犯和间谍掌握中》的决议。对这个决议中国共产党没有表示态度。关于对待南斯拉夫的问题，一九五六年九月，毛泽东在同南共联盟参加中国共产党第八次全国代表大会代表团谈话时曾说：我们有对不起你们的地方。过去听了情报局的意见，我们虽然没有参加情报局，但对它也很难不支持。一九四九年情报局骂你们是刽子手、希特勒分子，对那个决议我们没有表示什么。一九四八年我们写过文章批评你们。其实也不应该采取这种方式，应该和你们商量。假如你们有些观点是错了，可以向你们谈，由你们自己来批评，不必那样急。反过来，你们对我们有意见，也可以采取这种办法，采取商量、说服的办法。在报纸上批评外国的党，成功的例子很少。这次事件对国际共产主义运动来说，是取得了一个深刻的历史教训。",
      "华盛顿（一七三二——一七九九）、杰斐逊（一七四三——一八二六）、林肯（一八〇九——一八六五），都是美国早期著名的资产阶级政治家。华盛顿是美国独立战争时期（一七七五——一七八三）的殖民地起义军队总司令，美国的第一任总统。杰斐逊是美国《独立宣言》的起草者，曾任美国总统。林肯主张废除美国的黑奴制度，他在担任美国总统期间，领导了反对美国南部各州奴隶主的战争（一八六一——一八六五），并在一八六三年颁布了《解放黑奴宣言》。",
    ],
    "dates": [
      {
        "day": 28,
        "month": 8,
        "year": 1949,
      },
    ],
    "description": "",
    "is_range_date": false,
    "page_end": 875,
    "page_start": 872,
    "parts": [
      {
        "text": "为什么要讨论白皮书？",
        "type": "title",
      },
      {
        "text": "关于美国白皮书和艾奇逊的信件，我们业已在三篇文章（《无可奈何的供状》、《丢掉幻想，准备斗争》、《别了，司徒雷登》）中给了批评。这些批评，业已引起了全国各民主党派，各人民团体，各报社，各学校以及各界民主人士的广泛的注意和讨论，他们并发表了许多正确的和有益的声明、谈话或评论。各种讨论白皮书的座谈会正在开，整个的讨论还在发展。讨论的范围涉及中美关系，中苏关系，一百年来的中外关系，中国革命和世界革命力量的相互关系，国民党反动派和中国人民的关系，各民主党派各人民团体和各界民主人士在反帝国主义斗争中应取的态度，自由主义者或所谓民主个人主义者在整个对内对外关系中应取的态度，对于帝国主义的新阴谋如何对付，等等。这种现象是很好的，是很有教育作用的。",
        "type": "paragraph",
      },
      {
        "text": "现在全世界都在讨论中国革命和美国的白皮书，这件事不是偶然的，它表示了中国革命在整个世界历史上的伟大意义。就中国人来说，我们的革命是基本上胜利了，但是很久以来还没有获得一次机会来详尽地展开讨论这个革命和内外各方面的相互关系。这种讨论是必需的，现在并已找到了机会，这就是讨论美国的白皮书。过去关于这种讨论之所以没有获得机会，是因为革命还没有得到基本上的胜利，中外反动派将大城市和人民解放区隔绝了，再则革命的发展还没有使几个矛盾侧面充分暴露的缘故。现在不同了，大半个中国已被解放，各个内外矛盾的侧面都已充分地暴露出来，恰好美国发表了白皮书，这个讨论的机会就找到了。",
        "type": "paragraph",
      },
      {
        "text": "白皮书是一部反革命的书，它公开地表示美帝国主义对于中国的干涉。就这一点来说，表现了帝国主义已经脱出了常轨。伟大的胜利的中国革命，已经迫使美帝国主义集团内部的一个方面，一个派别，要用公开发表自己反对中国人民的若干真实材料，并作出反动的结论，去答复另一个方面，另一个派别的攻击，否则他们就混不下去了。公开暴露代替了遮藏掩盖，这就是帝国主义脱出常轨的表现。在几星期以前，在白皮书发表以前，帝国主义政府的反革命事业尽管每天都在做，但是在嘴上，在官方的文书上，却总是满篇的仁义道德，或者多少带一些仁义道德，从来不说实话。老奸巨猾的英帝国主义及其他几个小帝国主义国家，至今还是如此。后起的，暴发的，神经衰弱的，一方面遭受人民反对，另方面遭受其同伙中一派反对的美国杜鲁门、马歇尔、艾奇逊、司徒雷登等人的帝国主义系统，认为以公开暴露若干（不是一切）反革命真相的方法来和他们同伙中的对手辩论究竟哪一种反革命方法较为聪明的问题，是必要的和可行的。他们企图借此说服其对手，以便继续他们自认为较为聪明的反革命方法。两派反革命竞赛，一派说我们的法子最好，另一派说我们的法子最好。争得不得开交了，一派突然摊牌，将自己用过的许多法宝搬出来，名曰白皮书。",
        "type": "paragraph",
      },
      {
        "text": "这样一来，白皮书就变成了中国人民的教育材料。多少年来，在许多问题上，主要地是在帝国主义的本性问题和社会主义的本性问题上，我们共产党人所说的，在若干（曾经有一个时期是很多）中国人看来，总是将信将疑的，“怕未必吧”。这种情况，在一九四九年八月五日以后起了一个变化。艾奇逊上课了，艾奇逊以美国国务卿的资格说话了，他所说的和我们共产党人或其他先进人们所说的，就某些材料和某些结论来说，如出一辙。这一下，可不能不信了，使成群的人打开了眼界，原来是这么一回事。",
        "type": "paragraph",
      },
      {
        "text": "艾奇逊在其致杜鲁门的信的开头，提起他编纂白皮书的故事。他说他这本白皮书编得与众不同，很客观，很坦白。“这是关于一个伟大的国家生平最复杂、最苦恼的时期的坦白记录，这个国家早就和美国有着极亲密的友谊的联系。凡是找到了的材料都没有删略，尽管那里面有些话是批评我们政策的，尽管有些材料将来会成为批评的根据。我们政府对于有见识的和批评性的舆论能够感应，这便是我们的制度的固有力量。这种有见识的和批评性的舆论，正是右派和共产党的极权政府都不能忍受，都不肯宽容的。”",
        "type": "paragraph",
      },
      {
        "text": "中美两国人民间的某些联系是存在的。经过两国人民的努力，这种联系，将来可能发展到“极亲密的友谊的”那种程度。但是，因为中美两国反动派的阻隔，这种联系，过去和现在都受到了极大的阻碍。并且因为两国反动派向两国人民撒了许多谎，拆了许多烂污，就是说做了许多的坏宣传和坏事，使得两国人民的联系极不密切。艾奇逊所说的“极亲密的友谊的联系”，不是说的两国人民，而是说的两国反动派。在这里，艾奇逊既不客观，也不坦白，他混淆了两国人民和两国反动派的相互关系。对于两国人民，中国革命的胜利和中美两国反动派的失败，是一生中空前地愉快的事，目前的这个时期，是一生中空前地愉快的时期。只有杜鲁门、马歇尔、艾奇逊、司徒雷登和其他美国反动派，蒋介石、孔祥熙、宋子文、陈立夫、李宗仁、白崇禧和其他中国反动派与此相反，确是“生平最复杂、最苦恼的时期”。",
        "type": "paragraph",
      },
      {
        "text": "艾奇逊们对于舆论的看法，混淆了反动派的舆论和人民的舆论。对于人民的舆论，艾奇逊们什么也不能“感应”，他们都是瞎子和聋子。几年来，美国、中国和全世界的人民反对美国政府的反动的对外政策，他们是充耳不闻的。什么是艾奇逊所说的“有见识的和批评性的舆论”呢？就是被美国共和、民主两个反动政党所操纵的许许多多的报纸、通讯社、刊物、广播电台等项专门说谎和专门威胁人民的宣传机关。对于这些东西，艾奇逊说对了，共产党（不，还有人民）确是“都不能忍受，都不肯宽容的”。于是乎帝国主义的新闻处被我们封闭了，帝国主义的通讯社对中国报纸的发稿被我们禁止了，不允许它们自由自在地再在中国境内毒害中国人民的灵魂。",
        "type": "paragraph",
      },
      {
        "text": "共产党领导的政府是“极权政府”的话，也有一半是说得对的。这个政府是对于内外反动派实行专政或独裁的政府，不给任何内外反动派有任何反革命的自由活动的权利。反动派生气了，骂一句“极权政府”。其实，就人民政府关于镇压反动派的权力来说，千真万确地是这样的。这个权力，现在写在我们的纲领上，将来还要写在我们的宪法上。对于胜利了的人民，这是如同布帛菽粟一样地不可以须臾离开的东西。这是一个很好的东西，是一个护身的法宝，是一个传家的法宝，直到国外的帝国主义和国内的阶级被彻底地干净地消灭之日，这个法宝是万万不可以弃置不用的。越是反动派骂“极权政府”，就越显得是一个宝贝。但是艾奇逊的话有一半是说错了。共产党领导的人民民主专政的政府，对于人民内部来说，不是专政或独裁的，而是民主的。这个政府是人民自己的政府。这个政府的工作人员对于人民必须是恭恭敬敬地听话的。同时，他们又是人民的先生，用自我教育或自我批评的方法，教育人民。",
        "type": "paragraph",
      },
      {
        "text": "至于艾奇逊所说的“右派极权政府”，自从德意日三个法西斯政府倒了以后，在这个世界上，美国政府就是第一个这样的政府。一切资产阶级的政府，包括受帝国主义庇护的德意日三国的反动派政府在内，都是这样的政府。南斯拉夫的铁托政府现在也成了这一伙的帮手。美国英国这一类型的政府是资产阶级一个阶级向人民实行专政的政府。它的一切都和人民政府相反，对于资产阶级内部是有所谓民主的，对于人民则是独裁的。希特勒、墨索里尼、东条、佛朗哥、蒋介石等人的政府取消了或者索性不用那片资产阶级内部民主的幕布，是因为国内阶级斗争紧张到了极点，取消或者索性不用那片布比较地有利些，免得人民也利用那片布去手舞足蹈。美国政府现在还有一片民主布，但是已被美国反动派剪得很小了，又大大地褪了颜色，比起华盛顿、杰斐逊、林肯的朝代来是差远了，这是阶级斗争迫紧了几步的缘故。再迫紧几步，美国的民主布必然要被抛到九霄云外去。",
        "type": "paragraph",
      },
      {
        "text": "大家可以看出，艾奇逊一开口就错了这许多。这是不可避免的，因为他是反动派。至于说，他的白皮书是怎样一个“坦白记录”这一点，我们认为坦白是有的，也是没有的。艾奇逊们主观上认为有利于他们一党一派的东西，他们是有坦白的。反之，则是没有的。装作坦白，是为了作战的目的。",
        "type": "paragraph",
      },
    ],
    "title": "为什么要讨论白皮书？",
  },
]
`;

exports[`zhilaohu 1`] = `
[
  {
    "authors": [
      "毛泽东",
    ],
    "comment_pivots": [],
    "comments": [],
    "dates": [
      {
        "day": 18,
        "month": 11,
        "year": 1957,
      },
    ],
    "description": "这是毛泽东同志在莫斯科共产党和工人党代表会议上发言的节录。",
    "is_range_date": false,
    "page_end": 1183,
    "page_start": 1183,
    "parts": [
      {
        "text": "一切反动派都是纸老虎",
        "type": "title",
      },
      {
        "text": "一九四六年蒋介石开始向我们进攻的时候，我们许多同志一全国人民，都很忧虑：战争是不是能够打赢？我本人也忧虑这件事。但是我们有一条信心。那时有一个美国记者到了延安，名字叫安娜·路易斯·斯特朗。我同她谈话的时候谈了许多问题，蒋介石、希特勒、日本、美国、原子弹等等。我说一切所有号称强大的反动派统统不过是纸老虎。原因是他们脱离人民。你看，希特勒是不是纸老虎？希特勒不是被打倒了吗？我也谈到沙皇是纸老虎，中国皇帝是纸老虎，日本帝国主义是纸老虎，你看，都倒了。美帝国主义没有倒，还有原子弹，我看也是要倒的，也是纸老虎。蒋介石很强大，有四百多万正规军。那时我们在延安。延安这个地方有多少人？有七千人。我们有多少军队呢？我们有九十万游击队，统统被蒋介石分割成几十个根据地。但是我们说，蒋介石不过是一个纸老虎，我们一定会打赢他。为了同敌人作斗争，我们在一个长时间内形成了一个概念，就是说，在战略上我们要藐视一切敌人，在战术上我们要重视一切敌人。也就是说在整体上我们一定要藐视它，在一个一个的具体问题上我们一定要重视它。如果不是在整体上藐视敌人，我们就要犯机会主义的错误。马克思、恩格斯只有两个人，那时他们就说全世界资本主义要被打倒。但是在具体问题上，在一个一个敌人的问题上，如果我们不重视它，我们就要犯冒险主义的错误。打仗只能一仗一仗地打，敌人只能一部分一部分地消灭。工厂只能一个一个地盖，农民犁田只能一块一块地犁，就是吃饭也是如此。我们在战略上藐视吃饭：这顿饭我们能够吃下去。但是具体地吃，却是一口口地吃的，你不可能把一桌酒席一口吞下去。这叫做各个解决，军事书上叫做各个击破。",
        "type": "paragraph",
      },
    ],
    "title": "一切反动派都是纸老虎",
  },
]
`;
