// Vitest Snapshot v1

exports[`jqjianghua > title & dates & authors 1`] = `
[
  "林彪同志委托江青同志召开的部队文艺工作座谈会纪要",
  "给林彪的信",
  "江青陈伯达在北京大学的讲话",
  "江青陈伯达在北京大学的讲话",
  "陈伯达康生江青等在北京广播学院的讲话",
  "康生江青在北京大学全校辩论会上的讲话",
  "江青戚本禹在北京轻工业学院会见学生代表时的谈话",
  "中央首长在北京大学的讲话",
  "康生江青陈伯达在北京师范大学的讲话",
  "江青对北京市海淀区中学生的讲话",
  "江青陈伯达在撤消北京轻工业学院工作队大会上的讲话",
  "江青康生陶铸陈伯达在中国科学院万人大会上的讲话",
  "江青朱德康生在北京大学的讲话",
  "江青王任重康生对北京中学生的讲话",
  "中央领导同志在北京工人体育场的讲话",
  "江青杨成武在首都大专院校红卫兵司令部成立大会上的讲话",
  "江青陈伯达康生在中国科学院的讲话",
  "江青刘志坚在首都大专院校红卫兵总部成立大会上的讲话",
  "中央首长在向资产阶级反动路线猛烈开火誓师大会上的讲话",
  "周恩来江青等接见部分学校红卫兵代表座谈会纪要",
  "江青接见北京中学生代表谈阶级路线",
  "陈伯达江青对北京航空学院同学的讲话",
  "陈伯达江青周恩来谢镗忠吴德在文艺界大会上的讲话",
  "江青同美术工作者的谈话",
  "陈伯达江青接见北京航空学院红旗战士的讲话",
  "江青接见向《红旗》杂志贺喜群众的讲话",
  "中央文革与一司三司北航矿院等代表座谈时的讲话",
  "中央首长在北京市中学批判反动路线大会上的讲话",
  "中央首长在全国在京造反派批判反动路线大会上的讲话",
  "陈伯达江青等接见广播事业局和广播学院代表的讲话",
  "江青等接见首都大专院校代表时的座谈纪要",
  "中央首长对做接待来京师生工作的干部的讲话",
  "中央首长接见首都红卫兵代表的讲话",
  "江青对北京体育学院革命造反派的谈话",
  "江青陈伯达与全国红色劳动者造反总团代表的谈话",
  "江青周恩来等接见全国赴京上访职工代表时的讲话",
  "陈伯达江青与北京红卫兵座谈纪要",
  "中央文革召集的部分大专院校革命师生座谈会纪要",
  "江青周恩来等接见徒步来京红卫兵时的讲话",
  "江青等在会见清华革命师生员工大会上的讲话",
  "江青等接见北京航空学院红旗三战士的谈话纪要",
  "中央文革小组与北京航空学院“红旗”座谈要点",
  "中央文革小组接见北京大学代表谈话纪要",
  "陈伯达等对“赴广州揪王任重革命造反团”的指示",
  "中央首长与“毛泽东思想红卫兵首都兵团”座谈纪要",
  "周恩来江青接见全国文艺新闻体育界职工的讲话",
  "陈伯达江青在新华社接见革命群众时的讲话",
  "周恩来江青接见农林口革命造反派时的讲话",
  "中央首长接见军队院校学员代表时的讲话",
  "中央首长在工厂造反派和学生代表座谈会上的讲话",
  "中央首长接见学生工人及军事院校代表时的讲话",
  "江青徐向前对南京军队院校进京汇报团的讲话",
  "徐向前江青关锋接见空军机关及空军院校代表时的讲话",
  "陈伯达江青接见聂元梓孙蓬一的谈话",
  "陈伯达江青对中央广播事业局\\"毛泽东思想战斗团\\"的谈话",
  "陈伯达江青对中央广播事业局全局革命同志的讲话",
  "江青周恩来在大专院校及各机关造反派座谈会上的讲话",
  "中央首长在北京工人革命造反派座谈会上的讲话",
  "杨成武传达陈伯达江青关于肖华问题的指示",
  "江青陈伯达对造反派学生的讲话",
  "江青谈“北京日报”问题",
  "中央首长与北京工农兵体院毛泽东主义兵团谈话纪要",
  "中央首长在首都部分院校师生座谈会上的讲话（一）",
  "中央首长在首都部分院校师生座谈会上的讲话（二）",
  "中央首长在首都部分院校师生座谈会上的讲话（三）",
  "周恩来江青在全军文革召集的三军各组织代表会上的讲话",
  "江青与北京广播学院曹惠茹同学的谈话",
  "陈伯达江青给北京航空学院\\"红旗\\"的电话指示",
  "陈伯达江青与首都大中专院校代表座谈记录",
  "中央首长接见出版毛主席著作委员会筹委会代表",
  "江青周恩来传达林彪关于工矿企业文化大革命的讲话",
  "周恩来江青等接见军队院校及文体单位代表的讲话",
  "江青戚本禹对中央新闻纪录制片厂群众代表的讲话",
  "陈伯达康生江青审查一九六六年国庆影片时的讲话",
  "叶群陈伯达江青在总政治部所属单位座谈会上的谈话",
  "中央首长在首都革命造反红卫兵代表大会上的讲话",
  "江青陈伯达叶剑英在北京卫戍区干部大会上的讲话",
  "江青谢富治与北京中学生代表座谈纪要",
  "中央首长第三次接见青海代表会议纪要",
  "江青周恩来在首都中学红卫兵代表大会上的讲话",
  "中央首长在四川汇报会上的讲话",
  "中央首长在总后勤部机关干部大会上的讲话",
  "中央首长接见大专院校和中等学校代表的讲话",
  "中央首长与北京红代会代表座谈纪要",
  "中央首长与北京农业大学“东方红”的谈话",
  "江青在军委扩大会议上的讲话",
  "中央文革小组接见红代会各院校代表的讲话",
  "中央首长接见中学代表时的讲话",
  "康生江青在接见四川赴京代表时的讲话纪要",
  "江青在北京市革命委员会成立大会上的讲话",
  "中央首长接见《人民日报》驻外地记者的讲话",
  "中央首长接见北京大学生中学生代表时的讲话",
  "中央首长接见获释的“联动”分子时的讲话",
  "江青接见芭蕾舞剧《白毛女》演出团的讲话",
  "中央首长接见四川代表时的谈话",
  "周恩来江青陈伯达接见福建革命群众代表的讲话",
  "周恩来陈伯达江青等在北京市革命委员会全体会议上的讲话",
  "肖华江青周恩来在宣读《中共中央关于处理四川问题的决定》会上的讲话",
  "中央首长接见内蒙古军区赴京人员的谈话",
  "中央首长第七次接见河南赴京代表团纪要",
  "周恩来陈伯达江青对中国京剧院的指示",
  "中央首长对北京学生代表的讲话",
  "陈伯达康生江青接见“三军”党委时的指示",
  "中央首长在北京市革委会常委扩大会议上的讲话",
  "中央首长第三次接见安徽双方代表团的指示",
  "中央首长谈姚文元的文章《评陶铸的两本书》",
  "中央首长第六次接见天津赴京代表团谈话纪要",
  "刘巨成传达的毛主席江青关于国庆的指示",
  "中央首长分别接见大专院校代表的讲话",
  "中央首长分别接见大专院校代表的讲话",
  "江青等审查工农兵芭蕾舞剧团《白毛女》时的指示",
  "中央首长在中央直属文艺系统座谈会的讲话",
  "江青陈伯达在中央直属文艺系统座谈会上的讲话",
  "中央首长接见广东地区两派代表时的讲话",
  "江青给戚本禹的信",
  "江青在北京工人座谈会上的讲话",
  "中央首长接见北京红代会成员时的讲话",
  "谢富治在北京工代会传达周总理江青对抓“五·一六”的指示",
  "中央首长接见宁夏军区及“总指挥部”等组织代表时的讲话",
  "中央首长接见江苏赴京代表团的讲话",
  "中央首长接见天津市革委会及驻京部队文艺系统代表时的讲话",
  "中央首长接见首都大专院校革命群众组织负责人学习班时的讲话",
  "中央首长接见四川省革筹小组领导成员的指示",
  "中央首长接见浙江省赴京代表团时的重要讲话",
  "中央首长接见江苏赴京汇报代表团暨江苏在京学习班的讲话",
  "中央首长在接见军队干部会议上的讲话",
  "中央首长在首都十万人大会上的讲话",
  "江青接见湖南赴京汇报团时谈张平化",
  "周恩来江青陈伯达接见北京农业大学东方红时的讲话",
  "周恩来江青听取铁路会议代表汇报时的插话",
  "江青关于中共中央国务院联合接待站郑山问题的批示",
  "中央文革接见钢琴伴唱《红灯记》演员等革命文艺战士时的讲话",
  "中央首长接见新疆代表团的指示",
  "江青在庆祝全国省市自治区成立革命委员会的大会上的讲话",
  "中央文革碰头会领导接见首都工宣队军宣队代表时的讲话",
  "康生江青姚文元谢富治在八届十二中全会第一小组会上的讲话",
  "江青对中国京剧团等单位部分人员的讲话",
  "江青张春桥姚文元接见文化组成员时的讲话",
  "江青同中联部外交部一些同志谈《水浒传》及宋江",
  "江青观看歌舞演出的讲话记录稿",
  "江青看《半篮花生》等样片时的讲话记录稿",
  "江青张春桥姚文元在批判《园丁之歌》稿件上的批示",
  "江青接见刘诗昆等人时的讲话",
  "江青听取上海乐团音乐会时的讲话",
  "王洪文江青就印发北大清华汇编《林彪与孔孟之道》给毛泽东的信",
  "江青致王洪文叶剑英张春桥邓小平的信",
  "周恩来江青迟群谢静宜姚文元在中央直属机关和国家机关批林批孔动员大会的讲话",
  "周恩来江青在新华总社学习班上的讲话",
  "江青给河南郏县广阔天地大有作为人民公社下乡知识青年的信",
  "江青致王洪文叶剑英张春桥邓小平陈锡联苏振华的信",
  "江青给国防科委情报资料研究所恽仁祥的信",
  "江青在“天津市儒法斗争史报告会”上的讲话",
  "江青对领事级以上外交干部的讲话",
  "迟群传达的江青的电话指示",
  "江青写给全国农业专业工作会议代表的一封信",
  "江青接见大寨大队干部和社员时的讲话",
  "江青在全国农业学大寨会议上的讲话",
  "江青对北影长影等单位电影创作人员的谈话",
  "江青在打招呼会议期间召集的十二省区会议上的讲话",
  "江青在清华大学的讲话节录",
  "周恩来江青谢富治关于贺龙问题的讲话",
  "江青接见文艺口同志的谈话中有关清查“五·一六”的内容",
  "周恩来康生江青接见中央直属系统文化部学部教育部等单位的军宣队代表讲话",
  "江青在中央乐团音乐会中间及演出后的讲话记录稿",
  "江青谈影片《简爱》",
  " 江青对墨西哥影片《在那些年代里》的补充意见",
]
`;

exports[`jqjianghua > title & dates & authors 2`] = `
[
  [
    {
      "day": 2,
      "month": 2,
      "year": 1966,
    },
    {
      "day": 20,
      "month": 2,
      "year": 1966,
    },
  ],
  [
    {
      "day": 19,
      "month": 3,
      "year": 1966,
    },
  ],
  [
    {
      "day": 22,
      "month": 7,
      "year": 1966,
    },
  ],
  [
    {
      "day": 23,
      "month": 7,
      "year": 1966,
    },
  ],
  [
    {
      "day": 24,
      "month": 7,
      "year": 1966,
    },
  ],
  [
    {
      "day": 25,
      "month": 7,
      "year": 1966,
    },
  ],
  [
    {
      "day": 26,
      "month": 7,
      "year": 1966,
    },
  ],
  [
    {
      "day": 26,
      "month": 7,
      "year": 1966,
    },
  ],
  [
    {
      "day": 27,
      "month": 7,
      "year": 1966,
    },
  ],
  [
    {
      "day": 28,
      "month": 7,
      "year": 1966,
    },
  ],
  [
    {
      "day": 29,
      "month": 7,
      "year": 1966,
    },
  ],
  [
    {
      "day": 30,
      "month": 7,
      "year": 1966,
    },
  ],
  [
    {
      "day": 4,
      "month": 8,
      "year": 1966,
    },
  ],
  [
    {
      "day": 6,
      "month": 8,
      "year": 1966,
    },
  ],
  [
    {
      "day": 16,
      "month": 8,
      "year": 1966,
    },
  ],
  [
    {
      "day": 27,
      "month": 8,
      "year": 1966,
    },
  ],
  [
    {
      "day": 30,
      "month": 8,
      "year": 1966,
    },
  ],
  [
    {
      "day": 5,
      "month": 9,
      "year": 1966,
    },
  ],
  [
    {
      "day": 6,
      "month": 10,
      "year": 1966,
    },
  ],
  [
    {
      "day": 8,
      "month": 11,
      "year": 1966,
    },
  ],
  [
    {
      "day": 14,
      "month": 11,
      "year": 1966,
    },
  ],
  [
    {
      "day": 19,
      "month": 11,
      "year": 1966,
    },
  ],
  [
    {
      "day": 28,
      "month": 11,
      "year": 1966,
    },
  ],
  [
    {
      "day": undefined,
      "month": 11,
      "year": 1966,
    },
  ],
  [
    {
      "day": 13,
      "month": 12,
      "year": 1966,
    },
  ],
  [
    {
      "day": 13,
      "month": 12,
      "year": 1966,
    },
  ],
  [
    {
      "day": 14,
      "month": 12,
      "year": 1966,
    },
  ],
  [
    {
      "day": 16,
      "month": 12,
      "year": 1966,
    },
  ],
  [
    {
      "day": 17,
      "month": 12,
      "year": 1966,
    },
  ],
  [
    {
      "day": 18,
      "month": 12,
      "year": 1966,
    },
  ],
  [
    {
      "day": 18,
      "month": 12,
      "year": 1966,
    },
  ],
  [
    {
      "day": 19,
      "month": 12,
      "year": 1966,
    },
  ],
  [
    {
      "day": 23,
      "month": 12,
      "year": 1966,
    },
  ],
  [
    {
      "day": 25,
      "month": 12,
      "year": 1966,
    },
  ],
  [
    {
      "day": 26,
      "month": 12,
      "year": 1966,
    },
  ],
  [
    {
      "day": 26,
      "month": 12,
      "year": 1966,
    },
  ],
  [
    {
      "day": 27,
      "month": 12,
      "year": 1966,
    },
  ],
  [
    {
      "day": 27,
      "month": 12,
      "year": 1966,
    },
  ],
  [
    {
      "day": 28,
      "month": 12,
      "year": 1966,
    },
  ],
  [
    {
      "day": 30,
      "month": 12,
      "year": 1966,
    },
  ],
  [
    {
      "day": 1,
      "month": 1,
      "year": 1967,
    },
  ],
  [
    {
      "day": 2,
      "month": 1,
      "year": 1967,
    },
  ],
  [
    {
      "day": 3,
      "month": 1,
      "year": 1967,
    },
  ],
  [
    {
      "day": 4,
      "month": 1,
      "year": 1967,
    },
  ],
  [
    {
      "day": 4,
      "month": 1,
      "year": 1967,
    },
  ],
  [
    {
      "day": 4,
      "month": 1,
      "year": 1967,
    },
  ],
  [
    {
      "day": 7,
      "month": 1,
      "year": 1967,
    },
  ],
  [
    {
      "day": 7,
      "month": 1,
      "year": 1967,
    },
  ],
  [
    {
      "day": 8,
      "month": 1,
      "year": 1967,
    },
  ],
  [
    {
      "day": 8,
      "month": 1,
      "year": 1967,
    },
  ],
  [
    {
      "day": 10,
      "month": 1,
      "year": 1967,
    },
  ],
  [
    {
      "day": 12,
      "month": 1,
      "year": 1967,
    },
  ],
  [
    {
      "day": 13,
      "month": 1,
      "year": 1967,
    },
  ],
  [
    {
      "day": 16,
      "month": 1,
      "year": 1967,
    },
  ],
  [
    {
      "day": 17,
      "month": 1,
      "year": 1967,
    },
  ],
  [
    {
      "day": 17,
      "month": 1,
      "year": 1967,
    },
  ],
  [
    {
      "day": 17,
      "month": 1,
      "year": 1967,
    },
  ],
  [
    {
      "day": 18,
      "month": 1,
      "year": 1967,
    },
  ],
  [
    {
      "day": 20,
      "month": 1,
      "year": 1967,
    },
  ],
  [
    {
      "day": 21,
      "month": 1,
      "year": 1967,
    },
  ],
  [
    {
      "day": 22,
      "month": 1,
      "year": 1967,
    },
  ],
  [
    {
      "day": 22,
      "month": 1,
      "year": 1967,
    },
  ],
  [
    {
      "day": 22,
      "month": 1,
      "year": 1967,
    },
  ],
  [
    {
      "day": 22,
      "month": 1,
      "year": 1967,
    },
  ],
  [
    {
      "day": 24,
      "month": 1,
      "year": 1967,
    },
  ],
  [
    {
      "day": 24,
      "month": 1,
      "year": 1967,
    },
  ],
  [
    {
      "day": 25,
      "month": 1,
      "year": 1967,
    },
  ],
  [
    {
      "day": 26,
      "month": 1,
      "year": 1967,
    },
  ],
  [
    {
      "day": 26,
      "month": 1,
      "year": 1967,
    },
  ],
  [
    {
      "day": 26,
      "month": 1,
      "year": 1967,
    },
  ],
  [
    {
      "day": 31,
      "month": 1,
      "year": 1967,
    },
  ],
  [
    {
      "day": 31,
      "month": 1,
      "year": 1967,
    },
  ],
  [
    {
      "day": 1,
      "month": 2,
      "year": 1967,
    },
  ],
  [
    {
      "day": 4,
      "month": 2,
      "year": 1967,
    },
  ],
  [
    {
      "day": 18,
      "month": 2,
      "year": 1967,
    },
  ],
  [
    {
      "day": 22,
      "month": 2,
      "year": 1967,
    },
  ],
  [
    {
      "day": 25,
      "month": 2,
      "year": 1967,
    },
  ],
  [
    {
      "day": 0,
      "month": 3,
      "year": 1967,
    },
  ],
  [
    {
      "day": 23,
      "month": 3,
      "year": 1967,
    },
  ],
  [
    {
      "day": 25,
      "month": 3,
      "year": 1967,
    },
  ],
  [
    {
      "day": 31,
      "month": 3,
      "year": 1967,
    },
  ],
  [
    {
      "day": 31,
      "month": 3,
      "year": 1967,
    },
  ],
  [
    {
      "day": 3,
      "month": 4,
      "year": 1967,
    },
  ],
  [
    {
      "day": 4,
      "month": 4,
      "year": 1967,
    },
  ],
  [
    {
      "day": 4,
      "month": 4,
      "year": 1967,
    },
  ],
  [
    {
      "day": 12,
      "month": 4,
      "year": 1967,
    },
  ],
  [
    {
      "day": 14,
      "month": 4,
      "year": 1967,
    },
  ],
  [
    {
      "day": 16,
      "month": 4,
      "year": 1967,
    },
  ],
  [
    {
      "day": 17,
      "month": 4,
      "year": 1967,
    },
  ],
  [
    {
      "day": 20,
      "month": 4,
      "year": 1967,
    },
  ],
  [
    {
      "day": 21,
      "month": 4,
      "year": 1967,
    },
  ],
  [
    {
      "day": 21,
      "month": 4,
      "year": 1967,
    },
  ],
  [
    {
      "day": 22,
      "month": 4,
      "year": 1967,
    },
  ],
  [
    {
      "day": 25,
      "month": 4,
      "year": 1967,
    },
  ],
  [
    {
      "day": 25,
      "month": 4,
      "year": 1967,
    },
  ],
  [
    {
      "day": 30,
      "month": 4,
      "year": 1967,
    },
  ],
  [
    {
      "day": 5,
      "month": 5,
      "year": 1967,
    },
  ],
  [
    {
      "day": 7,
      "month": 5,
      "year": 1967,
    },
  ],
  [
    {
      "day": 16,
      "month": 5,
      "year": 1967,
    },
  ],
  [
    {
      "day": 21,
      "month": 7,
      "year": 1967,
    },
  ],
  [
    {
      "day": 2,
      "month": 8,
      "year": 1967,
    },
  ],
  [
    {
      "day": 11,
      "month": 8,
      "year": 1967,
    },
  ],
  [
    {
      "day": 17,
      "month": 8,
      "year": 1967,
    },
  ],
  [
    {
      "day": 1,
      "month": 9,
      "year": 1967,
    },
  ],
  [
    {
      "day": 5,
      "month": 9,
      "year": 1967,
    },
  ],
  [
    {
      "day": 7,
      "month": 9,
      "year": 1967,
    },
  ],
  [
    {
      "day": 8,
      "month": 9,
      "year": 1967,
    },
  ],
  [
    {
      "day": 13,
      "month": 9,
      "year": 1967,
    },
  ],
  [
    {
      "day": 16,
      "month": 9,
      "year": 1967,
    },
  ],
  [
    {
      "day": 17,
      "month": 9,
      "year": 1967,
    },
  ],
  [
    {
      "day": 22,
      "month": 10,
      "year": 1967,
    },
  ],
  [
    {
      "day": 9,
      "month": 11,
      "year": 1967,
    },
  ],
  [
    {
      "day": 12,
      "month": 11,
      "year": 1967,
    },
  ],
  [
    {
      "day": 14,
      "month": 11,
      "year": 1967,
    },
  ],
  [
    {
      "day": 20,
      "month": 11,
      "year": 1967,
    },
  ],
  [
    {
      "day": 27,
      "month": 11,
      "year": 1967,
    },
  ],
  [
    {
      "day": 27,
      "month": 11,
      "year": 1967,
    },
  ],
  [
    {
      "day": 4,
      "month": 12,
      "year": 1967,
    },
  ],
  [
    {
      "day": 29,
      "month": 12,
      "year": 1967,
    },
  ],
  [
    {
      "day": 28,
      "month": 1,
      "year": 1968,
    },
  ],
  [
    {
      "day": 21,
      "month": 2,
      "year": 1968,
    },
  ],
  [
    {
      "day": 11,
      "month": 3,
      "year": 1968,
    },
  ],
  [
    {
      "day": 15,
      "month": 3,
      "year": 1968,
    },
  ],
  [
    {
      "day": 18,
      "month": 3,
      "year": 1968,
    },
  ],
  [
    {
      "day": 21,
      "month": 3,
      "year": 1968,
    },
  ],
  [
    {
      "day": 24,
      "month": 3,
      "year": 1968,
    },
  ],
  [
    {
      "day": 27,
      "month": 3,
      "year": 1968,
    },
  ],
  [
    {
      "day": 30,
      "month": 3,
      "year": 1968,
    },
  ],
  [
    {
      "day": 4,
      "month": 4,
      "year": 1967,
    },
  ],
  [
    {
      "day": 5,
      "month": 4,
      "year": 1968,
    },
  ],
  [
    {
      "day": 21,
      "month": 5,
      "year": 1968,
    },
  ],
  [
    {
      "day": 30,
      "month": 6,
      "year": 1968,
    },
  ],
  [
    {
      "day": 2,
      "month": 9,
      "year": 1968,
    },
  ],
  [
    {
      "day": 7,
      "month": 9,
      "year": 1968,
    },
  ],
  [
    {
      "day": 14,
      "month": 9,
      "year": 1968,
    },
  ],
  [
    {
      "day": 17,
      "month": 10,
      "year": 1968,
    },
  ],
  [
    {
      "day": 13,
      "month": 5,
      "year": 1969,
    },
  ],
  [
    {
      "day": 30,
      "month": 10,
      "year": 1970,
    },
  ],
  [
    {
      "day": 22,
      "month": 2,
      "year": 1973,
    },
  ],
  [
    {
      "day": 24,
      "month": 6,
      "year": 1973,
    },
  ],
  [
    {
      "day": 28,
      "month": 7,
      "year": 1973,
    },
  ],
  [
    {
      "day": 28,
      "month": 7,
      "year": 1973,
    },
  ],
  [
    {
      "day": 5,
      "month": 8,
      "year": 1973,
    },
  ],
  [
    {
      "day": 29,
      "month": 10,
      "year": 1973,
    },
  ],
  [
    {
      "day": 12,
      "month": 1,
      "year": 1974,
    },
  ],
  [
    {
      "day": 24,
      "month": 1,
      "year": 1974,
    },
  ],
  [
    {
      "day": 25,
      "month": 1,
      "year": 1974,
    },
  ],
  [
    {
      "day": 27,
      "month": 1,
      "year": 1974,
    },
  ],
  [
    {
      "day": 28,
      "month": 1,
      "year": 1974,
    },
  ],
  [
    {
      "day": 28,
      "month": 1,
      "year": 1974,
    },
  ],
  [
    {
      "day": 10,
      "month": 2,
      "year": 1974,
    },
  ],
  [
    {
      "day": 19,
      "month": 6,
      "year": 1974,
    },
  ],
  [
    {
      "day": 0,
      "month": 3,
      "year": 1975,
    },
  ],
  [
    {
      "day": 4,
      "month": 4,
      "year": 1975,
    },
  ],
  [
    {
      "day": 2,
      "month": 7,
      "year": 1975,
    },
  ],
  [
    {
      "day": 12,
      "month": 9,
      "year": 1975,
    },
  ],
  [
    {
      "day": 15,
      "month": 9,
      "year": 1975,
    },
  ],
  [
    {
      "day": 18,
      "month": 9,
      "year": 1975,
    },
  ],
  [
    {
      "day": 2,
      "month": 3,
      "year": 1976,
    },
  ],
  [
    {
      "day": 1,
      "month": 10,
      "year": 1976,
    },
  ],
  [
    {
      "day": 2,
      "month": 8,
      "year": 1967,
    },
  ],
  [
    {
      "day": 14,
      "month": 8,
      "year": 1969,
    },
  ],
  [
    {
      "day": 24,
      "month": 1,
      "year": 1970,
    },
  ],
  [
    {
      "day": 1,
      "month": 7,
      "year": 1973,
    },
  ],
  [
    {
      "day": 11,
      "month": 8,
      "year": 1975,
    },
  ],
  [
    {
      "day": 15,
      "month": 8,
      "year": 1975,
    },
  ],
]
`;

exports[`jqjianghua > title & dates & authors 3`] = `
[
  [
    "林彪",
    "江青",
  ],
  [
    "江青",
  ],
  [
    "江青",
    "陈伯达",
  ],
  [
    "江青",
    "陈伯达",
  ],
  [
    "陈伯达",
    "康生",
    "江青",
  ],
  [
    "康生",
    "江青",
  ],
  [
    "江青",
    "戚本禹",
  ],
  [
    "陈伯达",
    "江青",
    "康生",
  ],
  [
    "康生",
    "江青",
    "陈伯达",
  ],
  [
    "江青",
  ],
  [
    "江青",
    "陈伯达",
  ],
  [
    "江青",
    "康生",
    "陶铸",
    "陈伯达",
  ],
  [
    "江青",
    "康生",
  ],
  [
    "江青",
    "王任重",
    "康生",
  ],
  [
    "江青",
    "李雪峰",
    "姚文元",
    "康生",
  ],
  [
    "江青",
    "杨成武",
  ],
  [
    "江青",
    "陈伯达",
    "康生",
  ],
  [
    "江青",
    "刘志坚",
  ],
  [
    "陈伯达",
    "江青",
    "周恩来",
  ],
  [
    "周恩来",
    "江青",
  ],
  [
    "江青",
  ],
  [
    "陈伯达",
    "江青",
  ],
  [
    "陈伯达",
    "江青",
    "周恩来",
  ],
  [
    "江青",
  ],
  [
    "陈伯达",
    "江青",
  ],
  [
    "江青",
  ],
  [
    "陈伯达",
    "康生",
    "江青",
  ],
  [
    "江青",
    "陈伯达",
    "周恩来",
  ],
  [
    "江青",
    "陈伯达",
    "周恩来",
  ],
  [
    "陈伯达",
    "江青",
  ],
  [
    "江青",
  ],
  [
    "江青",
    "陈伯达",
    "周恩来",
  ],
  [
    "陈伯达",
    "江青",
    "康生",
  ],
  [
    "江青",
  ],
  [
    "江青",
    "陈伯达",
  ],
  [
    "江青",
    "周恩来",
  ],
  [
    "陈伯达",
    "江青",
  ],
  [
    "张春桥",
    "江青",
    "陈伯达",
  ],
  [
    "江青",
    "周恩来",
  ],
  [
    "江青",
  ],
  [
    "江青",
  ],
  [
    "陈伯达",
    "康生",
    "江青",
  ],
  [
    "陈伯达",
    "江青",
    "康生",
  ],
  [
    "陈伯达",
    "江青",
    "康生",
  ],
  [
    "陈伯达",
    "康生",
    "江青",
  ],
  [
    "周恩来",
    "江青",
  ],
  [
    "陈伯达",
    "江青",
  ],
  [
    "周恩来",
    "江青",
  ],
  [
    "周恩来",
    "江青",
    "陈伯达",
  ],
  [
    "周恩来",
    "江青",
    "陈伯达",
  ],
  [
    "周恩来",
    "陈伯达",
    "江青",
  ],
  [
    "江青",
    "徐向前",
  ],
  [
    "徐向前",
    "江青",
    "关锋",
  ],
  [
    "陈伯达",
    "江青",
  ],
  [
    "陈伯达",
    "江青",
  ],
  [
    "陈伯达",
    "江青",
  ],
  [
    "江青",
    "周恩来",
  ],
  [
    "周恩来",
    "江青",
    "陈伯达",
  ],
  [
    "杨成武",
    "陈伯达",
    "江青",
  ],
  [
    "江青",
    "陈伯达",
  ],
  [
    "江青",
  ],
  [
    "周恩来",
    "江青",
    "康生",
  ],
  [
    "周恩来",
    "江青",
    "康生",
  ],
  [
    "周恩来",
    "江青",
    "陈伯达",
  ],
  [
    "周恩来",
    "江青",
    "陈伯达",
  ],
  [
    "周恩来",
    "江青",
  ],
  [
    "江青",
  ],
  [
    "陈伯达",
    "江青",
  ],
  [
    "陈伯达",
    "江青",
  ],
  [
    "陈伯达",
    "江青",
    "王力",
  ],
  [
    "江青",
    "周恩来",
    "林彪",
  ],
  [
    "周恩来",
    "江青",
  ],
  [
    "江青",
    "戚本禹",
  ],
  [
    "陈伯达",
    "康生",
    "江青",
  ],
  [
    "叶群",
    "陈伯达",
    "江青",
  ],
  [
    "周恩来",
    "陈伯达",
    "江青",
  ],
  [
    "江青",
    "陈伯达",
    "叶剑英",
  ],
  [
    "江青",
    "谢富治",
  ],
  [
    "周恩来",
    "康生",
    "江青",
  ],
  [
    "江青",
    "周恩来",
  ],
  [
    "周恩来",
    "康生",
    "江青",
  ],
  [
    "周恩来",
    "陈伯达",
    "江青",
  ],
  [
    "周恩来",
    "陈伯达",
    "江青",
  ],
  [
    "周恩来",
    "江青",
    "陈伯达",
  ],
  [
    "周恩来",
    "关锋",
    "江青",
  ],
  [
    "江青",
  ],
  [
    "江青",
    "陈伯达",
    "姚文元",
  ],
  [
    "陈伯达",
    "江青",
    "康生",
  ],
  [
    "康生",
    "江青",
  ],
  [
    "江青",
  ],
  [
    "陈伯达",
    "江青",
    "康生",
  ],
  [
    "陈伯达",
    "江青",
    "康生",
  ],
  [
    "周恩来",
    "陈伯达",
    "江青",
  ],
  [
    "江青",
  ],
  [
    "周恩来",
    "康生",
    "江青",
  ],
  [
    "周恩来",
    "江青",
    "陈伯达",
  ],
  [
    "周恩来",
    "陈伯达",
    "江青",
  ],
  [
    "肖华",
    "江青",
    "周恩来",
  ],
  [
    "江青",
    "周恩来",
    "聂荣臻",
  ],
  [
    "康生",
    "江青",
    "陈伯达",
  ],
  [
    "周恩来",
    "陈伯达",
    "江青",
  ],
  [
    "周恩来",
    "陈伯达",
    "江青",
  ],
  [
    "陈伯达",
    "康生",
    "江青",
  ],
  [
    "江青",
    "陈伯达",
    "周恩来",
  ],
  [
    "康生",
    "江青",
  ],
  [
    "周恩来",
    "陈伯达",
    "江青",
  ],
  [
    "陈伯达",
    "谢富治",
    "江青",
  ],
  [
    "刘巨成",
    "毛泽东",
    "江青",
  ],
  [
    "周恩来",
    "陈伯达",
    "江青",
  ],
  [
    "周恩来",
    "陈伯达",
    "江青",
  ],
  [
    "江青",
    "周恩来",
    "张春桥",
  ],
  [
    "陈伯达",
    "江青",
    "张春桥",
  ],
  [
    "陈伯达",
    "江青",
  ],
  [
    "周恩来",
    "陈伯达",
    "江青",
  ],
  [
    "江青",
  ],
  [
    "江青",
  ],
  [
    "江青",
    "康生",
    "周恩来",
  ],
  [
    "谢富治",
    "周恩来",
    "江青",
  ],
  [
    "周恩来",
    "康生",
  ],
  [
    "周恩来",
    "康生",
    "江青",
  ],
  [
    "周恩来",
    "陈伯达",
    "江青",
  ],
  [
    "周恩来",
    "陈伯达",
    "江青",
  ],
  [
    "周恩来",
    "康生",
    "江青",
  ],
  [
    "周恩来",
    "康生",
    "江青",
  ],
  [
    "周恩来",
    "康生",
    "江青",
  ],
  [
    "周恩来",
    "江青",
    "陈伯达",
  ],
  [
    "周恩来",
    "江青",
    "康生",
  ],
  [
    "江青",
  ],
  [
    "周恩来",
    "江青",
    "陈伯达",
  ],
  [
    "周恩来",
    "江青",
  ],
  [
    "江青",
    "王良恩",
  ],
  [
    "江青",
    "陈伯达",
    "康生",
  ],
  [
    "周恩来",
    "陈伯达",
    "江青",
  ],
  [
    "江青",
  ],
  [
    "周恩来",
    "康生",
    "江青",
  ],
  [
    "康生",
    "江青",
    "姚文元",
  ],
  [
    "江青",
  ],
  [
    "江青",
    "张春桥",
    "姚文元",
  ],
  [
    "江青",
  ],
  [
    "江青",
  ],
  [
    "江青",
  ],
  [
    "江青",
    "张春桥",
    "姚文元",
  ],
  [
    "江青",
  ],
  [
    "江青",
    "于会泳",
  ],
  [
    "王洪文",
    "江青",
  ],
  [
    "江青",
  ],
  [
    "周恩来",
    "江青",
    "迟群",
  ],
  [
    "周恩来",
    "江青",
  ],
  [
    "江青",
  ],
  [
    "江青",
  ],
  [
    "江青",
  ],
  [
    "江青",
  ],
  [
    "江青",
  ],
  [
    "江青",
    "迟群",
  ],
  [
    "江青",
  ],
  [
    "江青",
  ],
  [
    "江青",
  ],
  [
    "江青",
  ],
  [
    "江青",
  ],
  [
    "江青",
  ],
  [
    "周恩来",
    "江青",
    "谢富治",
  ],
  [
    "江青",
  ],
  [
    "周恩来",
    "康生",
    "江青",
  ],
  [
    "江青",
  ],
  [
    "江青",
  ],
  [
    "江青",
  ],
]
`;
