// Vitest Snapshot v1

exports[`maoquanji-title > title 1`] = `
[
  "在中央团校第一期学员毕业典礼上的讲话",
  "在中华全国文学艺术工作者代表大会上的讲话",
  "为纪念“七七”抗日战争十二周年宣言",
  "致总前委并栗裕、张震、周骏鸣电",
  "九月或十月前闽粤赣边纵队须独力作战",
  "依靠群众办好铁路建设事业",
  "四野应以一部向长沙湘潭推进",
  "复左协中将军等电",
  "关于打胡战役的指示",
  "开灭马步芳等部的部署",
  "为《中国人民解放军三年战绩》一书题词",
  "采取远距离包围迁回方法追牙白崇禧部",
  "军委关于对程潜的方针的指示",
  "致林彪、邓子恢、萧克电",
  "致彭德怀、张宗逊、赵寿山电",
  "中共中央关于同意武昌划归湖北省建制致华中局电",
  "陈邓华两兵团进攻广东的部署",
  "复古巴人民社会党总书记电",
  "复华东局电",
  "致周恩来电",
  "关于李达去湖南工作问题给周恩来的批示",
  "致华东局、南京市委电",
  "致华中局、华南分局、西北局等电",
  "对举行平凉战役以及西进作战的意见",
  "陈康邓华两兵团在湘赣粤的行动计划",
  "为纪念邹韬奋进世五周年题词",
  "陈康邓华等兵团进军地区和路线问题",
  "复刘少奇、高岗、王称祥电",
  "复林彪、邓子恢、萧克、赵尔陆电",
  "关于转发方方、魏金水致中共中央军委电的批语",
  "为戏曲改进会发起人大会题词",
  "关于刘少奇可先回国参加新政协会议致刘少奇、王称祥电",
  "我们是能够克服困难的",
  "人民解放军二十二年的历史经验",
  "中央关于华南分局、华中局、西南局的干部配备及其管辖范围的指示",
  "为《河北日报》题写报头",
  "为《唐山劳动日报》题写报头",
  "复栗裕等电",
  "复林彪、邓子恢、萧克、赵尔陆电",
  "中共中央关于东北人民政府委员候选人问题致东北局电",
  "复刘少奇、王称祥电",
  "复刘少奇、高岗、王称祥电",
  "对华北人民革命大学第一期教育经验总结的批语",
  "复程潜电",
  "致林彪、邓子恢等电",
  "致华中局等电",
  "争取程潜等站在我们方面有极大的政治作用",
  "要十分注意保护并尊重班禅额尔德尼等",
  "兼取政治方式解决西北地区",
  "复刘少奇、王橡祥电",
  "复华东局电",
  "致方方等电",
  "同意以中间不动两头平的政策解决河南土地问题",
  "给杨开智的信",
  "关于工会工作的方针",
  "复周世钊电",
  "在北平各界代表会议上的讲话",
  "复陈明仁电",
  "为《铁军报》题写报头",
  "给胡乔木的信",
  "复华东局电",
  "丢掉幻想，准备斗争",
  "复程潜、陈明仁等电",
  "致陈云等电",
  "别了，司徒雷登",
  "致阿哈买提江电",
  "给江唐的信",
  "中央关于三万人口以上城市召开各界代表会议的规定",
  "复刘伯承、邓小平等电",
  "致东北局电",
  "复彭德怀等电",
  "关于解决绥远问题的指示",
  "贺美国共产党三十周年电",
  "须集中三个兵团全力于攻兰战役",
  "给黄炎培的两封信",
  "给胡乔木的信",
  "复东北局电",
  "复王首道等电",
  "不论新区、老区均须召开县的各界代表会议",
  "对攻打兰州的几点意见",
  "三万以上人口的城市和各县均应召开各界人民代表会议",
  "关于转发北平工作情况报告给彭真的信",
  "中共中央关于转发北平工作情况报告致东北局等电",
  "复彭德怀电",
  "致傅作义电",
  "在新政协筹备会第四次常务委员会会议上的讲话",
  "为什么要讨论白皮书？",
  "给吴玉章的信",
  "致华中局电",
  "致各中央局、分局电",
  "友谊”，还是侵略？",
  "先占张披武威再占青海宁夏",
  "关于欢迎出席新政协会议致程潜电",
  "为《人民日报》题写报头",
  "追使白崇禧退入广西以利我军牙灭之",
  "为冯玉祥将军逝世一周年纪念题词",
  "致彭德怀、张宗逊电",
  "必须维持上海，统筹全局",
  "复彭德怀电",
  "在《中国人民政治协商会议共同纲领》起草过程中的批语",
  "关于各地召开各界代表会议的指示",
  "给周恩来、楚荣臻的信",
  "致陈明仁电",
  "在审校《共同纲领》草案时改写的三段话",
  "开好县的各界代表会议",
  "对赣州会议及进军华南的指示",
  "叶剑英将军奉命赴两广工作最荣臻将军继任北平市长",
  "中共中央致电祝贺各线我军连续奏捷",
  "开灭白崇禧部的部署",
  "复邓力群等电",
  "复邓力群电",
  "和张治中的谈话",
  "复彭德怀电",
  "祝波立特连任英共总书记二十周年的贺电",
  "为《中国儿童》创刊号题词",
  "给向振熙的信",
  "对西南各敌均取先包围再回打方针",
  "致华中局、华南分局、西北局及邓小平电",
  "复饶激石电",
  "复叶剑英、陈电",
  "致王首道电",
  "复谭戒甫电",
  "给周北峰的信",
  "祝的里雅斯特自由区共产党召开二次大会的贺电",
  "祝加香八十寿辰的贺电",
  "迅速召开各界人民代表会议",
  "唯心历史观的破产",
  "复邓力群等电",
  "致彭德怀、张宗逊电",
  "复傅作义电",
  "复邓力群等电",
  "用打拉两种办法迅速解决宁夏问题",
  "毛主席、朱总司令回答董其武等起义通电",
  "是荣臻将军、薄一波政委电贺绥远和平解放",
  "中共中央关于留用旧人员问题给各中央局的指示",
  "中国人民站起来了",
  "给张治中的信",
  "给沈雁冰的信",
  "为《人民文学》创刊号题词",
  "复彭德怀电",
  "复鲍尔汉电",
  "毛泽东在讨论国旗国徽国歌国都和纪年问题时的发言",
  "解决新疆问题的关键是我党和维族紧密合作",
  "关于组织部分政协代表发言给周恩来的信",
  "中共中央关于庆祝新政协召开和人民政府成立的指示",
  "毛主席和朱总司令复电陶崎岳鲍尔汉",
  "叶剑英将军奉命南下两广工作，荣臻将军继任北平市长",
  "为《新华月报》创刊号题词",
  "为《新华月报》题写报头",
  "为《新建设》杂志创刊题词",
  "中国人民大团结万岁",
  "人民英雄永垂不朽",
  "为《新华日报》第一次题写报头",
  "为《黑龙江日报》题写报头",
  "为《新建设》题名",
  "中华人民共和国中央人民政府公告",
  "给侨胞的题词",
  "关于中苏建交的新闻稿",
  "对程潜陈明仁所提要求和建议的处置意见",
  "关于安排程潜、陈明仁、李明藻看望王耀武、杜重明、黄维等的电报",
  "在马叙伦请假信上的批语",
  "给黄炎培的信",
  "答谢福斯特、但尼斯祝贺中华人民共和国成立的电报",
  "同意第四野战军五个军靠拢作战的部署",
  "中央关于吸收党外人士参加广州军管会等机构的电报",
  "转发浙江省委工作报告的批语",
  "关于杨开智等工作安排问题的电报",
  "给谭政、陶铸的信",
  "同意聚牙白崇禧主力的作战计划",
  "毛泽东、朱德致“长治”号舰全体起义人员电",
  "对新疆赵锡光、鲍尔汉、马良骏等祝贺中央人民政府成立的复电",
  "十八兵团由贺龙统率入川",
  "十五兵团暂不进攻广州",
  "关于同意约鲍尔汉至酒泉商谈的电报",
  "为《山西日报》题写报头",
  "慎重考虑围牙白崇禧部计划力求做到确有把握",
  "相机占领广州和围牙白崇禧部",
  "关于草拟华东军政委员会名单给陈毅的信",
  "民族军应改名为人民解放军",
  "转发松江县召开各界人民代表会议经验的电报",
  "第一野战军第二野战军在西北西南地区的作战部署",
  "务不使粤敌逃入广西",
  "在表扬牙灭白崇禧主力的部队的电报上的批语",
  "给冯友兰的信",
  "给上海市纸业革新促进会的题词",
  "为《南方日报》题写报头",
  "为了解罗章龙的情况致湖南省委电",
  "中央关于发表广州军管会和市政府就职布告的电报",
  "中央关于新疆三区代表和彭德怀会谈问题的电报",
  "同意分步骤在新疆进行军事工作",
  "为《中苏友好》杂志创刊号题词",
  "给张仲实的信",
  "致卫立煌电",
  "给周世钊的信",
  "接受苏联驻华大使罗申呈递国书时的答词",
  "祝贺德意志民主共和国成立的电报",
  "四兵团应乘胜追击占领高要德庆等县",
  "解放西南地区的作战方针",
  "关于高凌云师与陕北伊盟部队合编的电报",
  "中央关于物色民主分子参加广西工作的电报",
  "给斯大林的信",
  "在人民革命军事委员会第一次会议上的讲话",
  "对艾斯海提·伊斯哈科夫祝贺新疆和全国解放的复电",
  "关于写解放军进入新疆的短评给胡乔木的信",
  "为阿哈买提江等五人不幸遇难写的碑文和暗电",
  "在赛福鼎入党申请书上的批语",
  "中央关于新疆问题致彭德怀电",
  "祝贺“海辽”号轮起义致方枕流等电",
  "在一则新闻稿上的批语",
  "和绥远负责人的谈话",
  "中央关于召开西北局会议的电报",
  "军委关于同意解除十兵团出击潮汕任务的电报",
  "中央关于湖南临时省政府改组问题的电报",
  "转发人民解放军入疆综合报告",
  "永远保持限苦奋斗的作风",
  "复霍查同志电",
  "复拉比·蒲哈利电",
  "关于撤销迪化伪监委行署的电报",
  "关于请苏联帮助防治鼠疫致斯大林电",
  "严重注意攻击金门岛失利的教训",
  "关于董其武部改编问题给薄一波的信",
  "转发薄一波关于华北各城市各界代表会议报告的批语",
  "关于兵力部署的几点意见",
  "关于华中成立军政委员会问题致林彪等电",
  "为《新民主主义在中国的胜利》一书写的序言",
  "为《河南日报》题写报头",
  "对空军关于航校校址问题报告的批语",
  "中央对浙江省委关于农村政策问题报告的批语和复电",
  "中共中央批转西北局关于长安县各界代表会议经验的指示",
  "中央关于对旧人员处理问题的电报",
  "军委关于同意定海作战方案致栗裕等电",
  "关于改造和补充陈明仁部致林彪电",
  "关于收集和研究上海税收办法的批语",
  "为国立戏剧学院题名",
  "中央关于上报新疆等省政府名单致彭德怀电",
  "中央关于建立华东军政委员会的电报",
  "对荣臻关于卫生部问题报告的批语",
  "对关于空军司令部名称和关防尺寸刊发问题的批语",
  "中央关于成立川西北军政委员会的电报",
  "邓华兵团可以分出一个师协同梁广纵队肃清南路敌军",
  "中央关于毛泽东去莫斯科时间致王称祥电",
  "中央关于征询政协党外代表对华东政权机关意见的电报",
  "向董其武部调派的政工干部必须加以训练",
  "关于安排西蒙诺夫到广西前线参观的电报",
  "致斯大林电",
  "祝贺中国、中央两航空公司全体员工起义的电报",
  "须重视对定海作战的各项问题",
  "大批培养少数民族干部",
  "给毛远翔的信",
  "对创办三所军医大学报告的批语",
  "给毛照生的信",
  "给毛泽青的信",
  "欢迎仇整来京的电报",
  "给李介侯的信",
  "给张四维的信",
  "中央转发贵州新区工作策略问题电报的批语",
  "致宣布脱离国民党当局的前资源委员会驻港员工电",
  "答谢兰那地夫祝贺中华人民共和国成立的电报",
  "复电感谢伊朗共产党",
  "关于同意工作方针致彭德怀电",
  "为《南侨日报》创刊三周年题词",
  "关于任强时治病问题致斯大林电",
  "军委关于张治中去兰州致彭德怀电",
  "中央关于要华中局对处理旧人员提出意见的电报",
  "关于解决西藏问题的意见",
  "致班禅额尔德尼电",
]
`;

exports[`maoquanji-title > title 2`] = `
[
  "抓住时机牙灭白崇禧部十六个师",
  "中央关于伊克昭盟划归华北问题的电报",
  "中央关于协商委员会的职权致华东局电",
  "复印尼邦加劳工联合会电",
  "关于向胡宗南部发动进攻的时间致贺龙电",
  "军委关于四野以七个师入川作战问题的电报",
  "答谢胡志明祝贺中华人民共和国成立的电报",
  "关于各地修机场的经费问题的批语",
  "贺李所部应受刘邓张李指挥",
  "吸引更多胡宗南部于重庆聚牙之",
  "必须充分注意召开市县各界人民代表会议",
  "中央转发华北局关于倡导评奖运动的指示的批语",
  "为中央军委工程学校题词",
  "攻占重庆应依情况发展而定",
  "给文南松的信",
  "给毛宇居的信",
  "给毛泽荣的信",
  "给邹普勋的信",
  "给徐悲鸿的信",
  "为国立美术学院题名",
  "同意第一野战军与西北军区合并等事项",
  "为《甘肃日报》题写报头",
  "中央关于为斯大林送寿礼致山东分局电",
  "给旅大人民的信",
  "对召开全国军费预算会议报告的批语",
  "在中央同意华中局关于纠正乡村干部不良作风的决定的电报稿上加写的一段话",
  "有困难，有办法，有希望",
  "给柳亚子的信",
  "关于注意提拔原四方面军干部的批语",
  "在邓拓关于人民日报工作问题报告上的批语",
  "关于土地改革和财经工作",
  "关于会商攻击舟山群岛办法致栗裕电",
  "同意刘亚楼等关于各地机场修复问题的报告",
  "军委关于一九五〇年军队参加生产建设工作的指示",
  "中共中央关于实施军队参加生产建设工作指示的通知",
  "复卢汉电",
  "抵达莫斯科时的书面演说",
  "渡海作战必须注意的问题",
  "关于同缩甸建立外交关系等问题的电报",
  "在莫斯科庆祝斯大林七十寿辰大会上的祝词",
  "对苏贸易应从统筹全局出发",
  "可在先头阻止李弥余程万部向越南缅甸前进",
  "关于四野前委改名等问题致刘少奇电",
  "关于了解华东区县市人民代表会议召开情况的电报",
  "为了解上海工商业家困难的真实情况致陈云电",
  "关于同意争取在旧历年前进攻海南岛的方针的电报",
  "贺斯大林七十寿辰联",
  "给张瑞岐的信",
  "给李敏的信",
  "为新华书店出版工作会议题词",
  "为新法学研究院题名",
  "为朱光题词",
  "为《新湖南报》题写报头",
  "为《新疆日报》题写报头",
  "为《宁夏日报》题写报头",
  "为《工人日报》题写报头",
  "为《青海日报》题写报头",
  "为《云南日报》题写报头",
  "为《江西日报》题写报头",
  "打油诗·二乔",
  "为《人民海军》报题词",
  "为《人民海军》报题写报头",
  "为《人民前线》题名",
  "为起草中央致各野战军贺电致胡乔木电",
  "答塔斯社记者问",
  "由西南局担负进军西藏和经营西藏的任务",
  "准备签订新的中苏友好同盟条约",
  "关于同意江青到新解放区看一看的电报",
  "关于周恩来赴苏时间和谈判准备工作致中央电",
  "关于改订中苏条约注意保密问题致中央电",
  "关于出入口贸易问题致周恩来电",
  "关于就否认前国民党政府代表在安理会的合法地位发表外交部声明的电报",
  "关于照发拟就的致联合国声明的电报",
  "关于从四野调人从事生产等问题的电报",
  "关于要中央局转发中央对土改及征粮等项工作指示的电报",
  "关于修筑铁路等问题致陈云、薄一波电",
  "关于进军西藏和经营西藏问题的意见",
  "大力做好解放海南岛的准备工作",
  "拜竭列宁墓题字",
  "为询问进攻舟山群岛的准备工作情况致栗裕电",
  "关于土改准备工作致饶承石电",
  "关于中南地区土改工作等问题致林彪电",
  "关于任命肖劲光为海军司令员等事致刘少奇电",
  "关于向联合国派出我国代表等问题致刘少奇电",
  "关于支持情报局刊物对野坂参三的批评致胡乔木电",
  "关于同意与越南政府建立外交关系致刘少奇电",
  "关于陕甘宁三省土改部署的电报",
  "关于向民主人士解释征用外国兵营等行动的电报",
  "关于任命张闻天为驻联合国中国代表团首席代表的电报",
  "关于恢复中华人民共和国在联合国及安理会的合法权利致联合国电",
  "关于发表驳后艾奇逊造谣的谈话的电报",
  "驳后艾奇逊的无耻造谣",
  "关于同意印度临时代表到北京谈判建立外交使团的电报",
  "关于起草复尼赫鲁的电文致刘少奇电",
  "关于中苏会谈和文件起草情况致刘少奇电",
  "在同胡阶森谈判中英建立外交关系的电报上的批语",
  "五绝·赞“密使一号”",
  "为问候胡志明致刘少奇电",
  "关于供给苏联战略物资问题致刘少奇等电",
  "关于刘斐等任职问题的电报",
  "对起义的伞兵第三团加强政治训练",
  "中英建立外交关系上应解决的先决问题",
  "关于同意栗裕调四个师演习海战等问题致刘少奇电",
  "关于同意四十三军以一个团先行渡海致林彪电",
  "关于各地对新的中苏条约和协定表态时应注意的问题的电报",
  "关于修改《中苏友好合作的新时代》社论致刘少奇、胡乔木电",
  "为郭志成题词",
  "为苏联留学生题词",
  "积极防空保卫上海",
  "关于发表新区土改征粮指示致刘少奇电",
  "在莫斯科车站的临别演说",
  "关于由李富春主持中苏贸易谈判等问题的电报",
  "关于回国后沿途接待问题的电报",
  "离苏联国境时致斯大林电",
  "为黑龙江省委、哈尔滨市委题词",
  "为哈尔滨市委题词",
  "为哈尔滨市团代会题词",
  "为中共松江省委题词",
  "为《松江日报》题写报头",
  "接受罗马尼亚驻华大使鲁登科呈递国书时的答词",
  "关于争取和平解决台湾问题致张治中电",
  "关于征询对富农策略问题的意见的电报",
  "给郭士透的信",
  "给龙伯坚的信",
  "给刘探一的信",
  "给张辉周的信和题词",
  "同意唐生智来京致黄克诚电",
  "为北京大学校徽题字",
  "中央关于召开各区负责同志会议讨论军事、土改等问题的电报",
  "关于救济苏北灾民的批语",
  "致张治中电",
  "关于确定先打定海再打金门的方针的批语",
  "关于进军西藏的口号问题的批语",
  "为《中行职工》题名皖",
  "为《郑州日报》题写报头",
  "关于援助越南武器的批语",
  "纠正军队生产偏向是为至要",
  "给马叙伦的信",
  "关于公债、税收等问题致陈毅电",
  "为印发周恩来关于中苏条约的报告的批语",
  "给毛照秋的信",
  "给张有晋的信",
  "在中央人民政府委员会第六次会议上的讲话",
  "复员是为了返回家乡发展生产和建设民兵",
  "在中央人民政府委员会第七次会议上的讲话",
  "给向振熙的信",
  "给杨开智、李崇德的信",
  "关于购买空军装备器材致斯大林电",
  "给刘换一的信",
  "给熊子容的信福",
  "为解放军某部题词",
  "关于武昌私营纱厂应予维持的批语",
  "为《人民空军》创刊号题词",
  "为《人民空军》题名",
  "转变时期力争不要破坏不应当破坏的事物",
  "关于摆写纪念季米特洛夫的文章致契尔文科夫电",
  "季米特洛夫与中国人民",
  "给毛森品的信",
  "给李淑一的信",
  "给向明卿的信",
  "给罗驭雄的信",
  "给谭天佑的信",
  "给马叙伦的信",
  "给周邦式的信",
  "给左作霖的信",
  "给文运昌的信",
  "给贺晓秋的信",
  "军队分批复员以减轻人民负担",
  "为《北大周刊》题词",
  "关于日前几个月的工作方针致陈毅电",
  "中央转发中南局关于减租总结的批语",
  "为南洋中学学生壁报题名",
  "关于春耕、土改和干部整训工作的意见",
  "关于夏征问题给陈云、薄一波的批语",
  "对慧荣臻关于“固定区域的割据，用波浪式的推进政策”的解释的批语",
  "关于部队缩编问题的批语",
  "关于修改在庆祝五一劳动节大会上的讲话稿给刘少奇的信",
  "转发邓子恢关于起草土改条例的意见的电报",
  "中央人民政府颁发命令公布施行婚姻法中共中央通知全党保证执行",
  "对资本主义工商业的几个政策问题",
  "为北京市劳动人民文化宫题写匾额",
  "为《人民教育》创刊号题词",
  "为《青年报》题词",
  "关于暂时不动富农出租土地问题的电报",
  "在中央转发的华东局关于镇压反革命暴动及处理群众性强动事件的指示中加写的话",
  "给文润泉的信",
  "给张鼎的信",
  "给林谷生的信",
  "给毛始华的信",
  "给赵浦珠的信",
  "给栗济世的信",
  "给陈国生的信",
  "为第一次全国侦察工作会议题词",
  "给毛逸民的信",
  "给毛春轩的信",
  "给陈峰仙的信",
  "给杨庆兴的信",
  "给周芝鳞的信",
  "给蒋端雨的信",
  "给张四维的信",
  "给郭建人的信",
  "给宋女士的信",
  "给李静蓉的信",
  "给龙亦飞的信",
  "给方觉民的信",
  "给易克的信",
  "盼告何时举行舟山群岛作战",
  "中央关于转发北京市委摘报的一封来信的批语",
  "总政关于三十二军政治部严重违反外交纪律事件的通报",
  "关于来中央参加土改会议等问题致邓子恢电",
  "如实查报苏南征粮、春耕和救灾情况",
  "在中央关于湖南减租问题给中南局的电报中加写的话",
  "给文南松的信",
  "给毛照生的信",
  "给叶健农的信",
  "给周文楠的信",
  "给君实的信",
  "给毛爱桂的信",
  "给毛远梯的信",
  "给毛远翔的信",
  "给毛泽益的信",
  "给邹康鹏的信",
  "转发邓小平关于整风、春耕情况向中央的报告的批语",
  "关于审查藏文广播问题",
  "对陈毅关于上海打退四月危机的报告的批语和复电",
  "中央转发云南省委关于严禁村政权浪费的指示的批语",
  "给毛宇居的信",
  "给邹普勋的信",
  "给黄炎培的信",
  "为《内蒙古日报》题写报头",
  "给朱现的信",
  "中央转发西北局关于甘肃工作指示的批语",
  "给周容的信",
  "给周起影的信",
  "海南岛及沿海诸岛占领后的处置方法",
  "军队整编复员由中央复员委员会统一处理",
  "给丁张秀清的信",
  "关于调查川沙等三县征粮情况致陈不显电",
  "在关于帆船对敌舰作战情况报告上的批语",
  "在沈阳市政府关于铸毛泽东铜像给新闻摄影局公函上的批语",
  "省以上各级党委必须经常讨论财经工作",
  "接受印度驻华大使潘尼边呈递国书时的答词",
  "给毛桂昌的信",
  "给黎锦熙的信",
  "关于指导全党整风运动问题给胡乔木的信",
  "关于西藏代表必须来京谈判的批语",
  "军委关于同意补充陈明仁、张轮部致邓子恢等电",
  "给李济深的信",
  "关于章士钊荐用李境的批语",
  "对私营工商业要有所不同、一视同仁",
  "对衡山县县长给中央人民政府报告的批语",
  "给刘亚南的信",
  "收到综合报告致叶剑英电",
  "在中财委关于新解放区夏征公粮决定上的批语",
  "对成立空军第四旅组织雷达网等问题的批语",
  "关于部队编制原则问题的批语",
  "关于编印《整党文件》给杨尚昆的信",
  "对西南局所拟同西藏谈判的条件的批语",
  "关于要安子文在七届三中全会上发言的信",
  "对关于解决攻台重要问题的批语",
  "为韩桂馨题词",
  "为《新建设》杂志题名",
  "为六一儿童节题词",
  "在华北局关于调整工商业报告上的批语",
  "关于中南局工作报告的电报",
  "关于土地改革报告的修改",
  "为了解人民解放军渡江后开敌人数给李涛的信",
  "为争取国家财政经济状况的基本好转而斗争",
  "不要四面出击",
  "给黄炎培的信",
  "给黄炎培的信",
  "在陈云关于经济形势和调整措施的报告稿中加写的两段话",
  "审定《中共中央关于日本情势的声明》时改写的一段话",
  "接受波兰驻华大使布尔金呈递国书时的答词",
  "接受瑞典驻华大使阿马斯顿呈递国书时的答词",
  "给陈铭框的信",
  "给熊十力的信",
  "给王首道的信",
  "为全国政协一届二次会议开幕题字",
  "在全国政协一届二次会议上的讲话",
  "对荣臻军事报告稿的批语和修改",
  "对中南军区党委关于部队整党工作指示的批语",
  "给马叙伦的信",
  "接受民主德国驻华外交使团团长柯尼希呈递国书时的答词",
  "接受丹麦驻华公使穆克呈递国书时的答词",
  "给张峻明的信",
  "在中央人民政府委员会第八次会议上的讲话",
  "为《关于土地改革问题的报告》给刘少奇的信",
  "为《人民画报》题名",
  "如何作战由你们自己根据具体情况作决定",
  "接受蒙古驻华大使要尔卡赛汗呈递国书时的答词",
  "菜裕来京接受重要任务",
  "关于保卫东北边防的批语",
  "栗裕休养暂缓来京",
  "在程潜关于解决湖南夏荒问题的信上的批语",
  "起义部队中的领导机关应实行军政委员会及军政组制度",
  "为季银桥题词",
  "同意对董宋罗广文两部实行混编",
  "关于北京农业大学领导问题的批语",
  "中央转发关于匯特暗害阴谋及我保卫工作报告的批语",
  "关于祝贺德国统一社会党代表大会的电报和批语",
  "对关于在东北地区部署中苏空军作战部队报告的批语",
  "对吴耀宗等的中国基督教会三自宣言的批语",
]
`;

exports[`maoquanji-title > title 3`] = `
[
  "给吴启瑞的信",
  "关于苏联来华之空军师的驻地和我空军混成旅改装训练问题",
  "要根治淮河",
  "中央转发北京市委关于整风工作报告的批语",
  "同意华东军区对金门岛敌情的判断与截击部署",
  "关于东北边防军统由东北军区指挥与供应的批语",
  "反对南非联邦政府的“种族隔离法案",
  "应先打小仗然后才有可能打较大的仗",
  "同意四十三军的集结位置",
  "关于炮兵观察队赴朝鲜前线考察问题的批语",
  "为《美洲华侨日报》创刊十周年题词",
  "为中央民族访问团题词",
  "为《新体育》杂志题名",
  "为《西江报》题写报头",
  "军委关于在军队中实施文化教育的指示",
  "关于从班禅集团选择适当人员参加西北军政委员会工作的电报",
  "关于钱昌照建议的批语",
  "军委转发十九兵团复员工作报告的批语",
  "东北边防军应在月内完成一切作战准备",
  "给黄炎培的信",
  "中央转发中南局关于不要强调组织生产互助组指示的批语",
  "关于公开批评宣化市错误问题的批语",
  "对中财委关于全国进出口会议情况摘报的批语",
  "接受缅甸驻华大使吴敏登呈递国书时的答词",
  "为第一届全国卫生工作会议题词",
  "在一封反映大学毕业生分配中学用不一致问题来信上的批语",
  "给栗裕的信",
  "中央转发北京市委关于区人民代表会议经验的初步总结的批语",
  "给蒋竹如的信",
  "关于华东军区工作的指示",
  "对中央关于调整若干工作关系问题的指示草案的批语",
  "同意周恩来拟同印度驻华大使会谈的内容",
  "关于边防军务必在九月底以前完成一切作战准备致高岗电",
  "询问向昌都进军的几个问题",
  "对王明来信的批语",
  "中央转发华东局关于组织人民法庭指示的批语",
  "对上海党政群机关团体编制情况报告的批语",
  "给徐海东的信",
  "对配备第二线兵力报告的批语",
  "力争今年占领昌都明年进军拉萨",
  "尽快筹备进军西藏所需高空运输机",
  "给夏百源的信",
  "给李承清的信",
  "给蒋浩然的信",
  "给罗石泉的信",
  "边界战役须有连续作战的思想",
  "准备对付敌军可能向潮汕及海陆丰登陆袭击",
  "中央转发西北局关于整风经验报告的批语",
  "给徐悲鸿的信",
  "帮助越南训练和装备新兵",
  "中央关于中央局负责人来京开会的通知",
  "须集中十二个军以便机动",
  "对选派干部去朝鲜战场了解情况报告的批语",
  "对华东局关于整理华东各级党刊的决定的批语",
  "关于希望西藏代表团九月中句到京谈判的批语",
  "关于催促西藏代表团马上动身来京的批语",
  "给陈寄生的信",
  "给郭梓材的信",
  "给越南民主政府的贺电",
  "给谭世英的信",
  "对当前工作的指示",
  "保密问题值得引起我们极大注意",
  "关于中央系统整风工作领导问题的批语R",
  "给黄炎培的信",
  "对东北边防军准备工作等问题报告的批语和复信",
  "朝鲜战局和我们的方针",
  "关于中国基督教会三自宣言签名运动的批语",
  "九兵团全部开到徐济线整训",
  "请周恩来约谈柴君武指示任务和方法",
  "中央转发川南区党委关于整风情况报告的批语",
  "中宣部转发东北局关于学校整风的指示的批语",
  "中央转发河南淮阳地区夏季征粮情况报告的批语",
  "关于失业工人救济问题的批语",
  "开展连队民主运动加强战斗力",
  "在一封暖名信上的批语",
  "关于整党中应注意检查统一战线工作的批语",
  "给陈郁的信",
  "对关于铁道兵团领导关系报告的批语",
  "中央转发河北省政府直属机关整风经验的批语",
  "中央转发华北局关于改造绥远起义部队的报告的批语",
  "关于检查督促政府各部门向中央报告工作的批语",
  "在薄一波送审的一九五一年预算草案上的批语",
  "同意陆军大学设在南京",
  "复南非联邦杜邦城南非印度人大会会议联合书记电",
  "同意以大战略区为单位在上海设办事处",
  "希望各军区党委报告第一期整风情况",
  "关于区域自治问题的批语",
  "粤桂等地军事部署及对等项工作的指示",
  "军委关于广西我军注意不要超出国界的电报",
  "关于抗议美机美舰对我侵袭问题的批语",
  "关于各大区在天津设联合办事处问题的批语",
  "对云南军区关于复员军人复审工作报告的批语",
  "给张维的信",
  "贺张维母王老夫人八十寿辰联",
  "在华北局关于工农业情况和意见的综合报告上的批语",
  "给罗荣柜的信",
  "关于立即停止在韶山为毛泽东建房给黄克诚等的信",
  "在争夺战中大量牙敌有生力量是很有利的",
  "中央关于华北局各项报告处理情况的电报",
  "在全国战斗英雄和劳动模范代表会议上的祝词",
  "为全国战斗英雄代表会议题词",
  "在全国经济保卫工作会议总结上的批语",
  "转发关于长期作战问题致朝鲜同志电",
  "对《关于重申保密纪律的训令》的修改",
  "在宣传中不说打台湾西藏的时间",
  "务使确有把握每战获胜",
  "接受保加利亚驻华大使彼得科夫呈递国书时的答词",
  "为萌芽学校题名",
  "为北京师范大学题名",
  "东北边防军随时待命出动",
  "关于派志愿军入朝参战问题",
  "无法北撤的朝鲜人民军应在原地坚持打游击",
  "关于我赴朝武官参观组的任务",
  "对公安部队建设报告的批语",
  "为中苏友好协会成立一周年题词",
  "为湖南省立第一师范题写校牌",
  "先歼东溪西南被围之敌再牙高平南逃之敌",
  "组成中国人民志愿军的命令",
  "决定派造志愿军入朝作战",
  "关于援助朝鲜事务的处理",
  "开辟敌后战场在战略上是必须的有利的",
  "中国同志必须随时检讨自己的方法和态度",
  "同意四个军三个炮兵师全部出动待机开敌",
  "关于全牙拉本兵团及七溪守敌",
  "人民解放军必须进入西藏",
  "关于接济湖南教育界老人给王首道的信",
  "关于九兵团提前北上致陈毅电",
  "十三兵团仍在原地训练",
  "东北各部队和宋时轮九兵团仍在原地整训",
  "转发总政治部关于全国战斗英雄代表会议总结报告的批语",
  "对航空学校是否迁移报告的批语",
  "为中国人民解放军全军青年工作会议题词",
  "中国人民志愿军应当和必须入朝参战",
  "关于停止追击由七溪逃往那岭之敌",
  "宋时轮九兵团到泰安曲阜区域集结待命",
  "朝鲜情况和对我军入朝参战的意见",
  "中国人民志愿军入朝作战的方针和部署",
  "关于宗教信仰自由保护问题的批语",
  "可以通知法国派飞机投挪粮食及运走重伤员",
  "关于立即前运志愿军粮食致高岗等电",
  "志愿军参战部队出动的时间",
  "在中财委关于近日市场情况报告上的批语",
  "在外交部关于捷克打算编辑出版毛泽东著作报告上的批语",
  "请即派人到安东接引彭德怀与金日成会面",
  "请与苏联商量先调一个空军师保护首都空防",
  "关于志愿军先头部队出动时间致彭德怀、高岗等电",
  "关于志愿军按预定计划入朝作战致邓华等电",
  "在华北局关于绥远非党干部对我批评意见的报告上的批语",
  "志愿军参战目前只做不说",
  "给刘天民的信",
  "中央转发华北局及察哈尔省委关于调整城乡关系的报告的批语",
  "志愿军打好出国第一仗",
  "争取战机迅速完成战役部署",
  "控制妙香山小白山隔断东西两敌",
  "对四十军行动部署的意见",
  "关于四五天内不登志愿军消息给胡乔木的信",
  "关于广播吴耀宗文章给胡乔木的信",
  "在博川军阳里及其以北地区围开伪第六第八两师",
  "立即占领妙香山杏川洞",
  "十九兵团待命开东北",
  "西藏问题任何外国无权过问",
  "在稳当可靠的基础上争取一切可能的胜利",
  "对第一次战役的部署",
  "诱敌深入利于开击",
  "捕捉战机最关紧要",
  "九兵团须从速准备开动",
  "六十六军赴朝作战问题",
  "透敌深入山地然后围开之",
  "志愿军司令部组成须有朝鲜同志参加",
  "关于抗议美机侵入我国领空的批语",
  "志愿军领导机构设置和主要干部配备",
  "必须准备与向鸭绿江进攻之敌作战",
  "第一仗似以打伪军为主为适宜",
  "关于敌方对我军行动的反映致彭德怀、邓华电",
  "先抓住一两部敌军围攻吸引敌主力增援",
  "军委关于伪一、六、八师行动情况的电报",
  "六十六军由志愿军司令部直接指挥",
  "先牙伪第一第六第八师后打美英军",
  "同意彭德怀提出的对敌作战方针",
  "对三十九军作战行动的部署",
  "开灭伪第一第六第八师的作战部署",
  "对军委设立军事运输部门报告的批语",
  "九兵团北调整训和敌军行动情况",
  "按新情况重新确定攻击目标",
  "关于暂时不宜发表作战新闻致彭德怀电",
  "对在天安门前建立毛泽东大铜像建议的批语",
  "赞同聚牙伪军四个师的部署",
  "第一次战役的关键有两点",
  "诱敌深入定宜泰龟泰川等区域以利开击",
  "在起义军官较多的团以上部队均可组织军政委员会",
  "转发华北军区高干会情况报告的批语",
  "在袁仲贤关于梅农同申健谈西藏问题报告上的批语",
  "使用九兵团主力对付可能由咸兴向北进攻之敌",
  "以全开当面之敌为目标是正确的",
  "关于南朝鲜军队战斗特点的通报",
  "九兵团的作战任务",
  "关于将志愿军入朝作战注意事项等汇送宋时轮的批语",
  "为《解放军画报》题名",
  "不能听任美国侵入中朝边界而置之不理",
  "浣溪沙·和柳亚子先生",
  "为抗美援朝题词",
  "为《任强时同志逝世纪念集》题词",
  "对中国人民志愿军指示的团结朝鲜人民四项原则",
  "为中国人民志愿军制定的第一阶段作战方针",
  "以四十二军一部迅占宁远德川孟山诸点",
  "同意志愿军的作战部署",
  "伪首都师和美二师动向及我之部署",
  "关于三十八军等部的作战部署",
  "全局关键在于隔断南北敌人联系开灭美军第二师",
  "关于九兵团部署问题致彭德怀、高岗电",
  "关于发表北京大学教师联名给毛泽东的信的批语",
  "注意各个开灭可能向我举行反攻之敌",
  "关于《各民主党派联合宣言》给胡乔木的信",
  "争取在元山顺川铁路线以北创造战场",
  "三十八军应尽可能争取开灭伪七师一两个团",
  "关于日前不宜以联合司令部名义发表战报的电报",
  "九兵团以诱敌深入寻机各个牙敌为方针",
  "关于九兵团行动问题的批语",
  "为庆祝十月社会主义革命三十三周年给苏联的贺电",
  "对出版志愿军报纸请示报告的批语",
  "同意志愿军下一步的作战方针和部署",
  "对暂时放弃攻打金门任务报告的批语",
  "中央转发北京市委关于抗美援朝运动开展情况报告的批语",
  "必须精心组织牙灭美军陆战第一师",
  "与朝鲜同志商谈应注意方式",
  "给李承清的信",
  "朝鲜战局是可以转变的",
  "关于肃清广西患和增强广东兵力的电报",
  "对《综合各方对朝鲜战争反映》电报稿的修改",
  "关于西南局综合报告的复电和批语",
  "中央关于西南局镇压反革命活动报告的批语和复电",
  "关于转发西南军区简报第四号的电报",
  "关于统筹两广对付美蒋进犯",
  "广东广西的工作安排和兵力部署",
  "加强华东军区领导做好期工作",
  "关于朝鲜主力战场的新闻报道的指示",
  "只要多打几个胜仗整个国际局势就会改观",
  "及时补充兵力连续作战",
  "中央关于北京市委镇压反革命活动报告的批语和复电",
  "必须做到土改与期相结合",
  "加紧准备防空战胜敌人可能的空袭",
  "出国作战部队应加强同美军作战的思想准备",
  "给郭耿光的信",
  "给胡乔木的信",
  "关于发布通报问题致中南、华东、西南军区电",
  "致彭德怀、邓华、洪学智电",
  "准备随时扑灭空降敌人",
  "集中四个军开灭美军三个师的主力",
  "关于鼓励士气争取大胜致彭德怀等电",
  "中央转发关于处理群众来信问题报告的批语",
  "利用两个战役之间作必要的休息整训",
  "浣溪沙·和柳亚子先生",
  "为全军保卫工作会议题词",
  "四十二军应从侧面威胁平壤",
  "坚决站在抗美援朝保家卫国的爱国立场上",
  "增强南北阻援阻止敌人突围",
  "西线各主力应准备继续作战",
  "二十六军南下作战九兵团准备打增援之敌",
  "主力宜在顺川肃川线作战",
  "给黄念田的信",
  "关于改变一九五一年部队教育时间比例的指示",
  "围而不牙诱敌来援",
  "为了解就地取给粮草等情况致彭德怀、高岗电",
  "战争应从最坏方面着想",
  "应迅速控制飞机场不使被围美军撤走",
  "如平敌撤退则志愿军向三八线攻进",
  "相机占领平壤",
  "对全军立功奖励问题报告的批语",
  "解放平的两则电讯和播发此讯的批语",
  "同意东西两线作战部署",
  "关于目前只宜强调召开各界人民代表会议的批语",
  "关于志愿军西线主力行动和中朝军队协同作战问题",
  "军委关于同意海南岛的海防部署致邓子恢等电",
  "军委关于九兵团指挥所的防空萌蔽问题的电报",
  "对华东军区经验通报的复电",
  "请求苏联帮助越南解决汽车和汽油问题",
  "中央转发南京学生反美控诉运动经验的批语",
  "关于美军准备从朝鲜撤退的情报致彭德怀等电",
  "在广州市机关物资疏散情况报告上的批语",
  "对成立化学兵学校报告的批语",
  "中国人民志愿军必须越过三八线作战",
  "关于志愿军兵力使用的意见",
  "我军能够战胜装备优良的美国军队",
  "给陈叔通的信",
  "中宣部转发西南局宣传部关于清反霸报道问题的意见的批语",
  "关于镇压反革命",
  "朝鲜作战必须作长期打算",
  "对我国关于联合国大会通过“朝鲜停战三人委员会”决议的声明的修改",
  "目前应使敌集中以利开击",
  "第三次战役结束后全军主力均应后撤休整",
  "征调老战士补充志愿军部队",
  "祝贺法国共产党成立三十周年的电报",
  "关于发表《实践论》等文章给胡乔木的信",
  "关于重新发表中共中央关于领导方法的决定等文件给胡乔木的信",
  "打一个胜仗后休整准备春季攻势",
  "加紧督促桂粤湘三省期巩固广东防务",
  "转发中南军区秋季情况报告的批语",
  "在华南分局关于广州市预防空袭疏散物资情况报告上的批语",
  "给黄炎培的信",
  "给周世钊的信",
  "为湖南省立第一师范学校题词",
  "为机要工作题词",
  "中央转发中南局关于镇压反革命的第二次指示的批语",
  "中央转发西北局关于工会工作报告的批语",
  "给王震的电报和复才旦朋杰、扎西才让的信",
  "为《秋白文集》题词和给杨之华的信",
  "关于同意朝鲜新解放区借粮办法的电报",
  "军委关于查告志愿军伤亡失踪人数致彭德怀等电",
  "军委为询问九兵团情况致宋时轮电",
  "为人民教育出版社题名",
  "为南开大学题写校名",
  "和郭沫若题齐白石画",
  "为《公安建设》题名",
  "给张有晋的信",
  "为张子敬题词",
  "为黄宝狗题词",
  "为北京医院题名",
  "关于同意广西计划致张云逸等电",
  "中央关于同意华南分局对海南岛的工作计划的电报",
  "征调老兵补充志愿军具有极大意义",
  "同意对湖南军大旧军官中反动分子的处理意见",
  "关于修筑入藏公路的批语",
  "中央对高岗关于与苏联军事人员建立良好关系的电报的批语和复电",
  "关于处理生日贺电的批语",
  "给李钠的信",
  "对陈渠珍一案的处理意见",
  "给黄炎培的信",
  "为《人民周报》题写报头",
  "对陶铸关于广西工作报告的批语和复电",
  "四十五军四十六军应集中整训应付万",
  "给饶承石、陈不显的信",
  "中央转发北京市委关于工商界抗美援朝运动报告的批语",
  "关于志愿军九兵团改善装备的批语",
  "同意中南军区集中兵力应付广东方面情况的电报",
  "关于防御国民党军队进攻厦门、汕头的电报",
  "在中央关于对朝鲜战争宣传应注意之点的电报稿上的批语",
  "关于青海骑兵支队配合十八军入藏问题致邓小平电",
  "关于改写给金日成的备忘录的批语",
  "对出版《八一》杂志报告的批语",
  "给徐悲鸿的信",
  "给李思安的信",
  "给戴硫本的信",
  "为中国人民解放军军事学院成立题词",
  "给马叙伦的信",
  "确保厦门并加强华东沿海防务",
  "关于对反革命分子必须打得稳打得准打得狠的电报",
]
`;

exports[`maoquanji-title > title 4`] = `
[
  "同意青海骑兵支队配合西南军队入藏",
  "在杨尚昆关于朱德患肺炎需要休养的报告上的批语",
  "致新疆省和田专区各族人民电",
  "和各中央局及大城市党委统战工作同志谈话纪要",
  "对彭德怀在中朝军队高级干部联席会议上的报告稿的批语和加写的话",
  "华东应准备独力牙灭可能进犯之敌",
  "中央关于转发河南省委镇反工作报告的批语和致中南局电",
  "关于镇反部署致上海市委电",
  "祝贺意大利共产党成立三十周年的电报",
  "关于建议再开一次城市工作会议致邓小平电",
  "关于对反革命分子判刑问题的电报",
  "关于四十五军等部队行动部署致陶铸电",
  "关于编印土改材料给彭真的信",
  "对河北阜平、曲阳灾区救济问题的批语",
  "给张澜的信",
  "中央转发华北局关于抗美援朝和推销土产工作报告的批语",
  "关于摆写介绍《实践论》文章给陈伯达的信",
  "关于转发广西镇反报告的批语和复张云逸电",
  "转发邓小平关于西南局十一、十二月综合报告的批语",
  "对东南沿海设防和构筑工事的意见",
  "转发华东局关于镇反应注意之点的电报的批语",
  "中央转发山西省委关于取缔一贯道的情况报告的批语",
  "关于编印学校反美斗争文件给彭真的信",
  "关于转送张澜复信致邓小平电",
  "转发苏南区党委关于召开民主党派座谈会的报告的批语",
  "给傅作义的信",
  "在印度大使举行的印度国庆会上的祝词",
  "给齐白石的信",
  "关于发布惩治反革命条例和审判反革命罪犯的批语",
  "关于嘉奖西南部队的电报",
  "给张澜的信",
  "志愿军必须立即准备发起第四次战役",
  "关于不要到处修工事致张云逸等电",
  "关于华东沿海构筑工事问题致陈毅电",
  "军委查询十八军入藏物资准备情况的电报",
  "军委关于对越南同志要取耐心说服态度的电报",
  "关于统一领导完成广西期和土改等任务致陶铸电",
  "关于注意玉树地委开展医疗贸易工作的经验致邓小平电",
  "在华东军区关于修建水吉至建公路的请示电上的批语",
  "土改工作应注意的主要之点",
  "为《察哈尔日报》题写报头",
  "为《钢铁小报》题写报头",
  "中共中央关于纠正电报、报告、指示、决定中的文字缺点的指示",
  "关于颁布队列条令草案、内务条令草案、纪律条令草案的电报",
  "在朝鲜战场轮番作战的兵力编成",
  "中央关于抓紧春耕和召开城市工作会议的电报",
  "土地改革要有秩序分阶段进行",
  "中央转发华南分局镇反工作报告的批语",
  "中央关于转发华东工会工作会议情况报告致饶石电",
  "为柳亚子居所题词",
  "关于转发山东分局镇反工作报告的批语",
  "中央对华北局部署镇反及审查留用人员报告的复电和批语",
  "中央转发华东局关于镇压反革命的补充指示的批语",
  "中央关于引导民主人士参加土改工作的批语",
  "转发陈不显关于苏南镇反工作报告的批语",
  "给马叙伦的信",
  "为《学文化》半月刊题名",
  "为中苏友好同盟互助条约签订一周年致斯大林电",
  "给黄炎培的信",
  "中共中央政治局扩大会议决议要点",
  "大城市必须有计划地修建居民住房",
  "中央转发察哈尔省关于取缔一贯道的情况报告的批语",
  "给符定一的信",
  "中央关于印发和组织学习三个镇反文件的通知",
  "在《新民报》北京社社会服务部来信上的批语",
  "转发罗瑞卿考察广东、广西、江西镇反工作报告的批语",
  "中央转发北京市委镇反计划的批语",
  "转发川西军区清匯报告的批语",
  "军委关于撤回新疆入藏部队问题致王震电",
  "中央转发北京市委关于市政建设计划的批语",
  "关于继续肃清福建一切股致叶飞等电",
  "中央转发川东区党委镇反工作报告的批语",
  "中央转发川西区党委关于清匯反霸减租退押情况报告的批语",
  "中央关于向各界人士解释镇压反革命的必要性的电报",
  "转发西南军区关于镇反工作报告的批语",
  "中央转发北京市委关于摧毁一贯道的报告的批语",
  "为人民出版社题名",
  "为《军学》题名",
  "关于志愿军实行轮番作战的方针",
  "给胡乔木的信",
  "关于修改《矛盾论》给陈伯达、田家英的信",
  "转发罗瑞卿关于浙江省镇反情况报告的批语",
  "给杨尚昆的信",
  "转发西南军区党委关于镇压反革命分子的指示的批语",
  "给戴航本的信",
  "给胡乔木的信",
  "关于校对《矛盾论》给田家英的信",
  "中央关于山东军区政治部主任黄祖炎被刺杀事件的通报",
  "转发黄敬关于天津镇反补充计划的批语",
  "转发福建省公安厅关于镇反情况报告的批语",
  "转发西南公安部关于财经交通部门清理反动分子总结报告的批语",
  "组织民主人士参观或参加土改、镇反工作",
  "给周世钊的信",
  "转发中南局关于城市镇反指示的批语",
  "转发薄一波、刘澜涛三月份综合报告的批语",
  "对邓小平关于清查处理西南军政机关不纯问题报告的批语和复电",
  "转发北京市委关于人民群众拥护镇反的情况报告的批语",
  "中央转发山东分局就黄祖炎被刺杀对所属市、地委的指示的批语",
  "给胡乔木的信",
  "中央转发华南分局关于军队干部参加地方领导工作的意见的批语",
  "中央转发华东局关于镇反中如何对待民主党派成员的指示的批语",
  "中央转发罗瑞卿关于几个大中城市镇反工作考察报告的批语",
  "转发河北省委关于沧县地委镇反工作经验的通报的批语",
  "关于同意上海市委镇反计划致饶渐石电",
  "转发河北省公安厅关于天津专区读捕反革命分子情况报告的批语",
  "给李达的信",
  "转发北京市委关于召开市协商委员会扩大会议讨论镇反问题的报告的批语",
  "给胡乔木的信",
  "转发黄克诚关于湖南镇反问题的意见的批语",
  "转发山东分局关于镇反工作报告的批语",
  "转发中南局关于加强镇反宣传工作的指示的批语",
  "转发空军党委关于镇反工作的检讨和决定的批语",
  "关于组织民主人士参观土改、镇反给刘少奇等的信",
  "对刘少奇在全国组织工作会议上的报告稿的批语",
  "关于召集各界代表人物开会通报镇反情况的电报",
  "关于播发许建国等在天津镇反大会上发言的电话稿",
  "关于彭友胜工作安排问题的信",
  "关于培养干部问题的指示",
  "关于继续努力消灭残国致叶飞等电",
  "给田家英的信",
  "转发饶承石关于镇反中清理外中内三层等问题的报告的批语",
  "转发中南局传达讨论政治局扩大会议精神的报告的批语",
  "转发北京市委关于大张旗鼓经过群众进行镇反的报告的批语",
  "给李介侯的信",
  "给张澜的信",
  "给张云逸的信",
  "转发广东军区党委关于派造工作组检查和帮助镇反工作的指示的批语",
  "为中国戏曲研究院题词",
  "给毛宇居的信",
  "转发福建省公安厅关于镇反情况报告的批语",
  "中央转发山东分局关于城市镇反经验报告的批语",
  "为翻译《斯大林全集》给斯大林的电报皖",
  "给田家英的信",
  "关于十三兵团的任务",
  "给李维汉的信",
  "转发天津市委关于企业系统查出内好的情况报告的批语",
  "关于镇反工作中两个突出经验的通报",
  "转发济南市委镇反工作报告的批语",
  "转发东北军区党委镇反工作计划的批语",
  "转发南京市委镇反工作报告的批语",
  "防敌从元山登陆",
  "给田家英的信",
  "转发西北局关于加强镇反宣传工作指示的批语",
  "转发天津市通过各界人民代表扩大会议进行镇反工作的报告的批语",
  "转发宿县地委关于运用农代会布置镇反工作的报告的批语",
  "转发山东军区关于镇反和审查不良分子的计划的批语",
  "注意对付敌可能降落的伞兵",
  "给胡南浦的信",
  "转发罗荣柜等关于黄祖炎被害事件调查报告的批语",
  "对陈毅巡视福建工作报告的复电和批语",
  "转发河北省农业厅审查旧人员的经验的批语",
  "给杨尚昆的信",
  "转发师哲关于陪同费德林访问情况报告的批语",
  "正确解释对旧人员“包下来”的政策",
  "转发中南局关于镇反工作补充指示的批语",
  "转发华北局关于在工厂、企业、学校中开展镇反工作的指示的批语",
  "对订制军用雨衣被好商诈骗情况简报的批语",
  "转发华东局关于十六个大中城市统一镇反行动的报告的批语",
  "给司徒美堂的信",
  "为《中国青年报》题写报头",
  "注意在第五次战役中给敌以尽可能大的打击",
  "给陈文新的信",
  "为炮兵学校题词",
  "转发西南局关于镇反问题给川北区党委的指示的批语",
  "转发二十三兵团党委关于开展民主运动的总结报告的批语",
  "关于转发华北革大开展“忠诚老实政治自觉”运动情况报告的批语",
  "给张治中的信",
  "关于同意苏联就美国对日和约草案所拟复文的电报",
  "中央转发华北局关于镇反问题的指示的批语",
  "转发谭震林关于杭州镇反情况报告的批语",
  "关于印发南京市公安局纯洁内部的计划的批语",
  "中央关于对犯有死罪的反革命分子应大部采取判处死刑缓期执行政策的决定",
  "对中南军区关于华南海防战备报告的复电和批语",
  "转发广东军区党委关于执行中央镇反指示的检讨报告的批语",
  "同意在朝鲜战争结束前推识解放金门",
  "对今后兵工建设方针报告的批语",
  "转发中南局关于纠正镇反中关门主义倾向的指示的批语",
  "转发苏南区党委关于清理“中层”计划的批语",
  "转发四军党委关于镇反工作总结报告的批语",
  "转发察哈尔省万全县镇压反革命经验的批语",
  "关于争取与尼泊尔建立外交关系的批语",
  "给王淑兰的信",
  "为治淮工程题词",
  "中央关于转发第三次全国公安会议决议的通知",
  "转发邓小平关于土改、镇反、抗美援朝综合报告的批语",
  "关于将捕人杀人的批准权一律提高一级的电报",
  "关于鼓励部队继续致广西军区电",
  "关于清理“中层”问题致高岗电",
  "中央转发察哈尔省委关于进一步普及镇反宣传计划的批语",
  "必须重视人民群众来信",
  "在总政转发西北军区航空处镇反报告的批语中加写的一段话",
  "中央转发华东局等关于涡阳事件的电报的批语",
  "转发无锡市委关于组织民主人士参加反革命案件审查委员会情况报告的批语",
  "应当重视电影《武训传》的讨论",
  "中央关于印发清理“中层”“内层”问题的指示的通知",
  "转发东北军区党委关于在军事系统进行镇反和清理工作的指示的批语",
  "关于同意目前收兵休整致彭德怀电",
  "中央批发第三次全国公安会议关于组织全国犯人劳动改造问题的决议的通知",
  "转发上海市委关于严防在控诉会上扩大打击面的通报的批语",
  "提高军事训练和政治工作水平",
  "转发武威地委关于召开反革命家属座谈会报告的批语",
  "在庆祝签订和平解放西藏办法协议宴会上的讲话",
  "给达赖喇嘛的信",
  "军委关于进军西藏的训令",
  "对美英军日前只宜打小牙灭战",
  "在审阅《人民日报》社论《拥护关于和平解放西藏办法的协议》草稿时加写和改写的话",
  "给章士钊的信",
  "用“零敲牛皮糖”的办法牙敌",
  "关于华东各城市收回捕杀反革命分子的批准权问题致饶承石电",
  "为陈永康题词",
  "关于同意阻敌和兵力调动计划致彭德怀电",
  "转发邓子恢关于城市工作报告的批语",
  "对薄一波报批的关于购棉储棉工作给各中央局的电报等文稿的批语",
  "询问我军阵地构筑和防守情况",
  "必须增强反坦克武器",
  "中央转发云南省委关于初步整顿党组织的决定的批语",
  "中央转发武汉市委关于汉口特务纵火事件报告的批语",
  "关于三兵团休整和接防问题致彭德怀电",
  "提高斗志停止敌进稳定局面",
  "关于处理涉及重要民主人士及其戚友的案件的批语",
  "准备粉碎正面之敌及侧面登陆之敌",
  "在审阅《人民日报》关于正确使用祖国语言的社论稿时加写的一段话",
  "关于修筑进藏公路的批语",
  "六七两月不进行大的反攻战役",
  "为了解敌占金化、铁原后的动态及我军部署致彭德怀电",
  "转发华北局关于通县传达贯彻“死缓”政策的情况报告的批语",
  "在华南分局关于叶剑英患病的电报上的批语",
  "对民主德国举行“德中友好月”的感谢电",
  "转发华东局关于华东军政委员会整理“中层”的经验报告的批语",
  "转发华北局关于山西省直属机关审干情况报告的批语",
  "关于抓紧镇反和清理工作致陈毅电",
  "在胡乔木关于《中国共产党的三十年》一文中几处提法的请示信上的批语",
  "请苏联提供六十个师装备并在六个月内运至中国",
  "六十个师的新编制和装备可能成为我军现代化的骨干",
  "给李烛尘的信",
  "给李介候的信",
  "空军应抓紧做好参战准备",
  "中央转发罗瑞卿关于犯人参加生产建设的报告的批语",
  "中央转发华北局镇反工作指示的批语",
  "在符定一来信上的批语",
  "请会商朝鲜和平谈判准备问题",
  "关于朝鲜停战谈判等问题",
  "关于朝鲜停战谈判时间地点等事宜",
  "停战谈判代表以朝鲜人民军为主",
  "在审阅杨耳《评武训和关于武训的宣传》稿时加写的几段文字",
  "对江西省委扩大会议总结部署镇反工作的报告的批语",
  "多打小规模的开灭仗",
  "为中国人民志愿军制定的第二阶段作战方针",
  "关于准备和谈会议有关问题致彭德怀电",
  "停战谈判期间军事上应采取的对策",
  "关于朝鲜停战谈判我方应提出的条款",
  "关于共同筹备谈判会场及开会事宜致金日成电",
  "关于保障开城地区的安全致彭德怀电",
  "关于速去开城准备停战谈判事宜致金日成等电",
  "中央转发北京市委关于统战会议情况报告的批语",
  "关于纪念武训的学校、碑文和建筑等处理办法的批语",
  "空军部队不要进驻朝鲜北部机场",
  "停战谈判不要提赔偿等问题",
  "对总政关于纪念建军二十四周年指示稿的批语和改写的话",
  "关于对南日、邓华两个发言稿的意见致李克农电",
  "关于坚持将外国军队撤出朝鲜列入议程等致李克农电",
  "在薄一波关于傅作义情况的来信上的批语",
  "同意步兵师新编制",
  "对《武训历史调查记》的修改和给胡养木的信",
  "关于同苏联谈判订购军事装备和兵工建设问题",
  "关于容许新闻记者进入开城地区问题致李克农电",
  "中央关于党的七届四中全会和全国政协会议推识召开的电报",
  "在胡乔木关于翻译工作会议情况报告上的批语",
  "关于拍发、广播对李奇微的复文修正稿致李克农电",
  "关于同意李奇微划中立区的提议致李克农电",
  "关于限定谈判代表团人数和划定中立区面积问题致李克农电",
  "关于不必再发记者问题公报致李克农电",
  "关于修改和广播对李奇微的复文致李克农电",
  "关于金日成、彭德怀电复李奇微原则同意将开城地区划为暂时中立区的电讯稿",
  "给黄炎培的信",
  "既然有权讨论停战也就有权讨论撤兵",
  "对毛泽东思想的表述的修改",
  "关于做好尤金来华的接待工作致高岗电",
  "在关于修改谈判议程问题发言稿给李克农的电报稿上加写的一段话",
  "停战前积极准备九月的攻势作战完全必要",
  "给张元济的信",
  "九月战役的兵力部署和粮弹储备",
  "在胡乔木关于抗战胜利纪念日的请示报告上的批语",
  "给张云逸的信",
  "给李介侯的信",
  "为革命老根据地人民题词",
  "对袁仲贤关于尼赫鲁催要毛泽东诗词的报告的批语",
  "对航空工业建设问题的批语",
  "对敌实施战术反击的意见值得认真考虑",
  "准备对付可能在镇南浦登陆之敌",
  "以十月二十五日为志愿军抗美援朝纪念日",
  "对西安市在清理积案中组织罪犯学习《惩治反革命条例》的经验的批语",
  "给越南民主共和国政府胡志明主席的贺电",
  "为祝贺抗日战争胜利六周年致斯大林电",
  "在中央关于对西藏各寺院及气巧发放布施给张经武的电报稿上加写的一段话",
  "给毛宇居、文梅清、张有成的信",
  "给张元济的信",
  "对第四次全国公安会议决议草案的批语和修改",
  "对南京市委关于宗教改革工作的报告的批语",
  "关于荆制佑工作安排的信",
  "必须重视卫生、防疫和医疗工作",
  "在马寅初关于北京大学教员政治学习问题给周恩来的信上的批语",
  "给石景山钢铁厂党委会的信",
  "给王自勉的信",
  "入藏部队的当前任务和兵力部署",
  "致米丁电",
  "给黄炎培的信",
  "致邓子恢电",
  "关于印发纠正文字缺点的文件给刘少奇等的信",
  "致饶石电",
  "接受缅甸大使吴拉茂呈递国书时的答词",
  "对章士钊反映张之洞、段祺瑞遗属情况来信的批语",
  "中央同意新疆分局对执行请示报告制度的检讨的电报",
  "对刘亚楼等关于空四师空战报告的批语",
  "关于更换谈判会址问题致李克农电",
  "给徐冰的信",
  "为马毛姐题词",
  "对李维汉关于给班禅送礼等事的报告的批语",
  "给谭熙春的信",
  "给戴航本的信",
  "给贺晓明的信",
  "给文炳章的信",
  "给雷瀚的信",
  "在关于扩大中立区问题给李克农的电报稿上加写的一段话",
  "在铁道部工程师韩伯林反映住房及房租问题的来信上的批语",
  "中央关于由邓华转达中央对志愿军战略方针等问题的决定的电报",
  "给陈叔通的信",
  "关于转发东北农村生产合作互助运动报告的批语",
  "转发西南局关于组织土改工作团下乡参加土改的经验的批语",
  "在全国政协一届三次会议上的讲话",
]
`;

exports[`maoquanji-title > title 5`] = `
[
  "给傅种孙的信",
  "关于通过和发表抗美援朝决议问题给周恩来的信",
  "致达赖喇嘛电",
  "在罗瑞卿关于目前反革命活动的情况和我们的对策的报告稿上加写的两段话",
  "对朝鲜战场兵力调整和补充报告的批语",
  "关于徐向前免兼华北军区副司令员的批语",
  "中央印发关于清理厂矿交通等企业中的反革命分子和开展民主改革的指示的通知",
  "祝贺十月革命三十四周年致斯大林电",
  "致达赖喇嘛电",
  "为张仙朋题词",
  "关于同意志愿军党委对精简节约的布置致彭德怀等电",
  "为审阅中央关于学校工作的指示稿给刘少奇等的信",
  "接受巴基斯坦大使罗查呈递国书时的答词",
  "关于为皖北除县专区文工团题词给周扬的信",
  "为滁县专区文工团题词",
  "在中央给张经武的电报稿上加写的一段话",
  "给马寅初的一封信",
  "中央转发华北局关于一九五二年工作计划的批语",
  "对中宣部、文委的机构设置和人员配备报告的批语",
  "关于张经武留藏工作的批语",
  "对胡乔木关于院系调整问题给毛泽东、刘少奇、周恩来、李富春、彭真的信的批示",
  "转发中财委关于交通部党组对团结民主人士问题检讨的通报的批语",
  "给李介侯的信",
  "关于改正“半工人阶级也是领导阶级”的提法问题的批语和书信",
  "中央转发高岗关于三反斗争报告的批语",
  "关于谈判军事分界线问题致李克农电",
  "空军必须迅速组织新部队参战",
  "中央转发河北省委关于恢复和发展农业生产的报告的批语",
  "给王首道的信",
  "给李维汉的信",
  "中央转发中财委关于一九五二年全国农业生产计划的批语",
  "在文学艺术界开展整风学习",
  "给薄一波的信",
  "中央转发邓小平关于西南区党政军三个会议情况报告的批语",
  "中央印发关于在学校中进行思想改造和组织清理工作的指示的通知",
  "中央转发华北局关于刘青山、张子善大贪污案调查处理情况报告的批语",
  "为湖南农学院题名",
  "为贵州大学题名",
  "中央关于补报重大贪污犯的处理情况致薄一波、刘澜涛电",
  "中央关于印发《中共中央关于实行精兵简政、增产节约、反对贪污、反对浪费和反对官主义的决定》的通知和毛泽东对决定稿的批语和修改",
  "给郑振锋的信",
  "中央转发华北局关于把领导重点转到工业生产和进一步发展农业生产的两个决定的批语",
  "给董必武的信",
  "中央关于批转北京市委展开反贪污斗争的报告的指示",
  "中央转发贸易部党组关于大张旗鼓地反贪污的报告的批语",
  "转发装甲兵司令部关于精简节约工作报告的批语",
  "关于交换战厚的批语",
  "中央关于三反斗争必须大张旗鼓进行的电报",
  "中央转发华东局一九五二年华东工作纲要的批语",
  "给钟志刚的信",
  "中央批转罗瑞卿关于公安系统开展三反斗争的报告的批语",
  "转发总政关于在部队实施政治和文化教育等工作的报告的批语",
  "中央转发邮电部党组关于三反报告的批语",
  "中央转发铁道部党组关于三反报告的批语",
  "转发华北军区后勤党委关于三反报告的批语",
  "给毛泽连、毛远的信",
  "对湖北省委关于违背新解放区农业税暂行条例的检讨报告的批语",
  "复西北各族人民抗美援朝代表会议电",
  "中央转发华北局关于在党政军各部门统一开展三反斗争报告的批语",
  "不要因领导重点转移而放松对土改工作的领导",
  "转发习仲勋关于西北地区反贪污斗争报告的批语",
  "对外交部转发张闻天关于我驻东欧使馆工作报告的电报的批语",
  "致班禅额尔德尼电",
  "中央转发高岗关于工矿企业开展增产节约运动报告的批语",
  "给杨立三的信",
  "中央关于印发农业生产互助合作的决议草案的通知",
  "中央转发志愿军党委关于精简节约反对贪污浪费的指示的批语",
  "转发陈毅关于华东军区开展精简节约反对贪污浪费的报告的批语",
  "中央转发平原省委关于干部中贪污腐化情况通报的批语",
  "在罗荣柜等关于军队高级干部任免和军委下发文件审批办法的建议信上的批语",
  "中央转发西南局关于开展三反斗争报告的批语",
  "转发肖华关于总政实行精简节约开展三反斗争报告的批语",
  "关于试办集体农庄的意见",
  "审阅中央关于海外侨民工作指示草案的批语",
  "中央转发西南局关于读捕和判处反革命分子批准权的六项规定的批语",
  "中央转发中南局关于三反运动的报告的批语",
  "对北京被服厂工人来信的批语",
  "关于处理志愿军休养员打人事件的批语",
  "在一封反映某些中央机关干部用公家小汽车接送子女上学的来信上的批语",
  "军委转发西北军区党委关于精简节约开展三反斗争的指示的批语",
  "对中央关于农业贷款和私商联营的意见稿的修改",
  "中央转发文委党组关于三反报告的批语",
  "转发华北军区党委关于军区高干会议情况报告的批语",
  "关于部队在整编前应进行一次三反斗争的电报",
  "中央关于批准和转发中央一级机关总党委报告的批语",
  "中央转发甘肃省委关于三反报告的批语",
  "中央转发武汉市委关于开展三反斗争报告的批语",
  "给章士钊的信",
  "中央关于转发华东局三反报告的批语和复电",
  "关于印发华南军区政治部团结改造知识分子问题指示的批语",
  "给陈玉英的信",
  "中央批准西北局关于开展三反整风运动指示的电报",
  "对中财委转报的全国合作总社收购棉花经验报告的批语",
  "中央转发西南局关于学校教师思想改造问题报告的批语",
  "关于部队三反和整编的安排问题致谭政电",
  "转发联运党委关于开展三反斗争情况报告的批语",
  "中央关于处理武汉市府领导人压制民主、打击群众批评的错误的电报",
  "在中央转发中办秘书室工作报告的批语中加写的话",
  "中央关于西南局决定停止整党学习全力转入三反致各中央局电",
  "转发湖北省委关于三反运动初步情况的报告的批语",
  "关于同意将三反斗争和整编工作结合进行致陈毅电",
  "关于播发饶承石的演说给新华社的批语",
  "关于同意对付敌人拖延谈判的办法致李克农电",
  "给黄炎培的信",
  "转发西南军区党委关于三反斗争的一周通报的批语",
  "转发华东军区党委关于大张旗鼓开展三反斗争的指示的批语1951年12月30日）对编余部队调拨为工程部队和屯垦部队的批语",
  "对董必武等关于五机关合署办公及开展三反斗争情况报告的复信",
  "中央关于中央、大区、省市三级一切工作部门向中央主席和军委主席作三反报告的指示",
  "转发志愿军党委关于开展三反运动的补充指示的批语",
  "关于回谢生日贺电问题的批语",
  "给易南屏的信",
  "转发华东军区党委关于结合三反进行整编给所属装甲兵党委的电报的批语",
  "转发志愿军四十二军党委关于节约计划报告的批语",
  "为《中国共产党烈士传》一书封面题词",
  "为复旦大学题名",
  "为《新农村》题名",
  "元旦祝词",
  "对中南军区三反指示和谭政来电的复电和批语",
  "在川北区党委关于三反运动的报告上的批语",
  "转发志愿军二十兵团关于开展三反运动的报告的批语",
  "答谢威廉·皮克祝贺生日的电报",
  "祝贺威廉·皮克寿辰的电报",
  "对组织空军部队到朝鲜战场作战的报告的批语",
  "中央关于立即抓紧三反斗争的指示",
  "转发江西省委关于三反运动的报告的批语",
  "以四十万军队转为工程军和屯垦军是完全可能的",
  "对慧荣臻关于山东回民支队整编问题的报告的批语",
  "关于大贪污犯速捕权及判决权问题的批语和加写的话",
  "在反贪污、反浪费、反官主义的伟大斗争中，发动群众的关键何在？",
  "中央转发北京市委关于三反斗争的报告的批语",
  "对华东军区党委关于组织检查团检查三反工作的决定的批语",
  "对华东军区党委关于三反中报告制度的规定的批语",
  "关于起草惩治浪费条例和修改惩治贪污条例的批语",
  "对张劲夫关于浙江省直属机关三反斗争的报告的批语",
  "对中共济南市委报告的批示",
  "对中南局关于近几个月内少开主要干部出席的业务会议的建议的批语",
  "关于军事系统三反报告一般由总政处理的批语",
  "对甘肃省委关于三反斗争情况报告的批语",
  "给罗元贞的信",
  "转发罗瑞卿关于公安部三反情况报告的批语",
  "转发空军党委三反报告的批语",
  "中央关于天津市委对干部超支问题所作分析的批语",
  "对山东军区第二届生产会议情况报告的批语",
  "转发西康军区关于三反的紧急指示的批语",
  "转发饶承石关于华东各地三反斗争情况的报告的批语",
  "在中南局关于处理机关小家当的请示报告上的批语",
  "在薄一波转报李富春关于中国科学院三反运动情况报告的信上的批语",
  "在习仲勋关于入藏干部应做好民族工作的电报上的批语",
  "转发三反运动以来市场物价情况报告的批语1！",
  "关于美机犯境我方应不示弱致李克农电",
  "对集宁军分区三反斗争情况报告的批语",
  "对遵义军分区关于三反运动的综合报告的批语",
  "关于在朝鲜停战谈判中应主动反击敌人的电报",
  "转发华东军区党委关子南京部队三反情况通报的批语",
  "转发西南军区党委关于三反运动情况简报的批语",
  "中央转发华东局关于划分浪费与贪污界限的四类标准的批语",
  "转发贵州军区三反运动三日简报第一号的批语",
  "对总政关于西南军区三反运动第三周简报的批示的批语",
  "对慧荣臻关于原冀中回民支队仍编为地方民族部队的建议的批语",
  "转发华北军区十军党委关于三反情况报告的批语",
  "关于为西藏军区成立题词问题的批语",
  "关于同意华东部队把士兵代表会议定为经常制度的建议的批语",
  "在中央关于省以上部门驻外地机构的三反斗争由当地党委领导的指示稿上加写的话",
  "中央对薄一波关于中央各机关三反运动情况及今后意见报告的批语和修改",
  "关于转发中南局组织部通知的批语和对中央批语稿的修改",
  "关于全军必须以全力进行三反然后整编的电报",
  "对华北军区党委关于三反运动的报告的批语",
  "中央转发华北局关于机关三反运动补课情况报告的批语",
  "关于军委民航局三反斗争的批语",
  "对纺织部关于经纬纺织机器厂盲日施工造成严重问题的检讨的批语",
  "关于三反斗争展开后要将注意力引向搜寻大老虎的电报",
  "对西南军区三反运动第五周简报的批语",
  "对山西省委关于三反斗争的综合报告的批语",
  "在第一航校党委关于三反运动情况报告上的批语",
  "转发志愿军十九兵团党委三反报告的批语",
  "中央关于首先在大中城市开展五反斗争的指示",
  "对华东一级机关三反运动简况报告的复电和批语",
  "对刘澜涛关于华北军区捉虎情况报告的批语",
  "对华北局关于各省市地委一律作出打虎计划、结束三反要经过批准的紧急指示的批语",
  "转发中南军区关于从民主检查转入清查贪污的指示的批语",
  "转发华东军区关于打虎部署的报告的批语",
  "对朱德关于加强党的纪律检查工作的报告的批语",
  "吊暗养巴山浙世致布曼增迪电",
  "转发北京市打虎经验的批语",
  "转发华东军区党委关于打虎预算报告的批语",
  "对华北局关于山西省打虎数目的指示的批语",
  "转发东北局关于寻找贪污线索的经验的电报",
  "关于搜捕大老虎和检查处理违法资本家致高岗电",
  "在中财委机关党组关于三反运动的第二次报告上的批注",
  "对华东军区党委关于处理部队生产基金和盈利问题的意见的批语",
  "军委关于部队集体转业的命令",
  "关于西北军区二月份应深入三反着重打虎的电报",
  "对薄一波在北京公审大贪污犯大会上的讲话稿的批语和修改",
  "对空军第三师战况报告的批语",
  "中央关于饶承石病休由陈毅代理各项职务的决定",
  "转发十军打虎经验的批语",
  "转发季富春在中财委汇报会议上的打虎总结报告的批语",
  "转发安子文关于在农村中开展三反运动的报告的批语",
  "转发华北局关于河北省委的几项决定和河北打虎任务的批语",
  "关于限期向中央报告打虎预算和县、区、乡开展三反运动的电报",
  "关于增加打虎分配数目致谭政电",
  "对华北区二月底以前打虎计划报告的复电",
  "关于转发三个打虎文件的批语",
  "关于注意领导生产问题",
  "答谢胡志明祝贺中越建交两周年的电报",
  "对山东分局打虎报告的批语",
  "中央关于派彭真、罗瑞卿去华东、中南帮助三反五反工作的电报",
  "对浙江省委打虎报告的批语",
  "对六十六军打虎报告的批语",
  "在军委给华东军区党委的复电稿上加写的话",
  "对劳动部关于资产阶级向劳动行政部门进攻情况报告的批语",
  "转发中财委关于财经工作几点意见的批语",
  "对薄一波关于中央一级机关打虎总结和今后部署的报告的批语",
  "对中南军区党委打虎报告的批语",
  "中央对上海市委关于在工厂中开展三反运动的指示的批语",
  "关于推迟公审违法资本家的批语",
  "对刘澜涛关于六十六军捉虎经验报告的批语",
  "转发天津十一区打大虎的经验的批语",
  "对军事学院两份三反报告的批语",
  "关于纠正连队干部军阀主义作风问题",
  "中央关于春耕工作的指示",
  "中央关于中小贪污分子分别处分问题的补充指示稿和毛泽东对此稿的说明",
  "对高岗关于东北打虎计划报告的复电",
  "对华北军区关于三反中被撤职干部的待遇问题的报告的批语",
  "转发华东军区捉虎报告的批语",
  "对刘澜涛关于华北军区后勤部捉虎报告的批语",
  "对张宗逊等关于西北军区整编问题指示的批语",
  "转发济南市委关于五反斗争的报告的批语",
  "对王鹤寿等关于东北工业部三反情况报告的批语",
  "中央转发中南局关于地、县、区三反运动和土改工作配合问题的指示的批语",
  "祝贺中苏友好条约签订两周年致斯大林电",
  "转发华东局打虎预算的批语",
  "关于中南打虎应大致和华东看齐的电报",
  "关于六十六军打虎经验的批语",
  "转发华东局关于华东直属机关打虎经验的通报的批语",
  "对中央节约检查委员会党组扩大会议几项决议的报告的批语",
  "关于转载王芸生文章给邓拓的信",
  "中央关于公审大贪污犯问题的指示",
  "转发华东军区关于增加打虎预算的报告的批语",
  "中央转发东北局关于三反中注意维持经济工作和防止反革命破环活动的指示的批语",
  "关于志愿军第一线部队停止三反、全力对敌的电报",
  "朝鲜停战谈判能否成功系于美国政府有无诚意",
  "中央关于五反中对各类资本家的处理意见的指示",
  "关于中央一级不准备审判中小贪污犯复习仲勋电",
  "给毛岳乔的信",
  "对周恩来关于解决三反中业务停顿问题的意见的批语",
  "转发中南军区后勤部打虎经验的批语",
  "对一九二师炮兵团部分同志关于三反斗争的建议信的批语",
  "转发中南局打虎新计划的批语",
  "军委同意志愿军三十九军主力停止打虎转入战斗的电报",
  "关于同意西南区打虎新计划的复电",
  "转发习仲勋关于西北区打虎新预算报告的批语",
  "关于派陈伯达去东北了解五反情况给高岗的信",
  "关于中南军区应增加打虎预算致谭政等电",
  "对罗瑞卿关于中南军区后勤系统三反报告的批语和复电",
  "转发南京市委关于宣教系统打虎情况报告的批语",
  "对劳动部关于劳动行政机关在三反中应注意的几点意见的批语",
  "关于转发贸易部打虎情况综合报告的批语",
  "中央转发南汉宸等关于三反以来金融情况报告的批语",
  "对荣臻关于朝鲜前线敌大面积空投带菌昆虫等的报告的批语",
  "转发北京市委关于五反斗争的两个报告的批语",
  "转发华北局打虎新计划的批语",
  "中央关于在五反斗争中提人封店问题致华东局电",
  "关于华南分局打虎部署复叶剑英电",
  "中央转发北京市委关于处理不法工商户的报告的批语",
  "转发中南军区打虎部署的批语",
  "中央关于改派薄一波去上海帮助三反五反工作的电报",
  "转发华东军区党委关于打虎情况和部署的报告的批语",
  "中央转发中南局关于五反斗争策略和部署的报告的批语",
  "关于上海市应抓紧完成三反打虎任务开展五反斗争的电报",
  "关于同意罗瑞卿对三反中暴露的反革命分子的处理意见的电报",
  "中央关于县区乡三级暂不进行三反和五反的指示",
  "关于检查和报告西安市五反斗争实际情况致习仲勋电",
  "转发华东局关于上海好商借公私合营损公肥私的报告的批语",
  "对周恩来关于荆江分洪工程会议情况报告的批示",
  "转发中直党委关于打虎工作报告的批语",
  "关于加强对陈嘉庚保卫工作的批语",
  "中央关于分步骤开展城市五反斗争的指示",
  "关于拍摄三反纪录片问题复高岗电",
  "对宣传第一批女飞行员问题的报告的批语",
  "对新乡地委打虎经验的批语",
  "中央转发西南军区党委关于三反和打虎的方针、部署的批语",
  "对薄一波关于上海三反五反情况和部署的报告的复电",
  "对陈毅关于华东军区打虎情况和部署的报告的复电",
  "对李富春关于起草追脏问题文件的来信的批语",
  "对东北贸易部围判大贪污分子大会的经验的批语",
  "关于在五反中不提反暴利口号的批语",
  "在福建省委宣传部关于《福建日报》三反报道中发生错误的检讨上的批语",
  "对李富春关于起草处理贪污分子规定和追脏规定的报告的批语",
  "转发薄一波关于华东三反五反情况及部署的报告的批语",
  "转发上海市委关于打虎第三战役情况和今后部署的报告的批语",
  "中央关于军事系统大贪污犯公审办法的指示！",
  "转发刘澜涛关于华北破获两起大案的报告的批语",
  "军委转发华北军区党委关于三反情况和今后部署报告的批语",
  "中央关于在三反中检查和解决公安司法机关违法乱纪行为的指示",
  "关于中央各部在三反中应指导下级的打虎工作与业务工作的批语",
  "关于感谢苏联专家对鞍钢建设的援助复高岗电FT",
  "对新疆党政军机关三反斗争情况报告的批语",
  "关于谭震林、陈不显任职问题的批语和电报",
  "对林业部关于一九五一年全国森林火灾情况报告的批语",
  "在肖华关于军委直属部队开展打虎运动的报告上的批语",
  "转发华东军区对营连及县区武装三反工作指示的批语",
  "关于抚顺市郊发现大批昆虫等的批语",
  "转发薄一波关于上海市五反准备工作报告的批语",
  "中央关于在五反中对工商户处理的标准和办法的指示",
  "对二十二兵团清算贪污的时间界限的批语",
  "转发新华社关于南京市在五反中集中训练工商界高级职员的经验的批语",
  "转发中央政法干校三反斗争情况报告的批语",
  "对悬荣臻、菜裕关于敌机在东北地区撒细菌和我方措施的报告的批语",
  "对五反运动的指示",
  "为印发《中共中央关于处理贪污浪费问题的若干规定》所写的批语和通知",
  "中央转发关于正确贯彻处理纪凯夫案件精神的两个文件的批语",
  "对华东局第八号打虎战报的批语皖",
  "在中央给邓小平的复电稿上加写的话",
  "关于严格掌握广州五反等问题致叶剑英电",
  "在中央关于三反中处理科学家、学者的问题的指示稿上加写的话",
  "对武等县关于追脏的几项政策规定的批语",
  "在是荣臻关于国内防疫工作报告上的批语",
  "对钟赤兵关于民航机构设置和领导关系的建议的批语",
  "中央对西北局关于开展五反的步骤和策略报告的复电",
  "给程潜的信",
  "给周世钊的信",
  "请苏联增派一个空军师协助拦击散布细菌之敌机",
  "对薄一波关于上海工商户分类和五反部署的报告的批语",
  "转发五台县委关于发动退脏运动的报告的批语",
  "中央关于增加受保护的资本家数目致上海市委电",
  "对新华社志愿军总分社上报的防疫工作资料的批语",
  "关于要新华社向各地通报五反的好经验给杨尚昆的信",
  "对华北疫病防治情况报告的批语",
  "军委转发华东军区党委关于健全各级节约检查委员会的指示的批语",
  "接受捷克斯洛伐克驻华大使康萨拉呈递国书时的答词",
  "接受朝鲜驻华大使权五樱呈递国书时的答词",
  "中央转发邓小平关于三反、五反、土改、经济等问题报告的批语",
  "中央转发三十八军党委关于认真做好三反甄别工作的报告的批语",
  "中央转发华东局关于五反的报告的批语",
  "彭德怀回国治病陈去朝代理指挥",
  "中央关于在五反斗争中及其以后必须达到的八项目的的指示",
  "中央转发徐子荣关于公安部门惩治和洗刷违法乱纪分子的报告的批语",
  "在中央转发西安市五反策略报告的批语稿上加写的话",
  "同意建立军事工程学院",
  "对中华人民共和国惩治贪污条例草案的批语和意见",
  "对统战部关于各民主党派三反运动结束时几项问题的处理意见的指示稿的修改",
  "给李达的信",
  "中央关于严查走私巨案的指示",
  "对周恩来送审水利工作两文件的批示",
  "中央转发薄一波关于上海市五反策略和部署的报告的批语",
  "中央转发上海市委关于在三反五反中严格执行各项纪律的决定的批语",
  "关于要新华社选送五反材料的批语",
  "对李达《（实践论》解说》的修改",
  "对西藏在政治上必须采取极端谨慎的态度",
  "在中央转发全总党组关于如何巩固五反胜利报告的批语稿上加写的话",
  "为转发一封关于工人监督生产问题来信的批语",
  "中央转发上海市五反第一期总结报告的批语",
  "中央转发中宣部关于《学习》杂志所犯错误的检讨的批语和对检讨的修改",
  "中央关于广州市五反工作的指示",
]
`;

exports[`maoquanji-title > title 6`] = `
[
  "中央转发薄一波关于上海五反第二期部署的报告的批语",
  "对中央关于干部交代同资产阶级关系的指示稿的批语和修改",
  "中共中央关于西藏工作方针的指示",
  "有关西藏的重要问题由中央处理",
  "中央对华北局一份情况通报的批语",
  "中央转发薄一波关于上海五反第二期经验报告的批语",
  "对徐子荣关于公安人员贩运盗卖毒品及包底毒犯的情况报告的批语",
  "关于转载《三千多种商品牌价为什么能够降低？》一文给邓拓的信",
  "对湖南宁乡农民检举周震鳞问题来信的批语",
  "对曹彦昆献赠《清明上河图》画卷的批语",
  "中央关于各中央局、分局在近期召开全体委员会议的指示",
  "对北京市防疫工作会议情况报告的批语",
  "对反动分子的斗争实行有理有利有节的方针",
  "西藏工委处理非法“人民会议”的方针是正确的",
  "目前只作政治斗争",
  "对当前西藏工作的几点指示",
  "争取达赖和喝厦同意将两司曹撤职",
  "对薄一波关于上海五反报告的批语和在中央复电稿中加写的话",
  "中央转发上海市委关于争取违法资本家立功姨罪的经验的批语",
  "处理非法“人民会议”要又坚决又慎重",
  "关于揭露两司曹的罪恶和将其撤职的问题",
  "祝贺贝鲁特六十寿辰的电报",
  "在总参关于赴朝参观团的补充规定稿上加写的话",
  "坚持解散非法“人民会议”和将两司曹撤职",
  "对中华人民共和国惩治贪污条例草案说明稿的批语和修改",
  "中央转发轻工业部关于党内外干部普遍交代经济关系和社会关系报告的批语",
  "中央转发北京市委关于处理违法工商户中发动工人把关的经验报告的批语",
  "中央转发华东局关于上海五反第二战役经验的批语",
  "对北京市高等学校三反情况简报的批语",
  "关于朝鲜停战谈判问题复李克农电",
  "中央关于地方各级财委和军队后勤部门应作违反财政纪律的检讨报告的指示",
  "中央同意西藏工委关于藏政官员人选等问题的处理意见的电报",
  "五反宣传不要用军事术语",
  "为中共中央办公厅工作人员题词",
  "对施复亮的报告的批语",
  "中央对中南局关于防止追脏时发生错误的指示的批语",
  "中央转发罗瑞卿关于华南军区纠正三反定案中右倾思想的报告的批语",
  "中央关于五反定案、补退工作等的指示",
  "中央对华北局关于正确结束三反运动的指示的批语",
  "中央转发重工业部关于三反追脏定案经验报告的批语",
  "对反细菌战防疫工作情况报告的批语",
  "对志愿军火炮筹补方案的批语",
  "给陈嘉庚的信",
  "关于成立后方勤务学院的命令",
  "对叶恭绅等要求保全袁崇焕祠墓的信的批语和复信",
  "处理同藏族有关的工作均须事前报告中央",
  "中央关于印发争取五反斗争胜利结束的几个问题的指示的批语",
  "庆祝和平解放西藏办法的协议签订一周年致达赖、班禅电",
  "对美蒋安图强扰华南沿海的情报的批语",
  "对中办秘书室关于群众来信反映失业情况的报告的批语",
  "为荆江分洪工程全体员工题词",
  "为北京育英学校题词",
  "对马光斗所作搞好劳资关系报告的反映的批语",
  "工人阶级与民族资产阶级的矛盾是国内的主要矛盾",
  "在《统战部长会议中所反映的问题简报》第一号上的批语",
  "中央关于谭震林等任职和军队整编问题复陈毅电",
  "接受波兰驻华大使基里洛克呈递国书时的答词",
  "接受芬兰驻华公使克诺林呈递国书时的答词",
  "给黄炎培的信",
  "给易礼容的信",
  "为中华全国体育总会成立大会题词",
  "对慧荣臻关于中南军区南迁问题的报告的批语",
  "中央转发出版总署关于发动交代关系和思想检查的总结报告的批语",
  "对空军司令部五月份战果报告的批语",
  "干部子弟学校应逐步废除",
  "关于来京开会问题致赛福鼎电",
  "为了解苏共关于中央机构设置的经验致斯大林电",
  "关于美国邀请印尼等五国视察美军巨济岛战厚营问题的批语",
  "中央转发朱德关于全党纪律检查工作总结报告的批语",
  "给毛泽连的信",
  "对原国民党军官费帖要求就业问题的来信的批语",
  "中央转发安子文关于中央机关三反处理阶段工作情况报告的批语",
  "为成渝铁路通车题词",
  "对新疆农业区土改和牧区工作两个决议稿的批语",
  "关于解决军队干部子女入学入托问题的批语",
  "给张有成的信",
  "对彭德怀关于公安部队隶属关系的报告的批语",
  "对军事学院第一期毕业学员的训词",
  "给毛宇居的信",
  "给邹普勋的信",
  "同意志愿军兵员补充、部队轮换和整编结合进行的方案",
  "对达赖喇嘛来信的批语和复信",
  "对全军后勤组织和整编问题的批语",
  "对《人民日报》社论稿《日本人民争取独立的道路》的批语",
  "对军事建设五年计划的批语",
  "中央同意习仲勋关于新疆情况的分析和工作方针报告的电报",
  "关于检查财政机关及后勤部门对违反财政纪律的检讨情况的批语",
  "对吴晗再次要求入党的来信的批语",
  "在中央转发薄一波关于检查违反财政纪律的初步总结报告的批语稿上加写的话",
  "朝鲜战争结束前不要进行对大陈岛的作战",
  "对总后关于赴朝调查野战救护等工作的报告的批语",
  "关于“八一”发贺电问题给徐冰的信",
  "对关于向军委主席报告工作情况问题的批语",
  "对一九五一年度国家预算执行情况及一九五二年度国家预算草案的报告稿的批语和加写的话",
  "同意海军后勤建立垂直系统的意见",
  "对刘少奇关于加强党中央办事机构报告的批语",
  "对八九两月全国卫生运动具体要求的指示稿的批语和加写的话",
  "在中央转发华东局关于司法改革工作指示的批语稿上加写的话",
  "团结起来，划清敌我界限",
  "关于军费减少问题",
  "应基本谢绝黑水地区群众对军队的慰劳品",
  "祝贺朝鲜解放七周年的电报",
  "对烟潍铁路修建方案的批语",
  "给陈毅的信",
  "关于同意向东南亚国家出售大米的批语",
  "对肖向荣摘报的总后情况简报第一号的批语",
  "对政务院关于设置文史研究馆的决定草案的批语",
  "为康藏公路开工题词",
  "给毛宇居的信",
  "对增修两个机场报告的批语",
  "关于向朝鲜赠送冬服的批语",
  "对总政关于全军文化教育座谈会的报告的批语",
  "对录荣臻关于中南军区部队二期整编工作报告的批语",
  "在总政关于全军体育运动大会总结报告上的批语",
  "关于同意苏联提出的旅顺口换文和移交中长路公告的电报",
  "给赛福鼎和帕哈太克里乡农民的信",
  "对军事学院关于遗失文件问题的报告的批语",
  "为《四川日报》题写报头",
  "对赵尔陆关于二机部初建情况报告的批语",
  "对柯托夫关于空军飞行事故问题报告的批语",
  "庆祝抗日战争胜利七周年致斯大林电",
  "对全军整编情况和在朝作战部队轮换计划的批语",
  "对黄炎培一篇讲话稿的复信、批语和修改",
  "关于同意中、苏、蒙对修中蒙铁路的意见的电报",
  "对习仲勋在中共新疆省第二届代表会议上的报告的批语",
  "对军马疫病防治问题报告的批语",
  "对空军消灭飞行事故会议情况报告的批语",
  "关于提倡做提要的批语",
  "关于解决华北各地职工疾病问题的批语",
  "中央同意中财委关于清偿解放前人民存款问题的方案的批语",
  "关于联合国大会准备讨论朝鲜问题等致周恩来电",
  "给章汉夫的信",
  "关于不能接受墨西哥对战厚问题的三点建议的电报",
  "在中央转发定西地委关于执行民族政策的检查报告的电报稿上加写的话",
  "关于朝鲜前线阵地播音问题的批语",
  "对水利部关于汉江黄家场决口后情况报告的批语",
  "给李达的信",
  "给李贡人的信",
  "为爱晚亭题名",
  "关于较重要外交复文的送审问题的批语",
  "对轻工业部七八两月工作综合报告的批语",
  "关于《毛泽东选集》俄译本分卷问题致周恩来电",
  "关于实行小仓库制问题的批语",
  "致阜新发电厂工程队职工电",
  "关于发表周恩来离莫斯科时在机场的谈话给章汉夫等的信",
  "关于由东北帮助朝鲜收容孤儿和办工业大学复高岗等电",
  "关于高岗早日来中央工作的电报",
  "对章汉夫检讨的批语",
  "对《人民日报》国庆社论提纲草稿的批语",
  "对王观澜关于开谐胶莱运河建议的批语",
  "对《社会情报辑要》第三十一号的批语",
  "接受印度驻华大使赖嘉文呈递国书时的答词",
  "中央转发安子文关于整党建党工作报告的批语",
  "给黄炎培的信",
  "为天兰路全线通车题词",
  "在国庆宴会上的讲话",
  "谢觉哉摘要转报的中央湖北灾情视察组报告的批语",
  "给毛宇居的信",
  "给谭熙春的信",
  "祝贺亚洲及太平洋区域和平会议召开的电报",
  "关于胡志明去莫斯科和致苏共十九大贺电致刘少奇电",
  "给齐白石的信",
  "祝贺德意志民主共和国成立三周年的电报",
  "对罗瑞卿关于一起杀人案的判处意见的批语",
  "对是荣臻关于志愿军第二步反击已取得初步胜利的报告的批语",
  "为《后勤通讯》题名",
  "接见西藏致敬团代表的谈话要点",
  "给宋庆龄的信",
  "给毛爱桂的信",
  "对铁道部队建设报告的批语",
  "关于国民党军队给其在大陆残余力量空投装备问题的批语",
  "人民革命军事委员会关于纠正放松军事教育和纪律废弛现象的指示",
  "必须切实解决农民负担过重问题",
  "对海军党委综合报告的批语",
  "对总后关于追加一九五二年国防建设费预算的报告的批语",
  "关于中央同意刘少奇、王称祥在苏休养的电报",
  "对民主同盟工作的意见",
  "给罗元的信",
  "对军委办公厅关于贯彻反官主义问题报告的批语",
  "祝贺中国人民志愿军的重大胜利",
  "中央转发中纪委报告的批语",
  "对颁发八一奖章荣誉奖章条例报告的批语",
  "视察黄河时的谈话",
  "为袁仲谦题写碑文",
  "为《团结报》题写报头",
  "祝贺十月革命三十五周年致斯大林电",
  "对改善志愿军部队物质生活和精神生活情况报告的批语",
  "对杨成武关于苏联顾问可否参加部队党委会议的请示报告的批语和对军委复电稿的修改",
  "关于罗瑞卿传达实现社会主义的时间问题给各同志的信",
  "美帝国主义要打下去就只有失败",
  "对中央关于调整商业的指示稿的批语和修改",
  "为全国各级军校毕业证书题词",
  "中央关于印发贯彻婚姻法的指示的批语",
  "对贺诚关于召开第二届全国卫生会议的报告的批语",
  "在中央对全总党组报告的批语稿中加写的话",
  "对成立军委兵役法研究委员会报告的批语",
  "在中央转发的中财委党组关于增产节约运动给邮电部的指示中加写的话",
  "各地应设立捕开空降特务的武装据点",
  "对《一九五三年兵工生产会议备忘录》的批语",
  "对荣臻关于今冬动员新兵三十五万人的计划的批语",
  "对华东局关于上海国棉二厂团结技术人员解决生产关键问题的经验通报的批语",
  "在外交部一份外交工作汇报上的批语",
  "接受瑞典驻华大使魏斯特朗呈递国书时的答词",
  "致班禅额尔德尼电",
  "部队每年应进行点验一次至二次",
  "关于组织部队机关干部轮换到朝鲜战场锻炼的批语",
  "为第二届爱国卫生工作会议题词",
  "关于志愿军必须火急准备粉碎敌人登陆计划的电报",
  "对中宣部关于在京高级干部学习《苏联社会主义经济问题》等的情况报告的批语",
  "在邓华关于朝鲜战局形势与明年方针任务的报告上的批语",
  "对肖华关于朝鲜要求提供为加强瓦解敌伪军工作所需的印刷宣传器材等的报告的批语",
  "对陈伯达等关于筹备马克思主义教师学校等问题的报告的批语",
  "对中宣部关于成立马克思主义教师学校和马恩列斯著作编译所具体事宜的请示报告的批语",
  "对有关防敌在志愿军侧后登陆等问题的批语",
  "中央关于将召开党的全国代表会议致刘少奇电",
  "加紧准备打敌在我后方登陆",
  "对肖克关于军训部与苏联顾问合作问题的总结报告的批语",
  "给鞍山钢铁公司炼钢厂全体职工的信",
  "接受苏联驻华大使潘友新呈递国书时的答词",
  "对海军党委反官主义布置的批语",
  "中央转发安子文两个报告的批语和毛泽东给安子文的信",
  "对薄一波关于乡镇摊派名目繁多问题的报告的批语",
  "对统战部关于查询苏南破坏寺庙情况的电报的批语",
  "准备一切必要条件，坚决粉碎敌人登陆冒险",
  "对东北农村工作会议有关文件的批语",
  "给易南屏的信",
  "对中央转发三年来侨汇、华侨投资情况报告的批语稿的修改",
  "对薄一波关于修建福建铁路问题的报告的批语",
  "对高岗报送的在苏共十九大文件学习讨论会上的发言的批语",
  "同意反登陆作战准备等项军事部署",
  "中央和军委关于加强防敌进攻福建沿海的指示",
  "关于采用会议简报办法的批语",
  "明年应建立兵役机构",
  "关于解决志愿军坑道部队日用品供给问题的批语",
  "对总干部部关于检查与苏联顾问关系的报告的批语",
  "对西藏工委关于成立农牧部未报中央的检讨的批语",
  "对权五樱祝贺毛泽东生日电报的批语",
  "接受罗马尼亚驻华大使郭佐文呈递国书时的答词",
  "中央转发妇联党组关于当前妇女参加农业生产的情况和存在问题的报告的批语",
  "感谢苏联将中国长春铁路的一切权利和财产移交中国致斯大林电",
  "党对政府工作的领导责任",
  "为《广州日报》题写报头",
  "为蔡协民烈士遗像题字",
  "为《人民装甲兵》题名",
  "为《中国工运》题名",
  "为罗元鲤旧居题字",
  "转发肖向荣关于各军事部门与苏联顾问的关系的总结的批语",
  "关于确定康藏公路线路问题的批语",
  "在罗瑞卿关于敌人破坏我企业生产的综合报告上的批语",
  "对曾山、姚依林关于商业问题的来信的批语",
  "中央关于反对官主义、反对命令主义、反对违法乱纪的指示",
  "给总高级步兵学校的训词",
  "给黄炎培的信",
  "对安子文关于原察哈尔省农村整党工作的报告的批语",
  "关于领导责任和领导方法问题的批语",
  "关于抗议敌方居杀战停问题的处理意见的电报",
  "关于召开全国人民代表大会的几点说明",
  "关于召开全国和地方各级人民代表大会问题的讲话",
  "军委对中南军区关于海防检查及今后建设意见的报告的批语",
  "对总政关于一九五二年敌军工作报告的批语",
  "对国家计委关于一九五三年第一季度工作要点的批语",
  "关于新税制问题给周恩来等的信",
  "对新华社《内部参考》的意见",
  "对军委关于秘密文件的保密工作细则的批语",
  "对李克农等关于厚房管理工作请示的批语",
  "对文字改革工作的指示及一些问题的回答",
  "关于对印度造厚提案的态度问题的批语",
  "关于编印公安局长违法乱纪事例的小册子的批语",
  "给后勤学院的训词",
  "为《八一杂志》题名",
  "关于转发《河北省农村基层干部违法乱纪情况严重》一稿给新华社的信",
  "中央转发河北省委关于扩军工作的报告的批语",
  "在军队干部评级工作总结和实施军衔制度报告上的批语",
  "关于加强上海防空工作的批语",
  "对安子文关于反对官主义的发言稿的批语和修改",
  "在全国政协一届四次会议闭幕会上的讲话",
  "关于讨论一九五三年国家概算表等问题的批语",
  "对空军配合志愿军反敌登陆作战报告的批语",
  "中央转发安子文关于目前整党建党情况报告的批语",
  "对薄一波关于一九五三年国家预算报告稿的批语和修改",
  "关于揭露对方破坏协议、击伤我方代表团工作人员等问题的电报",
  "军委转发陈毅关于华东军区开展反官停主义斗争的电报的批语",
  "关于检查改进政府部门工作问题的批语",
  "中央转发罗瑞卿关于在公安系统开展反官主义、反命令主义、反违法乱纪斗争的报告的批语",
  "中央关于印行农业生产互助合作正式决议的通知",
  "对薄一波关于私营轮船公司合营问题的报告的批语",
  "我在此次旅行中所收集的意见",
  "为人民海军题词",
  "为《新华日报》题写报头",
  "在反官主义斗争中研究加强思想领导和政治领导",
  "关于移载台湾大道通讯社两条消息的批语",
  "对陈云病况报告的批语",
  "为《抗美援朝专刊》题名",
  "关于政府方面要经中央批准的事请邓小平多管一些的批语",
  "中央转发习仲勋关于文委分党组布置反官主义斗争的报告的批语",
  "在日侨回国工作简报上的批语",
  "中央转发华北局关于春耕生产的指示的批语",
]
`;
