// Vitest Snapshot v1

exports[`wansui1 > date 1`] = `
[
  {
    "authors": [
      "毛泽东",
    ],
    "comment_pivots": [],
    "comments": [],
    "dates": [
      {
        "day": 1,
        "month": 6,
        "year": 1939,
      },
    ],
    "description": "",
    "is_range_date": false,
    "page_end": 441,
    "page_start": 440,
    "parts": [
      {
        "text": "在抗大成立三周年纪念大会上的讲话（摘录）",
        "type": "title",
      },
      {
        "text": "“今天是你们的三周年纪念日。抗大办了三年了，我们的抗战快两年了。抗大是抗日的，抗大的目的是要打倒日本帝国主义，彻底解放中华民族。抗大三年以来创造了很多的坚强的抗日干部，到前线去，到敌人后方去，打击敌人，消灭敌人。”",
        "type": "paragraph",
      },
      {
        "text": "“今天，我们国内还有很多汪派的人，投降主义者，投降派；他们不赞成抗战到底，他们主张与日本帝国主义讲和，主张妥协、投降。我们要做什么？我们要反对投降。‘抗战到底’这是蒋委员长所号召的，全国人民所拥护的。‘反对投降，抗战到底’。我们抗大，一致的拥护。我们抗大的人，不能有一人不抗战到底，不能有一人不反对投降，不能有一人赞成和平妥协的；如果有一个，就不是抗大的学生，是抗大的败类，是中华民族的败类。全国各党派也是一样，不许有一人讲和，要全体一致的抗战到底！这就是抗大的根本主张。过头三年是这样，以后三年，以后很多年也是这样。‘反对投降，抗战到底’，这就是抗大的方针。......”",
        "type": "paragraph",
      },
    ],
    "title": "在抗大成立三周年纪念大会上的讲话（摘录）",
  },
]
`;

exports[`wansui1 > title 1`] = `
[
  "第一师范讲堂录",
  "读《明耻篇》后题词",
  "《新青年》第七卷第一号",
  "工人夜校招生广告",
  "夜学日记",
  "新民学会的方针",
  "在上海送别第一批去法国勤工俭学同学时讲话",
  "湘江评论创刊宣言",
  "湘江评论第二号",
  "湘江评论增刊第一号",
  "湘江评论第三号",
  "民众的大联合（一）",
  "民众的大联合（二）",
  "民众的大联合（三）",
  "问题研究会章程",
  "学生之工作",
  "新民学会会员通信集第一集",
  "新民学会会员通信集第二集",
  "新民学会会员通信集第三集",
  "非自杀（节录）",
  "驱逐张敬尧文电",
  "发起“文化书社”缘起（摘要）",
  "湖南建设问题的根本问题一一湖南共和国",
  "“湖南自治运动”应该发起了",
  "湖南受中国之累以历史及现状证明之",
  "湘人为贪吏卖矿呈总统府、国务院及外、财、农商三部文",
  "致湖南省警察厅长的公开信（摘录）",
  "文化书社第二期社务报告（摘录）",
  "怎样去做才有真正的劳工团体出现？",
  "新民学会一次讨论记载――提出无产阶级革命和无产阶级专政的主张",
  "给杨怀中先生的信（摘录）",
  "湖南自修大学创立宣言",
  "告中国农民书",
  "上工宣言",
  "长沙铅印活版工会致“大公报”记者盾（李抱一）书",
  "《省宪法》与赵恒惕",
  "纸烟税",
  "湖南自修大学组织大纲",
  "湖南自修大学入学须知",
  "英国人与梁如浩",
  "外力、军阀与革命",
  "《新时代》发刊词",
  "少年中国学会改组委员会调查表",
  "广东省党部代表大会会场日刊发刊词",
  "在国民党第二次全国代表大会上的发言",
  "填写《少年中国学会改组委员会调查表》",
  "中国国民党反奉战争宣传大纲",
  "政治周报",
  "反攻（一）",
  "反攻（二）",
  "中国国民党选派学生赴莫斯科孙文大学",
  "反攻（三）",
  "宣传报告",
  "中国农民中各阶级的分析及其对于革命的态度",
  "中国社会各阶级的分析",
  "国民党右派分离的原因及其对于革命前途的影响",
  "上海民国日报反动的原因及国民党中央对该报的处置",
  "江浙农民的痛苦及其反抗运动",
  "在湖南省第一次农工代表大会的讲话",
  "视察湖南农民运动给中央的报告",
  "湘赣边界各县党第二次代表大会决议案",
  "红军第四军六次代表大会决议案（摘录）",
  "红军第四军司令、政治部布告",
  "中国革命军事委员会总政治部第四号通令",
  "命令",
  "反围攻时给红军的动员令",
  "红军第四军司令部布告",
  "中国共产党红军第四军第九次代表大会决议案",
  "总前委代表毛泽东给江西省行委的一封信",
  "查田运动是广大区域内的中心重大任务",
  "在八县查田运动大会上的报告",
  "关于查田运动的初步总结",
  "乡苏维埃怎样工作",
  "中华苏维埃共和国中央执行委员会与人民委员会对第二次全国苏维埃代表大会的报告",
  "中国工农红军北上抗日宣言",
  "关于日本声明书谈话",
  "中央关于反对敌人五次“围剿”的总结决议",
  "中华苏维埃共和国中央执行委员会命令",
  "中共关于目前政治形势与党的任务的决议",
  "给林彪同志的一封信",
  "致蔡元培信",
  "给张学良的一封信",
  "关于停战抗日的谈话",
  "中国共产党中央委员会为鲁迅逝世发出的电报",
  "致蒋介石书",
  "给徐特立同志的一封信",
  "与北方青年的谈话",
  "在西北青年救国会上的讲演",
  "命令",
  "辩证法唯物论讲授提纲",
  "关于独立自主山地游击战原则的指示",
  "关于整个华北工作应以游击战争为唯一方向的指示",
  "《农村调查》序言（一）",
  "基础战术",
  "在抗大校舍落成大会上的训词",
  "在鲁迅逝世周年纪念大会上的演说",
  "“和美国记者贝特兰的谈话”补充",
  "给抗大九队同志的信",
  "加强政治教育与体育活动给项英同志的一封信",
  "与延安新中华报记者谈话",
  "与合众社记者的谈话",
  "中国共产党抗日救国十大纲领",
  "在纪念孙中山逝世十三周年及追悼抗敌阵亡将士大会上的演说词",
  "对新四军进行游击战的指示",
  "与世界学联代表团柯乐满先生雅德先生傅路德先生雷克难先生之谈话",
  "论新阶段（节选）",
  "八路军军政杂志发刊词",
  "《论持久战》英译本序言",
  "中国军队应当学习苏联红军",
  "在延安庆祝“五一”国际劳动节的讲话",
  "抗大三周年纪念",
  "在抗大成立三周年纪念大会上的讲话（摘录）",
  "中英两国人民站在一条战线上",
  "在延安模范青年给奖大会上的讲话（摘录）",
  "当前时局的最大危机",
  "反投降提纲",
  "在延安女子大学开学典礼上的讲话",
  "中央军委关于整理抗大问题的指示（节选）",
  "在陕甘宁边区学联第一次代表大会上的讲话",
  "第二次帝国主义战争讲演提纲",
  "研究沦陷区",
  "在延安各界庆祝斯大林六十寿辰大会上的讲话",
  "在延安纪念“一二.九”四周年大会上的讲话（节录）",
  "在中共中央举行的庆祝吴玉章同志六十寿辰大会上的祝词",
  "在陕甘宁边区第二届农工展览会开幕典礼上的讲话",
  "强调团结与进步",
  "相持阶段中的形势与任务",
  "在陕甘宁边区自然科学研究会成立大会上的讲话",
  "在延安新哲学会第一届年会上的讲话",
  "在边区中央局经济自给动员大会上的讲话",
  "谨防扒手（社论）",
  "谣言与烟幕（社论）",
  "在陕甘宁边区第三届参议会上的讲话（摘录）",
  "关于增强党性的决定",
  "中央关于调查研究的决定",
  "“曾忠才长征记”一文按语",
  "“文化课本”序",
  "在东方各民族反法西斯大会上的讲话",
  "赠给王观澜同志的一段话一一就战胜疾病问题",
  "庆祝苏军二十四周年",
  "在《解放日报》改版座谈会上的讲话",
  "“整顿学风、党风、文风”的补充",
  "“反对党八股”的补充",
  "给在华日本共产主义同盟的一封信",
  "关于统一抗日根据地党的领导及调整各组织间关系的决定",
  "历史教训",
  "关于中共更加布尔什维克化十二条",
  "电贺苏联红军第二十五周年",
  "毛泽东关于共产国际解散问题",
  "中央关于对待原四方面军干部态度问题的指示",
  "关于批评彭德怀一九四三年四月“关于民主教育谈话”的一封信",
]
`;

exports[`wansui2 > title 1`] = `
[
  "在庆祝党的二十二周年晚会上的讲话",
  "视察南泥湾时的讲话",
  "中共中央关于审查干部的决定",
  "论合作社――在边区高干会上的讲话",
  "在庆祝十月革命节干部晚会上的讲话",
  "留守兵团政治部在西北局高干会上关于军队政治工作问题的报告（摘录）",
  "在陕甘宁边区工厂厂长暨职工代表会议代表招待会上的讲话（报导）",
  "在延安大学开学典礼上的讲话（报导）",
  "对随军南下干部的讲话（摘录）",
  "与中外记者团的谈话",
  "在中央招待留守兵团学习代表会上的讲话",
  "在边区文教大会上的讲话",
  "在延安中央党校的讲话",
  "一九四五年的任务",
  "时局及其它问题",
  "在中共中央招待合作社代表会议上的讲话（摘录）",
  "在干部新年晚会上的讲话（摘录）",
  "在延安接见外地来延安的工作干部时的讲话",
  "在党的第七次代表大会上的讲话",
  "在中国共产党第七次全国代表大会上的开幕词",
  "在中共七大代表暨延安各界代表举行中国革命死难烈士追悼大会的悼词（摘录）",
  "毛主席在七大上的总结",
  "在延安各界欢迎全国慰劳总会北路慰劳团晚会上的讲话",
  "给福斯特同志的复电",
  "日本投降时关于形势的报告",
  "毛主席席抵渝发表谈话",
  "答路透社记者――中国需要和平建国",
  "在重庆各界欢送会上的讲话（摘要）",
  "在延安党校大礼堂关于国共谈判报告",
  "为东渡黄河给杨立三同志的指示信",
  "关于土地政策的发言要点",
  "对目前时局的基本分析――康生同志传达",
  "向“四.八”被难烈士致哀",
  "送子住劳动大学的指示",
  "致暹罗侨胞的复电",
  "为美国对华军事援助的法案的声明",
  "给英国海员工会三千华侨工友的复电",
  "给十二军军委的信",
  "答复时局问题一一答纽约先驱论坛报驻华记者斯蒂尔先生问",
  "复中国民主同盟马来亚霹雳分部盟员大会主席的电报",
  "春节宴请延安附近地区劳动英雄、居民及驻军干部时的讲话",
  "接见边区部队一部分负责同志的讲话",
  "一九四七年三月十八日撤离延安时的讲话",
  "给内蒙人民代表大会的贺电",
  "给各野战军首长的指示",
  "为纠正“左”的错误给中央局的信",
  "给中原局的指示信",
  "复××的信",
  "在中央会议上的谈话－－陈毅同志传达",
  "在中央对老区、半老区土地政策的指示（注）上的批语",
  "关于部队中民主生活的指示",
  "“山西崞县是怎样进行土地改革的”一文的按语",
  "对《关于新区工作问题的检讨》的批示",
  "对全党干部研究列宁《左派幼稚病》一书的第二章的指示",
  "中国共产党中央委员会关于南斯拉夫共产党问题的决议",
  "致香港各民主党派、民主人士的复电",
  "电复海外侨团答复对中共五一时局主张的响应",
  "电勉吴化文",
  "豫西我军解放南阳",
  "复民主人士电贺",
  "中国人民、共产党和解放军握有实现和平全面力量",
  "国民党死硬派完全孤立，人民的中国就要出现了",
  "蒋介石李宗仁优劣论",
  "对李宗仁电报写的按语",
  "给重庆号起义官兵的复电",
  "给傅作义的复电",
  "关于具体实现八项原则电复李宗仁",
  "我三十万大军渡过长江",
  "我百万人军横渡长江",
  "在北平各界代表会议上的讲话",
  "电复槟榔屿侨胞",
  "我们是能够克服困难的",
  "在中国人民政协第一届全体会议上的开幕词",
  "读《伦理学原理》笔记",
  "怎样看待别人",
  "中央农民运动讲习所规约",
  "《农民问题丛刊》序",
  "中央农民运动讲习所开学宣言",
  "土地法",
  "土地法",
  "告商人及知识分子",
  "关于暂行婚姻条例的决议",
  "执行优待红军条例实施办法（节录）",
  "关于春耕问题的训令（节录）",
  "中央政府关于“八一”纪念运动的决议",
  "中华苏维埃共和国临时中央政府反对国联调查团报告书通电",
  "中华苏维埃共和国临时政府及工农红军革命军事委员会宣言（注）",
  "再一次号召全国民众武装起来反对帝国主义",
  "为反对国民党出卖平津华北中华苏维埃共和国中央政府宣言",
  "查田运动的第一步一一组织上的大规模动员",
  "中央政府关于查田运动的训令",
  "贫农团组织与工作大纲",
  "粉碎敌人五次“围剿”与苏维埃经济建设任务的报告",
  "中华苏维埃共和国中央政府告全世界工农劳苦民众宣言",
  "一切革命斗争都是为着夺取政权",
  "中华苏维埃共和国临时中央政府及革命军事委员会为 “中日直接交涉”告全国民众",
  "为瑞金红军烈士纪念碑写的碑文",
  "在中华苏维埃共和国第二次全国苏维埃代表大会上的讲话",
  "中央关于反对敌人五次“围剿”的总结决议",
  "中央关于一、四方面军的会合后的政治任务与形势的决议",
  "在吴旗打给林彪同志的电报",
  "中华苏维埃人民共和国中央政府中国抗日红军革命军事委员会抗日救国宣言",
  "在抗大第一期开学典礼上演讲",
  "关于抗日救国的布告",
  "中央关于抗日救亡运动的新形势与民主共和国的决议",
  "我们要文武双全",
  "对美国记者谈中日战争",
  "日本进犯中国的近因及其前途",
  "对三期全校干部会议的指示",
  "在抗大第二期开学典礼上的演讲",
  "中华苏维埃政府致西班牙人民书",
  "中共中央关于目前形势与党的任务的决定",
  "统一论",
  "为陕北公学成立与开学纪念题词",
  "对《大公报》记者谈抗战形势",
  "致章、陶、邹、沈四先生的信",
  "和抗大第三期毕业学员的谈话",
  "寄给前线战士们",
  "谈抗大民主问题（摘录）",
  "论新阶段（节录）",
  "在抗大的讲话",
  "在中国共产党第六届中央委员会扩大的第六次全体会议上讲话（摘要）",
  "谈抗大农庄",
  "在欢送抗大总校深入敌后所指示的“三个法宝”",
  "《抗日模范根据地晋察翼边区》序",
  "在纪念“三一八”并慰劳保卫工作人员晚会上的讲话",
  "在中央干部教育部学习动员大会上的讲话（节录）",
  "在延安高干会议上的报告提纲（摘录）",
  "谈爬山",
  "给安吴青训班二周年纪念的题词",
  "为《大众日报》周年纪念题词",
  "在纪念“三八”国际妇女节大会上的讲话（节录）",
  "我们有一个好条件",
  "《中国革命战争的战略问题》出版按语",
  "不要片面讲丰衣足食",
  "复美洲洪门总干部监督司徒美堂等人的电报",
  "关于全边区部队学习“红四军九次党代表大会决议”的指示",
  "中共中央关于执行土地政策决定的策略的指示",
  "中共中央关于在职干部教育的决定",
  "给留守兵团保安部队的慰问信",
  "慰勉山东临时参议会的复电",
  "党的布尔什维克化（十二条）——毛主席在西北高干会议上的报告",
  "在志丹陵园红星纪念塔上的题词",
  "新年祝词",
]
`;

exports[`wansui3 > title 1`] = `
[
  "中华人民共和国中央人民政府公告",
  "关于铁路的指示",
  "给徐悲鸿的一封信",
  "关于一九五零年军队参加生产建设工作的指示",
  "在苏联莫斯科大剧院的庆祝大会上的祝词",
  "为争取国家财政经济状况的基本好转而斗争－－在中国共产党七届三中全会士的报告",
  "给马××的一封信",
  "中国人民政治协商会议第一届全国委员会第二次会议闭幕词",
  "给第一届全国卫生会议的题词",
  "给徐悲鸿的一封信",
  "对志愿军党委的指示（摘录）",
  "给徐悲鸿的一封信",
  "与各中央局及大城市党委统战工作同志谈话纪要",
  "关于培养干部问题的指示",
  "关于政府、军事系统审查旧人员中答复“包下来”问题的指示",
  "第三次全国公安会议决议",
  "关于镇反工作和肃反工作的批语",
  "批改《人民日报》社论应当重视电影“武训传”的讨论",
  "在接见西藏致敬团时的谈话",
  "在中国人民政协第一届全国委员会第三次会议上的开幕词",
  "给马××的一封信",
  "关于一些问题的指示",
  "在中央人民政府元旦团拜会上的祝词",
  "对五反运动的指示",
  "对李×实践论解说的两处修改",
  "给李×的一封信",
  "我们也应当会办经济",
  "给李×的一封信",
  "对民建方针指示的精神",
  "对劳动部关于召开全国劳动保护会议向中央报告的批示",
  "视察黄河时的谈话",
  "在中央人民政府委员会第二十次会议上的讲话",
  "对文字改革工作的指示及一些问题的回答",
  "最伟大的友谊",
  "在中央政治局会议讨论高教、教育两部的请示报告时的指示（摘录）",
  "党在过渡时期的总路线（摘录）",
  "对白××同志关于军委卫生部情况报告的批示",
  "对青年团二大的指示",
  "在接见青年团第二次全国代表大会主席团时的讲话",
  "对军事工程学院成立与第一学期开学的训词",
  "给中国人民志愿军的慰问电",
  "关于召开第三次互助合作会议的指示",
  "在接见西藏国庆观礼团时的讲话",
  "对第三次互助合作会议的指示",
  "给徐悲鸿的一封信",
  "对学校领导骨干、教材等问题的指示",
  "青少年的教育",
  "给李×的一封信",
  "关于国家预算的指示",
  "宪法草案公布时的话讲（记录稿）",
  "在宪法公布后的指示",
  "在阿尔巴尼亚大使呈递国书时的答词",
  "对卫生工作的指示——在中央政治局讨论中央卫生部党组报告时所作",
  "关于学术思想批判的指示——与陆××、周×的谈话",
  "对中医工作的指示",
  "关于中医问题在中央常委会上的讲话",
  "为中国人民政治协商会议规定的五项任务",
  "中国共产党全国代表会议开幕词（摘录）",
  "在中国共产党全国代表会议上的讲话",
  "中国共产党全国代表会议闭幕词（摘录）",
  "在中央常委会上的指示",
  "在农村工作会议上的讲话和插话",
  "《关于胡风反革命集团的第一批材料》的按语",
  "《关于胡风反革命集团的第二批材料》的按语",
  "《关于胡风反革命集团的第三批材料》的按语",
  "对中央警卫团一中队同志的指示",
  "中共中央关于贺诚同志的错误的决定",
  "在工商联执委座谈会上的讲话（摘录）",
  "在十五省市委书记会议上的讲话",
  "在七届六中全会扩大会议上的总结",
  "关于增产节约的讲话（纪录稿）",
  "关于反右倾反保守的讲话",
  "在知识分子问题会议上的讲话",
  "在最高国务会议上的讲话",
  "扫除文盲，发展农村文化教育事业",
  "在听取××部汇报工作时的指示",
  "对召开第二次防治血吸虫病会议准备情况报告的批示",
  "在听取××部汇报工作时的指示",
  "关于斯大林问题",
  "关于实行火葬的倡议",
  "论十大关系",
  "接见南斯拉夫新闻工作者代表团时的谈话（摘录）",
  "在中央政治局扩大会议上的发言",
  "对《人民日报》一九五六年六月二十日社论的批评",
  "接见危地马拉前总统阿本斯夫妇的谈话",
  "同音乐工作者的谈话",
  "在八大预备会议上的讲话",
  "在“八大”一次会议上的谈话",
  "在孙中山先生诞辰九十周年纪念大会上的讲话",
  "在八届二中全会上的总结讲话",
  "对发展轻工业设备制造工业的指示",
  "在全国工商联二届一次委员会代表大会部分代表座谈会上的指示",
  "中国共产党第八届全国代表大会开幕词",
  "给诗刊的一封信",
  "在省市委书记会议上的插话汇集",
  "在省委书记会议上的讲话",
  "在省委书记会议上的总结",
  "在全国各省市委书记会上的一次讲话（摘录）",
  "在颐年堂的讲话",
  "关于正确处理人民内部矛盾的问题",
  "在最高国务会议上的结束语",
  "在九省市宣传文教部长座谈会上的谈话",
  "和新闻出版界代表的谈话",
  "给周恩来等同志的一封信",
  "在天津市党员干部会议上的讲话",
  "在山东省级机关党员干部会上的报告",
  "在上海党员干部会议上的讲话",
  "在南京部队、江苏、安徽二省党员干部会议上的讲话",
  "在上海局杭州会上的讲话",
  "在接见共青团八大部分代表时的讲话",
  "接见共青团第三次全国代表大会代表时的指示",
  "约集各民主党派负责人和无党派民主人士谈话纪要",
  "在上海各界人士会议上的讲话（记录要点）",
  "在青岛会议上的讲话",
  "在上海听取整风情况汇报时的指示（摘录）",
  "在八届三中全会上的讲话",
  "中国共产党八届三中全会总结时的讲话",
  "在最高国务会议上的讲话",
  "在莫斯科社会主义国家共产党和工人党会议上的讲话",
  "向莫斯科的全体中国留学生、实习生、使馆机关干部的讲话（摘录）",
  "在莫斯科共产党和工人党代表会议上的发言",
  "回答记者关于中国前途的谈话",
  "在全国宣传工作会议上的讲话",
  "同科学家、文学家谈人民内部关系",
  "事情正在起变化",
  "关于主要矛盾问题",
]
`;

exports[`wansui4 > title 1`] = `
[
  "在杭州会议上的讲话（一）",
  "在杭州会议上的讲话（二）",
  "在南宁会议上的讲话（一）",
  "在南宁会议上的讲话（二）",
  "关于报纸工作给刘建勋、韦国清同志的一封信",
  "给《文艺报》编委会的一封信关于 1958 年第二期《再批判》栏的按语",
  "在最高国务会议上的讲话",
  "在最高国务会议上讲话要点",
  "在中央政治局会议上讨论教育工作时的指示",
  "反浪费反保守是当前整风运动的中心任务",
  "工作方法六十条（草案）",
  "在成都会议上的讲话（一）",
  "在成都会议上的讲话（二）",
  "在成都会议上的讲话（三）",
  "在成都会议上的讲话（四）",
  "在成都会议上的讲话（五）",
  "在成都会议上的讲话（六）",
  "在成都会议上的插话",
  "对《中国农村社会主义高潮》一书《按语》的批示",
  "对《上海化工学院两个右派分子的大字报》的批语",
  "和《江峡》轮船员的谈话",
  "视察四川省一个养猪场时的谈话",
  "在汉口会议上的讲话",
  "在汉口会议上的讲话（二）",
  "在汉口会议上的插话",
  "视察抚顺煤矿时的指示",
  "对当前工作的十七项指示（传达记录）",
  "对宋××关于苏联专家问题报告的批示",
  "在八大二次会议上的讲话（摘要）（一）",
  "在八大二次会议上的讲话（二）",
  "在八大二次会议上的讲话（三）",
  "在八人二次会议代表团团长会议上的讲话",
  "卑贱者最聪明，高贵者最愚蠢",
  "在八大二次会议上的讲话（四）",
  "接见阿联军事代表团时的谈话（摘录）",
  "关于原子弹、氢弹的指示",
  "关于《第二个五年计划指标》的指示",
  "在军委扩大会议上的讲话",
  "在军委扩大会议小组长座谈会上的插话（根据记录整理为九条）",
  "在军委扩大会议小组长座谈会上的讲话",
  "接见应举社社长时的谈话（摘录）",
  "对新华社、《人民日报》的指示谈肃反斗争宣传等问题",
  "谴责殖民主义者侵略西亚",
  "视察徐水时的谈话（摘录）",
  "视察山东时的谈话（摘录）",
  "视察天津时的谈话（汇集）",
  "接见西哈努克时的讲话（摘录）",
  "在《中央关于在农村建立人民公社问题的决议》中所加的一段话",
  "在北戴河政治局扩大会议上的讲话（一）",
  "在北戴河政治局扩大会议上的讲话（二）",
  "在北戴河政治局扩大会议上的讲话（三）",
  "在北戴河政治局扩大会议上的讲话（四）",
  "在北戴河政治局扩大会议讲话（五）",
  "关于主要矛盾问题的讲话",
  "给××，陈×，富春等同志的一封信",
  "接见巴西记者穆里罗．马罗金．苏乌萨得杜特夫人的谈话",
  "批评人民日报上的东西有很多大方向不对",
  "最高国务会议上的讲话纪要（一）",
  "在最高国务会议上的讲话（二）",
  "在最高国务会议上的讲话（三）",
  "关于游泳的指示",
  "视察武汉大学的指示",
  "视察武钢时的指示",
  "视察安徽时的指示",
  "巡视大江南北回京后向新华社记者发表重要谈话",
  "国防部长告台湾同胞书",
  "对卫生部党组《关于组织西医离职学习中医班总结报告》的批示",
  "国防部长命令福建前线我军对金门炮击再停两星期",
  "中华人民共和国国防部长再告台湾同胞书",
  "毛主席在参观中国科学院时和钱学森同志的谈话",
  "听了华北、东北九省农业协作会议的汇报后的指示",
  "在石家庄地区的谈话",
  "在邯郸地区的谈话",
  "在新乡地区和五个县委书记谈话纪要",
  "在为八届六中全会作准备的郑州会议上的讲话第一次讲话",
  "在为八届六中全会作准备的郑州会议上的讲话第二次讲话",
  "在为八届六中全会作准备的郑州会议上的讲话第三次讲话",
  "在为八届六中全会作准备的郑州会议上的讲话第五次讲话",
  "关于读书的建议",
  "在为八届六中全会作准备的郑州会议上的讲话第五次讲话",
  "在为八届中全会作准备的郑州会议上的讲话第六次讲话",
  "对《人民日报》的两段指示",
  "从我国社会主义建设看《苏联社会主义经济问题》一书",
  "在武昌会议上的讲话第一次讲话",
  "第二次讲话",
  "对卫生部党组关于组织西医离职学习中中共中央医班总结报告的批示",
  "记者对一切事物应保持冷静的头脑",
  "给周士钊的一封信",
  "第十次接见朝鲜代表团时的讲话",
  "接见金日成时的讲话",
  "一个教训",
  "对两份关于国际问题报告的批示",
  "在武汉和各协作区主任的讲话（一）",
  "论帝国主义和一切反动派都是纸老虎－在中共中央政治局武昌会议上的讲话",
  "在八届六中全会上的讲话",
  "对《张鲁传》评注（陈寿三国志魏志卷九，裴松之注）",
  "在武昌和各协作区主任的讲话（二）",
  "给自己诗词作的解释",
  "对《清华大学物理教研组对待教师宁“左”勿右》一文的批示",
  "在修改《关于人民公社若干问题的决议》时所加的一段话",
  "接见参加全军政工会议的各军区负责同志时的谈话",
  "对大跃进报导的指示",
  "对地方党委领导新闻事业的指示",
  "关于造船方针的指示",
  "给福斯特同志的回信",
  "接见德意志民主共和国政府代表团的谈话（摘录）",
  "在省市委书记会上的讲话",
  "对新、洛、许、信四个地委座谈时的谈话（记录）",
  "在郑州会议上的讲话（一）",
  "在郑州会议上的讲话（二）",
  "在郑州会议上的讲话（三）",
  "在郑州会议上的讲话（四）",
  "在郑州会议上的讲话（五）",
  "在郑州会议上的讲话（六）",
  "党内通讯（一）",
  "党内通讯（二）",
  "党内通讯（三）",
  "党内通讯（四）",
  "对《陶××同志关于五级干部会议的报告》的批示（节录）",
  "在上海会议上的讲话",
  "在第十六次最高国务会议上的讲话纪要",
  "党内通讯",
  "一九五九年四月二十七日在八届七中全会上的讲话（摘录）——工作方法九条",
  "工作方法十六条",
  "接见智利政界人士的谈话纪录（摘录）",
  "要政治家办报",
  "六月二十九日、七月二日谈话纪录（摘录）",
  "七月十日讲话纪录",
  "在庐山会议上的讲话",
  "对于一封信的评论",
  "对三个文件的批示",
  "给王稼祥的信",
  "在庐山会议上的讲话",
  "给张闻天的信",
  "八月二日对《湖南省平江县谈岭公社稻竹大队几十个食堂散伙又恢复的情况》一文的批语",
  "对《王国藩社的生产情况一直很好》和《目前农村中“闲话”较多的是那些人》二文的批语",
  "对《安徽省委书记处书记张恺帆下令解散无为县食堂报告》的批语",
  "对辽宁省执行中央反右倾指示报告的批语",
  "为《经验主义，还是马克思列宁主义》一书写的前言",
  "对《马克思主义者应该如何正确地对待革命的群众运动》一文的批语",
  "机关枪迫击炮的来历及其他",
  "右倾机会主义者挑起了斗争",
  "关于枚乘《七发》",
  "附：枚乘《七发》今译",
  "一次讲话",
  "对张闻天信的批示",
  "关于游泳的谈话",
  "给诗刊的第二封信",
  "视察人民大会堂时的指示",
  "对彭德怀九月九日信的批示",
  "在中共中央军委扩大会议上和外事会议上的讲话",
  "关于肃反工作的一个批语",
  "关于发展养猪事业的一封信",
  "对《我们一个社要养猪两万头》一文批语",
  "对新华社的指示",
  "在上海会议上的讲话（摘要）",
  "关于科学奖金和学衔的指示",
  "使官僚主义走向它的反面——对一个文件的批语",
  "对广东省委《关于当前人民公社工作中几个问题的指示》的批语",
  "关于卫生工作的指示",
  "对《鞍山市委关于工业战线上的技术革新和技术革命运动开展情况的报告》的批语",
  "关于反华问题",
  "关于山东六级干部大会情况的批示",
  "对聂荣臻同志《关于技术革命运动的报告》的批示",
  "在天津会议上的讲话（摘录）",
  "接见非洲外宾时的谈话",
  "接见拉丁美洲外宾时的谈话",
  "接见伊拉克、伊朗和塞浦路斯外宾时的谈话",
  "同蒙哥马利的谈话",
  "在上海会议上的讲话",
  "在上海会议上对四个文件的批语",
  "在上海会议上的讲话",
  "十年总结",
  "接见日本文学代表团时的谈话",
  "苏联《政治经济学教科书》阅读笔记（社会主义部分、第三版）第一部分",
  "苏联《政治经济学教科书》阅读笔记第二部分",
  "苏联《政治经济学教科书》阅读笔记第三部分",
  "苏联《政治经济学教科书》阅读笔记第四部分",
  "苏联《政治经济学教科书》阅读笔记",
  "在北戴河会议上的讲话（节录）",
  "和狄克逊、夏基的谈话",
  "记关于农村劳动力的问题对山西省委关于农村劳动力问题的报告的批示",
  "彻底纠正五风",
  "中央关于转发“甘肃省委关于贯彻中央紧急指示信的第四次报告”的批示",
  "接见厄瓜多尔文化代表团和古巴妇女代表团时的谈话（摘要）",
  "批评《人民日报》不应“反冒进”（传达纪要）",
  "与陈昌奉同志的谈话",
  "在八届六中全会上的讲话",
  "关于当前宣传工作中应注意的几个问题的指示",
  "在上海会议上的讲话（摘录，大意）",
  "在上海会议上的讲话和插话",
  "论中印关系问题",
  "在八届八中全会上的讲话",
  "在第二届全国人民代表大会常务委员会第九次会议上提出的中国共产党中央委员会的建议",
  "关于坚决地认真地清理劳动力加强农业生产第一线的紧急指示",
  "关于官僚主义严重存在的问题（对一个文件的批语）",
]
`;

exports[`wansui5 > title 1`] = `
[
  "在中央工作会议上的讲话",
  "在八届九中全会上的讲话",
  "《反对本本主义》说明",
  "《中央关于认真进行调查研究工作问题给各中央局、省、市、自治区党委一封信》（摘录）",
  "在广州会议上的讲话（节录）",
  "在接见亚洲、非洲外宾时的谈话",
  "在接见古巴文化代表团时的谈话",
  "调查成灾一例",
  "在北京会议上的讲话",
  "给江西共产主义劳动大学的一封信",
  "对《各地贯彻执行六十条的情况和问题》的批语",
  "给政治局常委及有关同志的信",
  "在接见日本朋友时的谈话",
  "关于科学研究十四条的指示",
  "给郭沫若回信中的几句话",
  "在扩大的中央工作会议上的讲话",
  "接见几内亚政府经济代表团和妇女代表团的谈话",
  "在北戴河中央工作会议上的讲话",
  "在北戴河中央工作会议中心小组会上的讲话",
  "对中共中央组织部的批评",
  "在八届十中全会上的讲话",
  "在八届十中全会上对工业支援农业的指示",
  "关于电台的指示",
  "批评新华社",
  "听取中印边境自卫反击战汇报时的指示",
  "同苏修大使契尔沃年科的谈话",
  "接见阿尔巴尼亚劳动青年联盟代表团、新闻工作者代表团、工会代表团和档案工作者代表团的谈话",
  "对四个文件的批示",
  "对东北和河南两件报告的批示",
  "在关于四清运动中央工作会议上的讲话",
  "关于《山西省昔阳县干部参加劳动已形成社会风尚》一文的批语",
  "对《浙江省七个关于干部参加劳动的好材料》的批示",
  "关于农村社会主义教育等问题的指示",
  "在杭州会议上的谈话",
  "批示×××在农村蹲点至少五个月",
  "六月三日接见古巴文化、工会、青年等代表团的谈话",
  "八连颂",
  "呼吁世界人民联合起来反对美国帝国主义的种族歧视、支持美国黑人反对种族歧视的斗争的声明",
  "反对美国——吴庭艳集团侵略和屠杀越南南方人民的声明",
  "电唁杜波依斯博士逝世",
  "在中央工作会议上对文学艺术的指示",
  "祝贺霍查同志五十五岁生日的电报",
  "接见阿尔巴尼亚总检察长等的谈话",
  "给林彪、荣臻等同志的信",
  "接见古巴诗人、作家和艺术家联合会文学部主任比达·罗德里格斯夫妇的谈话",
  "对柯庆施同志有关上海曲艺革命化改革总结报告的批示",
  "关于加强相互学习，克服故步自封骄傲自满的指示",
  "谦虚——戒骄",
  "给林彪同志的信",
  "论反对官僚主义",
  "在聂荣臻同志汇报时的谈话",
  "同×××谈人民日报要学习解放军",
  "慰问恩克鲁玛总统的信",
  "就巴拿马人民反对美帝国主义的爱国斗争对《人民日报》记者发表的谈话",
  "谈报纸革命化问题",
  "就最近日本人民反对美帝国主义的爱国正义斗争发表谈话",
  "接见阿尔及利亚民族解放阵钱代表和法律工作者代表团的谈话",
  "几段插话",
  "对《人民日报加强学术文章的报告》的批示",
  "对《中央关于传达石油工业部关于大庆石油会战情况通知》的批示",
  "接见新西兰共产党总书记威尔科克斯夫妇时的谈话",
  "关于出版三十本马、恩、列、斯著作的指示",
  "春节谈话记要",
  "与毛远新同志的谈话纪要（一）",
  "关于胡藏芸案件的指示",
  "关于学校课程和讲授、考试方法问题的批示（在北京铁路二中调查材料的批示）",
  "人民日报要搞理论工作",
  "送给李讷的四句话",
  "对新华社的指示",
  "给华罗庚的信",
  "给高×的信",
  "在邯郸四清工作座谈会上的讲话",
  "在一次汇报时的插话",
  "接见阿尔及利亚文化代表团时的谈话",
  "对人民日报理论工作的批评",
  "关于胡藏芸案件的指示和批示",
  "在谢富治同志汇报劳改工作时的指示",
  "对共青团九大的指示",
  "在计委领导小组汇报第三个五年计划时的一些插话",
  "接见阿尔巴尼亚妇女代表团和电影工作者的谈话",
  "在四个副总理汇报时的插话",
  "关于第三个五年计划在中央工作会议上的讲话",
  "和××的谈话（一）",
  "和××的谈话（二）",
  "关于军事工作落实与培养革命接班人的讲话",
  "对人民日报文艺宣传的批评",
  "接见桑给巴尔专家米·姆·阿里夫妇的谈话",
  "接见智利新闻工作者代表团的谈话",
  "接见外宾关于保健的一段谈话",
  "和王海蓉同志的谈话",
  "对全国文联和所属各协会整风的批示",
  "畅游十三陵水库时对青年的谈话",
  "在小型会议上的讲话",
  "在中央工作会议小型会议上的指示",
  "关于部队开展游泳活动的指示",
  "对一渡河支部提拔新生力量报导的指示",
  "接见日本社会党人士佐佐木更三、黑田寿男、细迫兼光等的谈话",
  "无产阶级专政的历史教训",
  "对汪东兴同志报告的批示",
  "观看北京京剧一团演出的革命现代京剧《沙家浜》的指示",
  "关于部队学习游泳的批示",
  "对卫生部党组关于高级干部保健工作报告的批示",
  "对《中央宣传部关于公开放映和批判<北国之春>、<早春二月>的请示报告》的批示",
  "关于哲学问题的讲话",
  "同李雪峰等同志的谈话",
  "接见出席第十届禁止原子弹氢弹世界大会后访华外宾的谈话",
  "关于坂田文章的谈话",
  "同毛远新同志的第二次谈话",
  "接见非洲和拉丁美洲青年学生代表团时的谈话",
  "接见尼泊尔教育代表团时的谈话",
  "关于团结方法的讲话",
  "在×××反修报告会上的插话",
  "接见老挝爱国战钱党文工团团长、副团长和主要成员时的谈话",
  "接见法国技术展览会负责人及法国驻华大使的谈话（摘录）",
  "与计划领导小组的谈话",
  "接见阿尔及利亚政府经济代表团时的讲话",
  "对《中央音乐学院的意见》的批示",
  "观看革命现代芭蕾舞剧《红色娘子军》后的指示",
  "接见西南非妇女代表团的谈话（摘录）",
  "会见古巴党政代表团的谈话纪录（摘录）",
  "关于总结经验的指示",
  "对《关于×××、×××、×××问题》的批示",
  "在中央工作会议上的插话",
  "对高扬文同志的蹲点报告的批语",
  "在中央工作座谈会上关于四清问题的讲话",
  "人民日报现在有看头了",
  "在中央工作会议上陈伯达同志发言时的插话",
  "在中央工作会议上的讲话",
  "同江西省委同志谈话记录（摘录）",
  "中国的大跃进",
  "社会主义社会阶级斗争并没有熄灭",
  "同参加“亚非文学交流座谈会”的亚非作家的谈话（摘录）",
  "关于划阶级问题的指示",
  "关于依靠贫下中农的问题",
  "《前十条》和《六十条》为什么能调动人的力量？",
  "蹲点问题",
  "论实事求是",
  "小资产阶级的通病",
  "《关于学习解放军加强政治工作的指示》的批示",
  "关于四清运动的一次讲话",
  "和美国记者斯诺的谈话",
  "对徐××同志《关于如何打乒乓球》一文的批示",
  "中央《关于学习周恩来同志政府工作报告的通知》",
  "接见苏班德里约的谈话",
  "对《陈××同志蹲点报告》的批示",
  "听取谷牧、余秋里汇报计划工作时的指示",
  "听取××汇报工业交通会议情况时的指示",
  "听取××同志汇报会上的指示",
  "接见巴勒斯坦解放组织代表团时的谈话",
  "接见中南局第九次全体会议同志时的指示",
  "关于劳改工作的指示",
  "对卫生工作的指示",
  "对北京师范学院调查材料的批示",
  "对军队文工团到农村、工厂去锻炼的指示",
  "关于模特儿问题的批示",
  "给章士钊的信",
  "对医务人员的谈话",
  "在全国工交系统四清工作座谈会上的讲话",
  "给华罗庚的信",
  "接见李宗仁先生及其夫人的谈话",
  "在钱××、张×汇报卫生工作时的插话指示",
  "接见法国事务部长马尔罗时的谈话",
  "接见几内亚教育代表团、总检察长时的谈话",
  "关于民族工作的一次指示",
  "同黑非洲留法学生联合代表团的谈话（摘录）",
  "接见阿尔巴尼亚内务部代表团时谈劳改工作",
  "关于大学文科改革的指示（摘录）",
  "路过济南在火车上听取汇报时的指示",
  "在听取×××同志汇报时的插话（摘录）",
  "批判罗瑞卿",
  "反对折衷主义",
  "在杭州会议上的讲话",
  "在杭州与陈伯达、艾思奇等同志的谈话",
  "对林彪同志一封来信的批语",
  "对机要保密工作的指示",
  "关于礼宾工作指示",
  "关于《海瑞罢官》",
  "同毛远新同志的谈话（三）",
  "关于农业机械化问题与备战备荒为人民的指示信（一）",
  "关于农业机械化问题与备战备荒为人民的指示信（二）",
  "在修改《林彪同志委托江青同志召开的部队文艺工作座谈会纪要》时所加的话",
  "看了“人工喉”、“断手再植”、“止血粉’等文章后对医务工作者的指示",
  "在政治局扩大会议上的讲话",
  "在中央政治局常委扩大会议上的讲话（摘录）",
  "与康生等同志谈话纪要",
  "在政治局扩大会议期间的讲话",
  "在中央政治局常委扩大会议上的讲话",
  "批判彭真（对康生同志讲话）",
  "给林彪同志的信（对军委总后勤部“关于进一步搞好部队农副业生产的报告”的批示）",
  "为中共中央“五·一六”通知所加的几段话",
  "关于发表全国第一张马列主义大字报的批示",
  "在接见日本、古巴、巴西和阿根廷朋友时的谈话",
  "关于北大“六·一八”事件",
  "畅游长江时对青年的指示",
  "重要讲话",
  "在会见大区书记和中央文革小组成员的讲话",
  "对中央首长的讲话",
  "对共青团中央的批评",
  "关于打人问题",
  "给清华附中红卫兵小将的一封信",
  "在中央常委扩大会议上的插话",
  "炮打司令部——我的一张大字报",
  "在修改《欢呼北大的一张大字报》一文时加的一段话",
  "在中共中央群众接待站的讲话",
  "对杨寅田大字报的批示",
  "在八届十一中全会闭幕式上的讲话",
  "在第一次接见红卫兵大会上与林彪同志的谈话",
  "在天安门城楼上与北大附中×××谈话纪要",
  "在中央工作会议上的讲话",
  "关于北航《红旗战斗队》在国防科委坚持斗争问题的指示",
  "关于工作组",
  "对四位外国专家的大字报的批示",
  "对《关于长沙、青岛、西安等地情况报告》的批示",
  "对署名“奥地利《红旗》派的同志”来信的批示",
  "关于中央文革",
  "就左派队伍问题与张春桥姚文元同志的谈话纪要",
  "接见在京部队时的指示",
  "关于组织外地来京革命师生进行政治军事训练的指示",
  "对陈伯达同志《两个月来运动的总结》的指示",
  "在中央政治局汇报会议上的讲话",
  "在中央工作会议上的讲话",
  "在中央工作会议期间与各大区同志的谈话",
  "致阿尔巴尼亚劳动党第五次代表大会的贺电",
  "在中央政治局工作汇报会议上的讲话",
  "在聂荣臻同志去指挥发射导弹时的指示",
  "在第七次接见红卫兵大会上与中央负责同志的谈话",
  "要支持群众的革命串连",
  "祝贺阿尔巴尼亚解放二十二周年的电报",
  "在文化大革命中学会大民主",
  "关于复员转业军人参加文化大革命问题的指示",
  "关于军政训练的指示",
  "在中央常委扩大会上的四点指示",
  "讨论“工矿十条”时的讲话",
  "赞扬参加接待红卫兵和革命师生的解放军指战员的工作",
  "给周总理的亲笔信",
  "对《林彪同志给浙江省军区的指示》的批示",
  "和林彪同志的一段谈话（摘录）",
  "关于一九六七年文化大革命的指示",
  "关于陶铸问题的指示",
  "对中央文革小组的讲话",
  "与外宾谈如何看大字报",
  "关于接管的指示",
  "谈机关文化大革命的重要性",
  "关于军队支持左派的指示",
  "谈无产阶级文化大革命新阶段",
  "在军委扩大会议上的讲话",
  "关于军队文化大革命的指示",
  "关于外国朋友参加文化大革的指示",
  "关于夺权问题",
  "为《红旗》杂志一九六七年第三期社论",
  "对广播系统夺权的指示",
  "谈文明斗争",
  "和卡博/巴庐库同志的谈话",
  "关于西安问题的批示",
  "接见张春桥姚文元同志对上海文化大革命的指示",
  "关于宗派主义问题的指示",
  "要埋头工作，善于思考",
  "为中央《给全国农村人民公社贫下中农和各级干部的信》加的一段话",
  "对北京两所中学军训材料的批示",
  "对《郑州日报》问题的批示",
  "关于夺权的提法的指示",
  "在《论革命的“三结合”》一文中所写的两段话",
  "关于军队要协同地方管工业的指示",
  "两条路线斗争的基本问题",
  "对铁道兵党委一个报告（渡口驻军支左经验）的批示",
  "对《天津延安中学以教学班为基础实现全校大联合和整顿巩固发展红卫兵的体会》",
  "在胜利中不要冲昏头脑",
  "关于《毛泽东选集》注释等问题的指示",
  "对中共中央印发薄一波、刘澜涛、杨献珍等人自首叛变材料的批示",
  "对林彪同志三月二十日报告的指示",
  "对齐齐哈尔铁路局机务段报告的批示",
  "对报纸工作的指示",
  "关于党组织的指示",
  "对《红旗》杂志调查员调查报告",
  "关于大批判的指示",
  "关于宜宾问题的批示",
  "对《爱国主义还是卖国主义?》一文所加的一段话",
  "关于部队支左的指示",
  "关于四川文化大革命的指示",
  "关于批判黑《修养》",
  "不能放弃对党内最大走资本主义道路当权派的斗争",
  "关于《触詟说赵太后》",
  "与×同志的一段对话",
  "关于军管问题",
  "关于革命派的大联合",
  "接见谢富治同志时的谈话",
  "无政府主义是对机会主义的惩罚",
  "关于陕西驻军虚心听取群众意见改进工作报告的批示和批注",
  "关于四川问题的指示",
  "在中央常委、中央文革小组和政治局会议上的讲话（摘录）",
  "“五一”节对阿尔巴尼亚贵宾的谈话",
  "“五一”节对中央首长的谈话",
  "“五一”节和张×的谈话",
  "对棉粮工作的指示",
  "关于大批制问题的指示",
  "关于军队整训的指示——给林彪同志的信",
  "对广州、湖南军区报告的批示",
  "对《红旗》杂志、《人民日报》两编辑部一九六七年五月八日文章",
  "要破除资产阶级法权思想",
  "对北京市革命委员会的指示",
  "干革命要有阶级感情",
  "对上海革命派的号召",
  "对上海市革委会的号召",
  "关于国际形势的指示",
  "关于处理军民关系的几点指示",
  "在《伟大的历史文件》一文中所写的一段话",
  "接见阿尔巴尼亚军事代表团时的讲话",
  "在文化革命中立新功",
  "关于夏收的指示",
  "关于中央各部运动的指示",
  "中国革命的伟大世界意义",
  "关于干部问题的指示",
  "有了错误就改",
  "关于叛徒问题的指示",
  "关于对外宣传的指示",
  "对中央警卫团支左部队的三点指示",
  "对赞比亚总统的谈话（摘要）",
  "修改中国红卫兵代表团去阿尔巴尼亚的发言稿",
  "对姚文元同志访问阿尔巴尼亚的指示",
  "关于绝食静坐的问题",
  "看到西安师院造反派两张大字报和给中央文革的信后的批示",
  "关于缅甸问题的指示",
  "关于建造主席塑像问题的指示",
  "对军队同志的教导",
  "在听了××××会议汇报后的讲话",
  "关于“农村包围城市”的口号",
  "关于不要“开快车”的指示",
  "接见军队领导干部时的讲话",
  "关于湖南军区的龙书金",
  "关于教育革命的指示",
  "《中央对武汉军区公告的复电》",
  "对武汉事件的指示",
  "关于“八一”建军节的指示",
  "为一九六七年七月卅日《人民日报》社论加的一句话",
  "关于大联合的指示",
  "关于大串连的指示",
  "对《红旗》杂志一九六七年第十二期社论的批语",
  "对天津与河北问题的指示",
  "无产阶级专政下革命的主要对象",
  "关于武斗的指示",
  "对《中共中央、国务院、中央军委、中央文革小组给煤炭工业战线职工的一封信》的批示和修改",
  "关于军队支左问题的指示",
  "要从政治上、思想上、理论上把走资派打倒",
  "827 指示",
  "对公安工作的指示",
  "关于陈毅的几点指示",
  "对姚文元同志《评陶铸的两本书》一文的批示",
  "对新闻工作的指示",
  "对庆祝国庆的指示",
  "毛主席视察华北、中南和华东地区时的重要指示",
  "毛主席视察华北、中南和华东地区时谈话的主要精神的传达",
  "毛主席视察华北、中南和华东地区时谈话的主要精神的传达",
  "毛主席视察华北、中南和华东地区时谈话的主要精神的传达",
  "毛主席视察华北、中南和华东地区时谈话的主要精神的传达",
  "毛主席视察华北、中南和华东地区时谈话的主要精神的传达",
  "毛主席视察华北、中南和华东地区时谈话的主要精神的传达",
  "毛主席视察华北、中南和华东地区时谈话的主要精神的传达",
  "毛主席视察华北、中南和华东地区时谈话的主要精神的传达",
  "对林彪同志 1967 年国庆讲话的评语",
  "造反派要听周总理的话",
  "关于机关革命化的指示",
  "接见刚果（布）总理努马扎莱的谈话",
  "关于按系统实现革命的大联合的指示",
  "对海军学习毛主席著作积极分子代表大会代表的谈话",
  "进行教育革命要依靠无产阶级革命派",
  "对《解放军报》1967 年 11 月 9 日社论《抓好形势教育》的重要修改",
  "关于党组织的指示",
  "关于正确对待犯过错误的老造反派的指示",
  "给林彪周恩来、中央及文革的信",
  "对姚文元同志一封信的批示",
  "给阮友寿主席的贺电",
  "关于举办学习班的指示",
  "对广东问题的指示",
  "关于革命委员会等的指示",
  "无产阶级文化大革命是共产党和国民党长期斗争的继续",
  "革命委员会的三条基本经验",
  "支持美国黑人抗暴斗争的声明",
  "对派性要进行阶级分析－－几段最新指示",
]
`;
