// Vitest Snapshot v1

exports[`wenji6 > alignment 1`] = `
[
  {
    "authors": [
      "毛泽东",
    ],
    "comment_pivots": [
      {
        "index": 1,
        "offset": 14,
        "part_idx": 0,
      },
      {
        "index": 2,
        "offset": 20,
        "part_idx": 11,
      },
      {
        "index": 3,
        "offset": 38,
        "part_idx": 11,
      },
      {
        "index": 4,
        "offset": 56,
        "part_idx": 11,
      },
    ],
    "comments": [
      "这是毛泽东接见中国新民主主义青年团第二次全国代表大会主席团的谈话。",
      "曹操（一五五——二二○），谯（今安徽亳州）人，三国时政治家、军事家、文学家。建安十三年（公元二○八年），率几十万大军南下，被孙权和刘备的军队联合击败于赤壁。",
      "周瑜（一七五——二一○），庐江舒县（今安徽庐江东南）人，三国时吴国孙权部将，任前部大都督。建安十三年（公元二○八年），曹操率大军南下，周瑜坚决主战，并亲率东吴军队与刘备军队联合大败曹军于赤壁。",
      "程普（？——二一五），右北平土垠（今河北丰润东）人。初追随孙坚，后辅佐孙权，任左都督。建安十三年（公元二○八年），在周瑜统率下参加赤壁大战。",
    ],
    "dates": [
      {
        "day": 30,
        "month": 6,
        "year": 1953,
      },
    ],
    "description": "",
    "is_range_date": false,
    "page_end": 294,
    "page_start": 290,
    "parts": [
      {
        "text": "青年团的工作要照顾青年的特点",
        "type": "title",
      },
      {
        "text": "青年团对党闹独立性的问题早已过去了。现在的问题是缺乏团的独立工作，而不是闹独立性。",
        "type": "paragraph",
      },
      {
        "text": "青年团要配合党的中心工作，但在配合党的中心工作当中，要有自己的独立工作，要照顾青年的特点。一九五二年我同团中央的同志谈话，出了两个题目要团中央研究，一个是党如何领导团的工作，一个是团如何做工作。两个题目，都包含了如何照顾青年的特点。各地方党委反映，对青年团的工作是满意的，满意就在配合了党的中心工作。现在要来个不满意，就是说青年团的工作还没有适合青年的特点，搞些独立的活动。党和团的领导机关，都要学会领导团的工作，善于围绕党的中心任务，照顾青年特点，组织和教育广大青年群众。",
        "type": "paragraph",
      },
      {
        "text": "青年团在党的领导下，积极参加各方面的革命工作，作出了很大成绩。无论工厂、农村、军队、学校的革命事业，没有青年就不能胜利。中国青年是很有纪律的，他们完成了党所交给的各项任务。现在朝鲜议和，土地改革结束，国内工作的重点正在转到社会主义改造和社会主义建设。这就要学习。青年团要学会领导青年，和成年人一道，在农村把农业搞好，在城市把工业搞好，在学校把学习搞好，在机关把工作做好，在军队把国防军练好，成为现代化军队。",
        "type": "paragraph",
      },
      {
        "text": "十四岁到二十五岁的青年们，要学习，要工作，但青年时期是长身体的时期，如果对青年长身体不重视，那很危险。青年比成年人更需要学习，要学会成年人已经学会了的许多东西。但是，他们的学习和工作的负担都不能过重。尤其是十四岁到十八岁的青年，劳动强度不能同成年人一样。青年人就是要多玩一点，要多娱乐一点，要跳跳蹦蹦，不然他们就不高兴。以后还要恋爱、结婚。这些都和成年人不同。",
        "type": "paragraph",
      },
      {
        "text": "我给青年们讲几句话：一、祝贺他们身体好；二、祝贺他们学习好；三、祝贺他们工作好。",
        "type": "paragraph",
      },
      {
        "text": "我提议，学生的睡眠时间再增加一小时。现在是八小时，实际上只有六七小时，普遍感到睡不够。因为知识青年容易神经衰弱，他们往往睡不着，醒不来。一定要规定九小时睡眠时间。要下一道命令，不要讨论，强迫执行。青年们要睡好，教师也要睡足。",
        "type": "paragraph",
      },
      {
        "text": "革命带来很多好处，但也带来一个坏处，就是大家太积极太热心了，以致过于疲劳。现在要保证大家身体好，保证工人、农民、战士、学生、干部都要身体好。当然，身体好并不一定学习好，学习要有一些办法。",
        "type": "paragraph",
      },
      {
        "text": "现在初中学生上课的时间也多了一些，可以考虑适当减少。积极分子开会太多，也应当减少。一方面学习，一方面娱乐、休息、睡眠，这两方面要充分兼顾。工农兵青年们，是在工作中学习，工作学习和娱乐休息睡眠两方面也要充分兼顾。",
        "type": "paragraph",
      },
      {
        "text": "两头都要抓紧，学习工作要抓紧，睡眠休息娱乐也要抓紧。过去只抓紧了一头，另一头抓不紧或者没有抓。现在要搞些娱乐，要有时间，有设备，这一头也要来个抓紧。党中央已经决定减少会议次数和学习时间，你们要监督执行。有什么人不执行，就要质问他们。",
        "type": "paragraph",
      },
      {
        "text": "总之，要使青年身体好，学习好，工作好。有些领导同志只要青年工作，不照顾青年的身体，你们就用这句话顶他们一下。理由很充分，就是为了保护青年一代更好地成长。我们这一代吃了亏，大人不照顾孩子。大人吃饭有桌子，小人没有。娃娃在家里没有发言权，哭了就是一巴掌。现在新中国要把方针改一改，要为青少年设想。",
        "type": "paragraph",
      },
      {
        "text": "要选青年干部当团中央委员。三国时代，曹操带领大军下江南，攻打东吴。那时，周瑜是个“青年团员”，当东吴的统帅，程普等老将不服，后来说服了，还是由他当，结果打了胜仗。现在要周瑜当团中央委员，大家就不赞成！团中央委员尽选年龄大的，年轻的太少，这行吗？自然不能统统按年龄，还要按能力。团中央委员候选人的名单，三十岁以下的原来只有九个，现在经过党中央讨论，增加到六十几个，也只占四分之一多一点。三十岁以上的还占差不多四分之三，有的同志还说少了。我说不少。六十几个青年人是否都十分称职，有的同志说没有把握。要充分相信青年人，绝大多数是会胜任的。个别人可能不称职，也不用怕，以后可以改选掉。这样做，基本方向是不会错的。青年人不比我们弱。老年人有经验，当然强，但生理机能在逐渐退化，眼睛耳朵不那么灵了，手脚也不如青年敏捷。这是自然规律。要说服那些不赞成的同志。",
        "type": "paragraph",
      },
      {
        "text": "青年团要照顾青年的特点，要有自己的系统的工作，同时又要受各级党委的领导。这并不是什么新发明，老早就有了的，马克思主义历来就是这么讲的。这是从实际出发。青年就是青年，不然，何必要搞青年团呢？青年人和成年人不同，女青年和男青年也不同，不照顾这些特点，就会脱离群众。你们现在有九百万团员，如果不注意青年的特点，也许就只有一百万拥护你们，八百万不拥护你们。",
        "type": "paragraph",
      },
      {
        "text": "青年团的工作，要照顾多数，同时注意先进青年。这样，可能有些先进分子不过瘾，他们要求对全体团员都严一些。这就不那么适当，要说服他们。团章草案规定的义务多了，权利少了，要放宽一点，使多数人能跟上去。重点要放在多数，不要只看到少数。",
        "type": "paragraph",
      },
      {
        "text": "你们的团章草案规定，四个月不参加组织生活就算自动脱团，这太严了。党章还规定六个月，你们也规定六个月不行吗？办不到的事，或者只有一百万人能办到，八百万人办不到的，都不要在团章上规定。原则性要灵活执行。应当是那样，实际是这样，中间有个距离。有些法律条文要真正实行，也还得几年。比如婚姻法的许多条文，是带着纲领性的，要彻底实行至少要三个五年计划。“不要背后乱讲”这一条，原则上是对的，但是不必写在团章上。反对自由主义是长期的，党内自由主义也还不少。不准人家在背后骂一句话，事实上办不到。不要把框子搞得太小，主要是敌我界限要分明。",
        "type": "paragraph",
      },
      {
        "text": "威信是逐渐建立的。过去军队里面有人编歌谣骂人，我们不禁也不查，军队还是没有垮。我们只抓住一些大的，比如三大纪律八项注意，队伍就慢慢上了轨道。群众对领导者真正佩服，要靠在革命实践中了解。真正了解，才能相信。现在团中央威信已经相当高。有些人还不佩服，慢慢会佩服的。小伙子刚上台，威信不高，不要着急，不受点批评不挨点骂是不可能的。有“小广播”，是因为“大广播”不发达。只要民主生活充分，当面揭了疮疤，让人家“小广播”，他还会说没时间，要休息了。但是问题总是会有的，不要以为一下都能解决，今天有，将来还会有。",
        "type": "paragraph",
      },
      {
        "text": "党在过渡时期的总任务，是要经过三个五年计划，基本上完成社会主义工业化和对农业、手工业、资本主义工商业的社会主义改造。三个五年计划就是十五年。一年一小步，五年一大步，三个大步就差不多了。基本上完成，不等于全部完成。讲基本上完成，是谨慎的讲法，世界上的事情总是谨慎一点好。",
        "type": "paragraph",
      },
      {
        "text": "中国农业现在大部分是个体经济，要有步骤地进行社会主义改造。发展农业互助合作运动，要坚持自愿原则。不去发展，就会走资本主义道路，这是右倾。搞猛了也不行，那是“左”倾。要有准备有步骤地进行。我们历来不打无准备无把握之仗，也不打只有准备但无把握之仗。过去打蒋介石，开始有些人犯主观主义错误，后来经过整风，反掉了主观主义，就打了胜仗。现在是打社会主义之仗，要完成社会主义工业化和对农业、手工业、资本主义工商业的社会主义改造。这是全国人民的总任务。青年团如何执行这个总任务，你们应当按照青年的特点，作出适当的规定。",
        "type": "paragraph",
      },
      {
        "text": "根据人民出版社一九八六年出版的",
        "type": "paragraph",
      },
      {
        "text": "《毛泽东著作选读》刊印。",
        "type": "paragraph",
      },
    ],
    "title": "青年团的工作要照顾青年的特点",
  },
]
`;

exports[`wenji6 > title & dates 1`] = `
[
  "中华人民共和国中央人民政府公告",
  "开好县的各界人民代表会议是一件大事",
  "解放西南地区的作战方针",
  "同绥远负责人的谈话",
  "永远保持艰苦奋斗的作风",
  "严重注意攻击金门岛失利的教训",
  "大批培养少数民族干部",
  "必须充分注意召开市县各界人民代表会议",
  "有困难，有办法，有希望",
  "关于土地改革和财经工作",
  "军委关于一九五○年军队参加生产建设工作的指示",
  "抵达莫斯科时的书面演说",
  "渡海作战必须注意的问题",
  "对苏贸易应从统筹全局出发",
  "由西南局担负进军西藏和经营西藏的任务",
  "准备签订新的中苏友好同盟条约",
  "关于恢复中华人民共和国在联合国及安理会的合法权利致联合国电",
  "驳斥艾奇逊的无耻造谣",
  "征询对待富农策略问题的意见",
  "对资本主义工商业的几个政策问题",
  "在中央人民政府委员会第七次会议上的讲话",
  "转变时期力争不要破坏不应当破坏的事物",
  "关于春耕、土改和干部整训工作的意见",
  "如实查报苏南征粮、春耕和救灾情况",
  "省以上各级党委必须经常讨论财经工作",
  "对私营工商业要有所不同、一视同仁",
  "关于土地改革报告的修改",
  "为争取国家财政经济状况的基本好转而斗争",
  "不要四面出击",
  "在全国政协一届二次会议上的讲话",
  "给马叙伦的信",
  "要根治淮河",
  "军委关于在军队中实施文化教育的指示",
  "朝鲜战局和我们的方针",
  "在全国战斗英雄和劳动模范代表会议上的祝词",
  "关于派志愿军入朝参战问题",
  "组成中国人民志愿军的命令",
  "人民解放军必须进入西藏",
  "中国人民志愿军应当和必须入朝参战",
  "中国人民志愿军入朝作战的方针和部署",
  "在稳当可靠的基础上争取一切可能的胜利",
  "坚决站在抗美援朝保家卫国的爱国立场上",
  "解放平壤的两则电讯",
  "中国人民志愿军必须越过三八线作战",
  "给陈叔通的信",
  "关于镇压反革命",
  "朝鲜作战必须作长期打算",
  "为《瞿秋白文集》题词",
  "志愿军要爱护朝鲜的一山一水一草一木",
  "加强城市工作，依靠工人阶级",
  "对东南沿海设防和构筑工事的意见",
  "土改工作应注意的主要之点",
  "土地改革要有秩序分阶段进行",
  "给黄炎培的信",
  "中共中央政治局扩大会议决议要点",
  "大城市必须有计划地修建居民住房",
  "关于志愿军实行轮番作战的方针",
  "组织民主人士参观或参加土改、镇反工作",
  "给李达的信",
  "正确解释对旧人员“包下来”的政策",
  "镇压反革命必须实行党的群众路线",
  "必须重视人民群众来信",
  "应当重视电影《武训传》的讨论",
  "在庆祝签订和平解放西藏办法协议宴会上的讲话",
  "给达赖喇嘛的信",
  "对美英军目前只宜打小歼灭战",
  "停战谈判期间军事上应采取的对策",
  "必须重视卫生、防疫和医疗工作",
  "入藏部队的当前任务和兵力部署",
  "逐步发展农业生产互助合作组织",
  "在全国政协一届三次会议上的讲话",
  "在文学艺术界开展整风学习",
  "关于“三反”“五反”、",
  "实行增产节约，反对贪污、浪费和官僚主义",
  "给西北各族人民抗美援朝代表会议的复电",
  "不要因领导重点转移而放松对土改工作的领导",
  "把农业互助合作当作一件大事去做",
  "半工人阶级也是领导阶级的提法必须改正",
  "关于试办集体农庄的意见",
  "元旦祝词",
  "军委关于部队集体转业的命令",
  "关于西藏工作的方针",
  "有关西藏的重要问题由中央处理",
  "现阶段国内的主要矛盾",
  "干部子弟学校应逐步废除",
  "对军事学院第一期毕业学员的训词",
  "给黄炎培的信",
  "接见西藏致敬团代表谈话的要点",
  "必须切实解决农民负担过重问题",
  "对民主同盟工作的意见",
  "祝贺中国人民志愿军的重大胜利",
  "准备一切必要条件，坚决粉碎敌人登陆冒险",
  "加强防备，粉碎国民党军对福建沿海的进攻",
  "党对政府工作的领导责任",
  "反对官僚主义、命令主义和违法乱纪",
  "关于召开全国人民代表大会的几点说明",
  "在全国政协一届四次会议闭幕会上的讲话",
  "批判大汉族主义",
  "解决区乡工作中的“五多”问题",
  "正确对待单干农民",
  "青年团的工作要照顾青年的特点",
  "关于国家资本主义经济",
  "坚决制止滥发统计报表",
  "在中央政治局扩大会议上的讲话",
  "改造资本主义工商业的必经之路",
  "粮食统购统销问题",
  "关于农业互助合作的两次谈话",
  "关于重要土特产和副食品的经营问题",
  "接见西藏国庆观礼团、参观团代表的谈话",
  "建设一支强大的海军",
  "革命的转变和党在过渡时期的总路线",
  "关于召开七届四中全会的建议",
  "宪法起草工作计划",
  "给石城乡党支部、乡政府的信",
  "关于中华人民共和国宪法草案",
  "同一切愿意和平的国家团结合作",
  "同英国工党代表团的谈话",
  "关于辛亥革命的评价",
  "为建设一个伟大的社会主义国家而奋斗",
  "关于《红楼梦》研究问题的信",
  "在国防委员会第一次会议上的讲话",
  "同印度总理尼赫鲁的四次谈话",
  "同缅甸总理吴努的谈话",
  "关于政协的性质和任务",
  "在中国共产党全国代表会议上的讲话",
  "同印尼总理沙斯特罗阿米佐约的谈话",
  "调查粮食征购和供销情况的通知",
  "关于农业合作化问题",
  "关于依靠贫农巩固地团结中农问题",
  "《中国农村的社会主义高潮》按语选",
  "农业合作化的全面规划和加强领导问题",
  "同日本国会议员访华团的谈话",
  "工商业者要掌握自己的命运",
  "在资本主义工商业社会主义改造问题座谈会上的讲话",
  "农业合作社要有计划地发展和整顿",
  "征询对农业十七条的意见",
  "接见泰国经济文化代表团的谈话",
]
`;

exports[`wenji6 > title & dates 2`] = `
[
  [
    {
      "day": 1,
      "month": 10,
      "year": 1949,
    },
  ],
  [
    {
      "day": 13,
      "month": 10,
      "year": 1949,
    },
  ],
  [
    {
      "day": 19,
      "month": 10,
      "year": 1949,
    },
  ],
  [
    {
      "day": 24,
      "month": 10,
      "year": 1949,
    },
  ],
  [
    {
      "day": 26,
      "month": 10,
      "year": 1949,
    },
  ],
  [
    {
      "day": 29,
      "month": 10,
      "year": 1949,
    },
  ],
  [
    {
      "day": 14,
      "month": 11,
      "year": 1949,
    },
  ],
  [
    {
      "day": 27,
      "month": 11,
      "year": 1949,
    },
  ],
  [
    {
      "day": 2,
      "month": 12,
      "year": 1949,
    },
  ],
  [
    {
      "day": 4,
      "month": 12,
      "year": 1949,
    },
  ],
  [
    {
      "day": 5,
      "month": 12,
      "year": 1949,
    },
  ],
  [
    {
      "day": 16,
      "month": 12,
      "year": 1949,
    },
  ],
  [
    {
      "day": 18,
      "month": 12,
      "year": 1949,
    },
  ],
  [
    {
      "day": 22,
      "month": 12,
      "year": 1949,
    },
  ],
  [
    {
      "day": 2,
      "month": 1,
      "year": 1950,
    },
  ],
  [
    {
      "day": 2,
      "month": 1,
      "year": 1950,
    },
    {
      "day": 3,
      "month": 1,
      "year": 1950,
    },
  ],
  [
    {
      "day": 19,
      "month": 1,
      "year": 1950,
    },
  ],
  [
    {
      "day": 20,
      "month": 1,
      "year": 1950,
    },
  ],
  [
    {
      "day": 12,
      "month": 3,
      "year": 1950,
    },
  ],
  [
    {
      "day": undefined,
      "month": 4,
      "year": 1950,
    },
  ],
  [
    {
      "day": 13,
      "month": 4,
      "year": 1950,
    },
  ],
  [
    {
      "day": 16,
      "month": 4,
      "year": 1950,
    },
  ],
  [
    {
      "day": 28,
      "month": 4,
      "year": 1950,
    },
  ],
  [
    {
      "day": 12,
      "month": 5,
      "year": 1950,
    },
  ],
  [
    {
      "day": 20,
      "month": 5,
      "year": 1950,
    },
  ],
  [
    {
      "day": 25,
      "month": 5,
      "year": 1950,
    },
  ],
  [
    {
      "day": 4,
      "month": 6,
      "year": 1950,
    },
  ],
  [
    {
      "day": 6,
      "month": 6,
      "year": 1950,
    },
  ],
  [
    {
      "day": 6,
      "month": 6,
      "year": 1950,
    },
  ],
  [
    {
      "day": 14,
      "month": 6,
      "year": 1950,
    },
    {
      "day": 23,
      "month": 6,
      "year": 1950,
    },
  ],
  [
    {
      "day": 19,
      "month": 6,
      "year": 1950,
    },
    {
      "day": 15,
      "month": 1,
      "year": 1951,
    },
  ],
  [
    {
      "day": undefined,
      "month": 7,
      "year": 1950,
    },
    {
      "day": undefined,
      "month": 9,
      "year": 1950,
    },
  ],
  [
    {
      "day": 1,
      "month": 8,
      "year": 1950,
    },
  ],
  [
    {
      "day": 5,
      "month": 9,
      "year": 1950,
    },
  ],
  [
    {
      "day": 25,
      "month": 9,
      "year": 1950,
    },
  ],
  [
    {
      "day": 2,
      "month": 10,
      "year": 1950,
    },
  ],
  [
    {
      "day": 8,
      "month": 10,
      "year": 1950,
    },
  ],
  [
    {
      "day": 11,
      "month": 10,
      "year": 1950,
    },
  ],
  [
    {
      "day": 13,
      "month": 10,
      "year": 1950,
    },
  ],
  [
    {
      "day": 14,
      "month": 10,
      "year": 1950,
    },
  ],
  [
    {
      "day": 23,
      "month": 10,
      "year": 1950,
    },
  ],
  [
    {
      "day": 2,
      "month": 12,
      "year": 1950,
    },
  ],
  [
    {
      "day": 4,
      "month": 12,
      "year": 1950,
    },
    {
      "day": 6,
      "month": 12,
      "year": 1950,
    },
  ],
  [
    {
      "day": 13,
      "month": 12,
      "year": 1950,
    },
  ],
  [
    {
      "day": 18,
      "month": 12,
      "year": 1950,
    },
  ],
  [
    {
      "day": undefined,
      "month": 12,
      "year": 1950,
    },
    {
      "day": undefined,
      "month": 10,
      "year": 1951,
    },
  ],
  [
    {
      "day": 21,
      "month": 12,
      "year": 1950,
    },
  ],
  [
    {
      "day": 31,
      "month": 12,
      "year": 1950,
    },
  ],
  [
    {
      "day": 19,
      "month": 1,
      "year": 1951,
    },
  ],
  [
    {
      "day": undefined,
      "month": 1,
      "year": 1951,
    },
    {
      "day": undefined,
      "month": 2,
      "year": 1951,
    },
  ],
  [
    {
      "day": 24,
      "month": 1,
      "year": 1951,
    },
  ],
  [
    {
      "day": undefined,
      "month": 1,
      "year": 1951,
    },
  ],
  [
    {
      "day": 7,
      "month": 2,
      "year": 1951,
    },
  ],
  [
    {
      "day": 17,
      "month": 2,
      "year": 1951,
    },
  ],
  [
    {
      "day": 18,
      "month": 2,
      "year": 1951,
    },
  ],
  [
    {
      "day": 18,
      "month": 2,
      "year": 1951,
    },
  ],
  [
    {
      "day": 1,
      "month": 3,
      "year": 1951,
    },
  ],
  [
    {
      "day": 18,
      "month": 3,
      "year": 1951,
    },
    {
      "day": 30,
      "month": 3,
      "year": 1951,
    },
  ],
  [
    {
      "day": 27,
      "month": 3,
      "year": 1951,
    },
  ],
  [
    {
      "day": 22,
      "month": 4,
      "year": 1951,
    },
  ],
  [
    {
      "day": 15,
      "month": 5,
      "year": 1951,
    },
  ],
  [
    {
      "day": 16,
      "month": 5,
      "year": 1951,
    },
  ],
  [
    {
      "day": 20,
      "month": 5,
      "year": 1951,
    },
  ],
  [
    {
      "day": 24,
      "month": 5,
      "year": 1951,
    },
  ],
  [
    {
      "day": 24,
      "month": 5,
      "year": 1951,
    },
  ],
  [
    {
      "day": 26,
      "month": 5,
      "year": 1951,
    },
  ],
  [
    {
      "day": 2,
      "month": 7,
      "year": 1951,
    },
  ],
  [
    {
      "day": 9,
      "month": 9,
      "year": 1951,
    },
  ],
  [
    {
      "day": 13,
      "month": 9,
      "year": 1951,
    },
  ],
  [
    {
      "day": 17,
      "month": 10,
      "year": 1951,
    },
  ],
  [
    {
      "day": 23,
      "month": 10,
      "year": 1951,
    },
    {
      "day": 1,
      "month": 11,
      "year": 1951,
    },
  ],
  [
    {
      "day": 26,
      "month": 11,
      "year": 1951,
    },
  ],
  [
    {
      "day": undefined,
      "month": 11,
      "year": 1951,
    },
    {
      "day": undefined,
      "month": 5,
      "year": 1952,
    },
  ],
  [
    {
      "day": undefined,
      "month": 12,
      "year": 1951,
    },
  ],
  [
    {
      "day": 12,
      "month": 12,
      "year": 1951,
    },
  ],
  [
    {
      "day": 13,
      "month": 12,
      "year": 1951,
    },
  ],
  [
    {
      "day": 15,
      "month": 12,
      "year": 1951,
    },
  ],
  [
    {
      "day": 15,
      "month": 12,
      "year": 1951,
    },
    {
      "day": 23,
      "month": 12,
      "year": 1951,
    },
  ],
  [
    {
      "day": 17,
      "month": 12,
      "year": 1951,
    },
  ],
  [
    {
      "day": 1,
      "month": 1,
      "year": 1952,
    },
  ],
  [
    {
      "day": 1,
      "month": 2,
      "year": 1952,
    },
  ],
  [
    {
      "day": 6,
      "month": 4,
      "year": 1952,
    },
  ],
  [
    {
      "day": 8,
      "month": 4,
      "year": 1952,
    },
  ],
  [
    {
      "day": 6,
      "month": 6,
      "year": 1952,
    },
  ],
  [
    {
      "day": 14,
      "month": 6,
      "year": 1952,
    },
  ],
  [
    {
      "day": 10,
      "month": 7,
      "year": 1952,
    },
  ],
  [
    {
      "day": 5,
      "month": 9,
      "year": 1952,
    },
  ],
  [
    {
      "day": 8,
      "month": 10,
      "year": 1952,
    },
  ],
  [
    {
      "day": 15,
      "month": 10,
      "year": 1952,
    },
  ],
  [
    {
      "day": 19,
      "month": 10,
      "year": 1952,
    },
  ],
  [
    {
      "day": 24,
      "month": 10,
      "year": 1952,
    },
  ],
  [
    {
      "day": 20,
      "month": 12,
      "year": 1952,
    },
  ],
  [
    {
      "day": 28,
      "month": 12,
      "year": 1952,
    },
  ],
  [
    {
      "day": undefined,
      "month": 12,
      "year": 1952,
    },
  ],
  [
    {
      "day": 5,
      "month": 1,
      "year": 1953,
    },
  ],
  [
    {
      "day": 13,
      "month": 1,
      "year": 1953,
    },
  ],
  [
    {
      "day": 7,
      "month": 2,
      "year": 1953,
    },
  ],
  [
    {
      "day": 16,
      "month": 3,
      "year": 1953,
    },
  ],
  [
    {
      "day": 19,
      "month": 3,
      "year": 1953,
    },
  ],
  [
    {
      "day": 24,
      "month": 3,
      "year": 1953,
    },
  ],
  [
    {
      "day": 30,
      "month": 6,
      "year": 1953,
    },
  ],
  [
    {
      "day": undefined,
      "month": 7,
      "year": 1953,
    },
  ],
  [
    {
      "day": 22,
      "month": 7,
      "year": 1953,
    },
  ],
  [
    {
      "day": 29,
      "month": 7,
      "year": 1953,
    },
  ],
  [
    {
      "day": 7,
      "month": 9,
      "year": 1953,
    },
  ],
  [
    {
      "day": 2,
      "month": 10,
      "year": 1953,
    },
  ],
  [
    {
      "day": 15,
      "month": 10,
      "year": 1953,
    },
    {
      "day": 4,
      "month": 11,
      "year": 1953,
    },
  ],
  [
    {
      "day": 16,
      "month": 10,
      "year": 1953,
    },
  ],
  [
    {
      "day": 18,
      "month": 10,
      "year": 1953,
    },
  ],
  [
    {
      "day": 4,
      "month": 12,
      "year": 1953,
    },
  ],
  [
    {
      "day": undefined,
      "month": 12,
      "year": 1953,
    },
  ],
  [
    {
      "day": 7,
      "month": 1,
      "year": 1954,
    },
  ],
  [
    {
      "day": 15,
      "month": 1,
      "year": 1954,
    },
  ],
  [
    {
      "day": 29,
      "month": 4,
      "year": 1954,
    },
  ],
  [
    {
      "day": 14,
      "month": 6,
      "year": 1954,
    },
  ],
  [
    {
      "day": 7,
      "month": 7,
      "year": 1954,
    },
  ],
  [
    {
      "day": 24,
      "month": 8,
      "year": 1954,
    },
  ],
  [
    {
      "day": 14,
      "month": 9,
      "year": 1954,
    },
  ],
  [
    {
      "day": 15,
      "month": 9,
      "year": 1954,
    },
  ],
  [
    {
      "day": 16,
      "month": 10,
      "year": 1954,
    },
  ],
  [
    {
      "day": 18,
      "month": 10,
      "year": 1954,
    },
  ],
  [
    {
      "day": undefined,
      "month": 10,
      "year": 1954,
    },
  ],
  [
    {
      "day": 11,
      "month": 12,
      "year": 1954,
    },
  ],
  [
    {
      "day": 19,
      "month": 12,
      "year": 1954,
    },
  ],
  [
    {
      "day": undefined,
      "month": 3,
      "year": 1955,
    },
  ],
  [
    {
      "day": 26,
      "month": 5,
      "year": 1955,
    },
  ],
  [
    {
      "day": 28,
      "month": 5,
      "year": 1955,
    },
  ],
  [
    {
      "day": 31,
      "month": 7,
      "year": 1955,
    },
  ],
  [
    {
      "day": 7,
      "month": 9,
      "year": 1955,
    },
  ],
  [
    {
      "day": undefined,
      "month": 9,
      "year": 1955,
    },
    {
      "day": undefined,
      "month": 12,
      "year": 1955,
    },
  ],
  [
    {
      "day": 11,
      "month": 10,
      "year": 1955,
    },
  ],
  [
    {
      "day": 15,
      "month": 10,
      "year": 1955,
    },
  ],
  [
    {
      "day": 27,
      "month": 10,
      "year": 1955,
    },
  ],
  [
    {
      "day": 29,
      "month": 10,
      "year": 1955,
    },
  ],
  [
    {
      "day": 1,
      "month": 11,
      "year": 1955,
    },
  ],
  [
    {
      "day": 21,
      "month": 12,
      "year": 1955,
    },
  ],
  [
    {
      "day": 21,
      "month": 12,
      "year": 1955,
    },
  ],
]
`;
