// Vitest Snapshot v1

exports[`xuanji1 > title & dates 1`] = `
[
  "中国社会各阶级的分析",
  "湖南农民运动考察报告",
  "中国的红色政权为什么能够存在？",
  "井冈山的斗争",
  "关于纠正党内的错误思想",
  "星星之火，可以燎原",
  "必须注意经济工作",
  "怎样分析农村阶级",
  "我们的经济政策",
  "关心群众生活，注意工作方法",
  "论反对日本帝国主义的策略",
  "中国革命战争的战略问题",
  "关于蒋介石声明的声明",
  "中国共产党在抗日时期的任务",
  "为争取千百万群众进入抗日民族统一战线而斗争",
  "实践论",
  "矛盾论",
]
`;

exports[`xuanji1 > title & dates 2`] = `
[
  [
    {
      "day": 1,
      "month": 12,
      "year": 1925,
    },
  ],
  [
    {
      "day": undefined,
      "month": 3,
      "year": 1927,
    },
  ],
  [
    {
      "day": 5,
      "month": 10,
      "year": 1928,
    },
  ],
  [
    {
      "day": 25,
      "month": 11,
      "year": 1928,
    },
  ],
  [
    {
      "day": undefined,
      "month": 12,
      "year": 1929,
    },
  ],
  [
    {
      "day": 5,
      "month": 1,
      "year": 1930,
    },
  ],
  [
    {
      "day": 12,
      "month": 8,
      "year": 1933,
    },
  ],
  [
    {
      "day": undefined,
      "month": 10,
      "year": 1933,
    },
  ],
  [
    {
      "day": undefined,
      "month": 1,
      "year": 1934,
    },
  ],
  [
    {
      "day": 27,
      "month": 1,
      "year": 1934,
    },
  ],
  [
    {
      "day": 27,
      "month": 12,
      "year": 1935,
    },
  ],
  [
    {
      "day": undefined,
      "month": 12,
      "year": 1936,
    },
  ],
  [
    {
      "day": 28,
      "month": 12,
      "year": 1936,
    },
  ],
  [
    {
      "day": 3,
      "month": 5,
      "year": 1937,
    },
  ],
  [
    {
      "day": 8,
      "month": 5,
      "year": 1937,
    },
  ],
  [
    {
      "day": undefined,
      "month": 7,
      "year": 1937,
    },
  ],
  [
    {
      "day": undefined,
      "month": 8,
      "year": 1937,
    },
  ],
]
`;
